<html>
<body>
<pre>
<h1>µVision Build Log</h1>
<h2>Tool Versions:</h2>
IDE-Version: µVision V5.20.0.0
Copyright (C) 2016 ARM Ltd and ARM Germany GmbH. All rights reserved.
License Information: serhiy Àäìèíèñòðàòîð,  , LIC=V859U-S8GRN-05ZTY-I0FHN-66JJA-CGQDK
 
Tool Versions:
Toolchain:       MDK-ARM Professional  Version: 5.20
Toolchain Path:  d:\Keil_v5\ARM\ARMCC\Bin
C Compiler:      Armcc.exe V5.06 update 2 (build 183)
Assembler:       Armasm.exe V5.06 update 2 (build 183)
Linker/Locator:  ArmLink.exe V5.06 update 2 (build 183)
Library Manager: ArmAr.exe V5.06 update 2 (build 183)
Hex Converter:   FromElf.exe V5.06 update 2 (build 183)
CPU DLL:         SARMCM3.DLL V5.20
Dialog DLL:      DCM.DLL V1.13.7.0
Target DLL:      STLink\ST-LINKIII-KEIL_SWO.dll V2.0.18.0
Dialog DLL:      TCM.DLL V1.14.9.0
 
<h2>Project:</h2>
G:\My_proj\stm32_tft\radioBridge.uvprojx
Project File Date:  07/21/2017

<h2>Output:</h2>
*** Using Compiler 'V5.06 update 2 (build 183)', folder: 'd:\Keil_v5\ARM\ARMCC\Bin'
Rebuild target 'rfBridge'
compiling timertest.c...
compiling main.c...
compiling ui.c...
compiling croutine.c...
compiling list.c...
compiling event_groups.c...
compiling port.c...
compiling queue.c...
compiling tasks.c...
compiling keys.c...
compiling timers.c...
compiling heap_2.c...
compiling glcdfont.c...
Adafruit_GFX_Library\glcdfont.c(6): warning:  #177-D: variable "font" was declared but never referenced
  static const unsigned char font[] = {
Adafruit_GFX_Library\glcdfont.c: 1 warning, 0 errors
assembling startup_stm32f10x_md.s...
compiling Adafruit_GFX.c...
compiling tft_lcd.c...
src\tft_lcd.c(80): warning:  #174-D: expression has no effect
  		__nop;
src\tft_lcd.c(81): warning:  #174-D: expression has no effect
  		__nop;
src\tft_lcd.c(82): warning:  #174-D: expression has no effect
  		__nop;
src\tft_lcd.c(83): warning:  #174-D: expression has no effect
  		__nop;
src\tft_lcd.c(84): warning:  #174-D: expression has no effect
  		__nop;
src\tft_lcd.c(229): warning:  #177-D: variable "lo" was declared but never referenced
      uint8_t lo;
src\tft_lcd.c(259): warning:  #177-D: variable "GS" was declared but never referenced
  		uint16_t GS, SS, ORG, REV;// = _lcd_rev;
src\tft_lcd.c(259): warning:  #177-D: variable "SS" was declared but never referenced
  		uint16_t GS, SS, ORG, REV;// = _lcd_rev;
src\tft_lcd.c(259): warning:  #177-D: variable "ORG" was declared but never referenced
  		uint16_t GS, SS, ORG, REV;// = _lcd_rev;
src\tft_lcd.c(259): warning:  #177-D: variable "REV" was declared but never referenced
  		uint16_t GS, SS, ORG, REV;// = _lcd_rev;
src\tft_lcd.c(260): warning:  #177-D: variable "val" was declared but never referenced
      uint8_t val, d[3];
src\tft_lcd.c(260): warning:  #177-D: variable "d" was declared but never referenced
      uint8_t val, d[3];
src\tft_lcd.c(531): warning:  #1-D: last line of file ends without a newline
  }
src\tft_lcd.c(491): warning:  #550-D: variable "id" was set but never used
  	u16 id;
src\tft_lcd.c(202): warning:  #177-D: function "WriteCmdParam4" was declared but never referenced
  static void WriteCmdParam4(uint8_t cmd, uint8_t d1, uint8_t d2, uint8_t d3, uint8_t d4)
src\tft_lcd.c: 15 warnings, 0 errors
compiling system_stm32f10x.c...
compiling misc.c...
compiling stm32f10x_dma.c...
compiling stm32f10x_gpio.c...
compiling stm32f10x_rcc.c...
compiling stm32f10x_spi.c...
compiling stm32f10x_tim.c...
compiling stm32f10x_usart.c...
compiling GPIO_STM32F10x.c...
linking...
Program Size: Code=9732 RO-data=1700 RW-data=324 ZI-data=12292  
".\Objects\radioBridge.axf" - 0 Error(s), 16 Warning(s).

<h2>Software Packages used:</h2>

Package Vendor: ARM
                http://www.keil.com/pack/ARM.CMSIS.5.0.0-Beta4.pack
                ARM::CMSIS:CORE:5.0.0
                CMSIS (Cortex Microcontroller Software Interface Standard)
   * Component: CORE Version: 5.0.0

Package Vendor: Keil
                http://www.keil.com/pack/Keil.STM32F1xx_DFP.2.1.0.pack
                Keil::Device:StdPeriph Drivers:Framework:3.5.1
                STMicroelectronics STM32F1 Series Device Support, Drivers and Examples
   * Component: Framework Version: 3.5.1
   * Component: DMA Version: 3.5.0
   * Component: Startup Version: 1.0.0
   * Component: RCC Version: 3.5.0
   * Component: TIM Version: 3.5.0
   * Component: USART Version: 3.5.0
   * Component: GPIO Version: 3.5.0
   * Component: SPI Version: 3.5.0
   * Component: GPIO Version: 1.2

<h2>Collection of Component include folders:</h2>
  G:\My_proj\stm32_tft\RTE
  G:\My_proj\stm32_tft\RTE\Device\STM32F103C8
  d:\Keil_v5\ARM\PACK\ARM\CMSIS\5.0.0-Beta4\CMSIS\Include
  d:\Keil_v5\ARM\PACK\Keil\STM32F1xx_DFP\2.1.0\Device\Include
  d:\Keil_v5\ARM\PACK\Keil\STM32F1xx_DFP\2.1.0\Device\StdPeriph_Driver\inc
  d:\Keil_v5\ARM\PACK\Keil\STM32F1xx_DFP\2.1.0\RTE_Driver

<h2>Collection of Component Files used:</h2>

   * Component: ARM::CMSIS:CORE:5.0.0

   * Component: Keil::Device:StdPeriph Drivers:Framework:3.5.1
      Source file:   Device\StdPeriph_Driver\src\misc.c
      Include file:  Device\StdPeriph_Driver\inc\misc.h
      Source file:   Device\StdPeriph_Driver\templates\stm32f10x_conf.h
      Include file:  Device\StdPeriph_Driver\templates\stm32f10x_it.h
      Source file:   Device\StdPeriph_Driver\templates\stm32f10x_it.c

   * Component: Keil::Device:StdPeriph Drivers:DMA:3.5.0
      Source file:   Device\StdPeriph_Driver\src\stm32f10x_dma.c
      Include file:  Device\StdPeriph_Driver\inc\stm32f10x_dma.h

   * Component: Keil::Device:Startup:1.0.0
      Source file:   Device\Source\system_stm32f10x.c
      Include file:  RTE_Driver\Config\RTE_Device.h
      Source file:   Device\Source\ARM\STM32F1xx_OPT.s
      Source file:   Device\Source\ARM\startup_stm32f10x_md.s

   * Component: Keil::Device:StdPeriph Drivers:RCC:3.5.0
      Source file:   Device\StdPeriph_Driver\src\stm32f10x_rcc.c
      Include file:  Device\StdPeriph_Driver\inc\stm32f10x_rcc.h

   * Component: Keil::Device:StdPeriph Drivers:TIM:3.5.0
      Include file:  Device\StdPeriph_Driver\inc\stm32f10x_tim.h
      Source file:   Device\StdPeriph_Driver\src\stm32f10x_tim.c

   * Component: Keil::Device:StdPeriph Drivers:USART:3.5.0
      Include file:  Device\StdPeriph_Driver\inc\stm32f10x_usart.h
      Source file:   Device\StdPeriph_Driver\src\stm32f10x_usart.c

   * Component: Keil::Device:StdPeriph Drivers:GPIO:3.5.0
      Include file:  Device\StdPeriph_Driver\inc\stm32f10x_gpio.h
      Source file:   Device\StdPeriph_Driver\src\stm32f10x_gpio.c

   * Component: Keil::Device:StdPeriph Drivers:SPI:3.5.0
      Include file:  Device\StdPeriph_Driver\inc\stm32f10x_spi.h
      Source file:   Device\StdPeriph_Driver\src\stm32f10x_spi.c

   * Component: Keil::Device:GPIO:1.2
      Source file:   RTE_Driver\GPIO_STM32F10x.c
      Include file:  RTE_Driver\GPIO_STM32F10x.h
Build Time Elapsed:  00:00:06
</pre>
</body>
</html>
