Component: ARM Compiler 5.06 update 2 (build 183) Tool: armlink [4d35b7]

==============================================================================

Section Cross References

    main.o(i.main) refers to main.o(i.prvSetupSysClock) for prvSetupSysClock
    main.o(i.main) refers to tasks.o(i.xTaskCreate) for xTaskCreate
    main.o(i.main) refers to tasks.o(i.vTaskStartScheduler) for vTaskStartScheduler
    main.o(i.main) refers to main.o(.data) for xKeyTaskHandle
    main.o(i.main) refers to ui.o(i.vKeysTask) for vKeysTask
    main.o(i.main) refers to ui.o(i.vLCDTask) for vLCDTask
    main.o(i.prvSetupSysClock) refers to stm32f10x_rcc.o(i.RCC_DeInit) for RCC_DeInit
    main.o(i.prvSetupSysClock) refers to stm32f10x_rcc.o(i.RCC_HSEConfig) for RCC_HSEConfig
    main.o(i.prvSetupSysClock) refers to stm32f10x_rcc.o(i.RCC_GetFlagStatus) for RCC_GetFlagStatus
    main.o(i.prvSetupSysClock) refers to stm32f10x_rcc.o(i.RCC_HCLKConfig) for RCC_HCLKConfig
    main.o(i.prvSetupSysClock) refers to stm32f10x_rcc.o(i.RCC_PCLK2Config) for RCC_PCLK2Config
    main.o(i.prvSetupSysClock) refers to stm32f10x_rcc.o(i.RCC_PCLK1Config) for RCC_PCLK1Config
    main.o(i.prvSetupSysClock) refers to stm32f10x_rcc.o(i.RCC_PLLConfig) for RCC_PLLConfig
    main.o(i.prvSetupSysClock) refers to stm32f10x_rcc.o(i.RCC_PLLCmd) for RCC_PLLCmd
    main.o(i.prvSetupSysClock) refers to stm32f10x_rcc.o(i.RCC_SYSCLKConfig) for RCC_SYSCLKConfig
    main.o(i.prvSetupSysClock) refers to stm32f10x_rcc.o(i.RCC_GetSYSCLKSource) for RCC_GetSYSCLKSource
    main.o(i.prvSetupSysClock) refers to stm32f10x_rcc.o(i.RCC_APB2PeriphClockCmd) for RCC_APB2PeriphClockCmd
    main.o(i.prvSetupSysClock) refers to misc.o(i.SysTick_CLKSourceConfig) for SysTick_CLKSourceConfig
    timertest.o(i.vSetupTimerTest) refers to stm32f10x_rcc.o(i.RCC_APB1PeriphClockCmd) for RCC_APB1PeriphClockCmd
    timertest.o(i.vSetupTimerTest) refers to stm32f10x_tim.o(i.TIM_DeInit) for TIM_DeInit
    timertest.o(i.vSetupTimerTest) refers to stm32f10x_tim.o(i.TIM_TimeBaseStructInit) for TIM_TimeBaseStructInit
    timertest.o(i.vSetupTimerTest) refers to stm32f10x_tim.o(i.TIM_TimeBaseInit) for TIM_TimeBaseInit
    timertest.o(i.vSetupTimerTest) refers to stm32f10x_tim.o(i.TIM_ARRPreloadConfig) for TIM_ARRPreloadConfig
    timertest.o(i.vSetupTimerTest) refers to stm32f10x_tim.o(i.TIM_Cmd) for TIM_Cmd
    timertest.o(i.vTimer2IntHandler) refers to stm32f10x_tim.o(i.TIM_ClearITPendingBit) for TIM_ClearITPendingBit
    timertest.o(i.vTimer2IntHandler) refers to timertest.o(.data) for usSettleCount
    ui.o(i.KeyScan) refers to tasks.o(i.vTaskResume) for vTaskResume
    ui.o(i.KeyScan) refers to ui.o(.data) for KeyOutPins
    ui.o(i.KeyScan) refers to ui.o(.bss) for Key
    ui.o(i.KeyScan) refers to main.o(.data) for xKeyTaskHandle
    ui.o(i.prvConfigKeyboard) refers to stm32f10x_gpio.o(i.GPIO_DeInit) for GPIO_DeInit
    ui.o(i.prvConfigKeyboard) refers to stm32f10x_rcc.o(i.RCC_APB2PeriphClockCmd) for RCC_APB2PeriphClockCmd
    ui.o(i.prvConfigKeyboard) refers to stm32f10x_gpio.o(i.GPIO_Init) for GPIO_Init
    ui.o(i.prvConfigKeyboard) refers to gpio_stm32f10x.o(i.GPIO_AFConfigure) for GPIO_AFConfigure
    ui.o(i.prvConfigLed) refers to stm32f10x_rcc.o(i.RCC_APB2PeriphClockCmd) for RCC_APB2PeriphClockCmd
    ui.o(i.prvConfigLed) refers to stm32f10x_gpio.o(i.GPIO_Init) for GPIO_Init
    ui.o(i.prvConfigLed) refers to ui.o(i.LedOff) for LedOff
    ui.o(i.vKeysTask) refers to ui.o(i.prvConfigKeyboard) for prvConfigKeyboard
    ui.o(i.vKeysTask) refers to timers.o(i.xTimerCreate) for xTimerCreate
    ui.o(i.vKeysTask) refers to tasks.o(i.xTaskGetTickCount) for xTaskGetTickCount
    ui.o(i.vKeysTask) refers to timers.o(i.xTimerGenericCommand) for xTimerGenericCommand
    ui.o(i.vKeysTask) refers to tasks.o(i.vTaskSuspend) for vTaskSuspend
    ui.o(i.vKeysTask) refers to ui.o(i.KeyScan) for KeyScan
    ui.o(i.vKeysTask) refers to ui.o(.bss) for Key
    ui.o(i.vKeysTask) refers to ui.o(.data) for keyShortAction
    ui.o(i.vLCDTask) refers to ui.o(i.prvConfigLed) for prvConfigLed
    ui.o(i.vLCDTask) refers to ui.o(i.prvConfigureLCD) for prvConfigureLCD
    ui.o(.data) refers to ui.o(i.LedOn) for LedOn
    ui.o(.data) refers to ui.o(i.LedOff) for LedOff
    ui.o(.data) refers to ui.o(i.LedToggle) for LedToggle
    event_groups.o(i.vEventGroupClearBitsCallback) refers to event_groups.o(i.xEventGroupClearBits) for xEventGroupClearBits
    event_groups.o(i.vEventGroupDelete) refers to tasks.o(i.vTaskSuspendAll) for vTaskSuspendAll
    event_groups.o(i.vEventGroupDelete) refers to tasks.o(i.xTaskRemoveFromUnorderedEventList) for xTaskRemoveFromUnorderedEventList
    event_groups.o(i.vEventGroupDelete) refers to heap_2.o(i.vPortFree) for vPortFree
    event_groups.o(i.vEventGroupDelete) refers to tasks.o(i.xTaskResumeAll) for xTaskResumeAll
    event_groups.o(i.vEventGroupSetBitsCallback) refers to event_groups.o(i.xEventGroupSetBits) for xEventGroupSetBits
[...]
    Removing stm32f10x_gpio.o(i.GPIO_ReadInputData), (8 bytes).
    Removing stm32f10x_gpio.o(i.GPIO_ReadInputDataBit), (18 bytes).
    Removing stm32f10x_gpio.o(i.GPIO_ReadOutputData), (8 bytes).
    Removing stm32f10x_gpio.o(i.GPIO_ReadOutputDataBit), (18 bytes).
    Removing stm32f10x_gpio.o(i.GPIO_ResetBits), (4 bytes).
    Removing stm32f10x_gpio.o(i.GPIO_SetBits), (4 bytes).
    Removing stm32f10x_gpio.o(i.GPIO_StructInit), (16 bytes).
    Removing stm32f10x_gpio.o(i.GPIO_Write), (4 bytes).
    Removing stm32f10x_gpio.o(i.GPIO_WriteBit), (10 bytes).
    Removing stm32f10x_rcc.o(.rev16_text), (4 bytes).
    Removing stm32f10x_rcc.o(.revsh_text), (4 bytes).
    Removing stm32f10x_rcc.o(.rrx_text), (6 bytes).
    Removing stm32f10x_rcc.o(i.RCC_ADCCLKConfig), (24 bytes).
    Removing stm32f10x_rcc.o(i.RCC_AHBPeriphClockCmd), (32 bytes).
    Removing stm32f10x_rcc.o(i.RCC_APB1PeriphClockCmd), (32 bytes).
    Removing stm32f10x_rcc.o(i.RCC_APB1PeriphResetCmd), (32 bytes).
    Removing stm32f10x_rcc.o(i.RCC_AdjustHSICalibrationValue), (24 bytes).
    Removing stm32f10x_rcc.o(i.RCC_BackupResetCmd), (12 bytes).
    Removing stm32f10x_rcc.o(i.RCC_ClearFlag), (20 bytes).
    Removing stm32f10x_rcc.o(i.RCC_ClearITPendingBit), (12 bytes).
    Removing stm32f10x_rcc.o(i.RCC_ClockSecuritySystemCmd), (12 bytes).
    Removing stm32f10x_rcc.o(i.RCC_GetClocksFreq), (212 bytes).
    Removing stm32f10x_rcc.o(i.RCC_GetITStatus), (24 bytes).
    Removing stm32f10x_rcc.o(i.RCC_HSICmd), (12 bytes).
    Removing stm32f10x_rcc.o(i.RCC_ITConfig), (32 bytes).
    Removing stm32f10x_rcc.o(i.RCC_LSEConfig), (52 bytes).
    Removing stm32f10x_rcc.o(i.RCC_LSICmd), (12 bytes).
    Removing stm32f10x_rcc.o(i.RCC_MCOConfig), (12 bytes).
    Removing stm32f10x_rcc.o(i.RCC_RTCCLKCmd), (12 bytes).
    Removing stm32f10x_rcc.o(i.RCC_RTCCLKConfig), (16 bytes).
    Removing stm32f10x_rcc.o(i.RCC_USBCLKConfig), (12 bytes).
    Removing stm32f10x_rcc.o(i.RCC_WaitForHSEStartUp), (56 bytes).
    Removing stm32f10x_rcc.o(.data), (20 bytes).
    Removing stm32f10x_spi.o(.rev16_text), (4 bytes).
    Removing stm32f10x_spi.o(.revsh_text), (4 bytes).
    Removing stm32f10x_spi.o(.rrx_text), (6 bytes).
    Removing stm32f10x_spi.o(i.I2S_Cmd), (24 bytes).
    Removing stm32f10x_spi.o(i.I2S_Init), (232 bytes).
    Removing stm32f10x_spi.o(i.I2S_StructInit), (20 bytes).
    Removing stm32f10x_spi.o(i.SPI_BiDirectionalLineConfig), (28 bytes).
    Removing stm32f10x_spi.o(i.SPI_CalculateCRC), (24 bytes).
    Removing stm32f10x_spi.o(i.SPI_Cmd), (24 bytes).
    Removing stm32f10x_spi.o(i.SPI_DataSizeConfig), (18 bytes).
    Removing stm32f10x_spi.o(i.SPI_GetCRC), (16 bytes).
    Removing stm32f10x_spi.o(i.SPI_GetCRCPolynomial), (6 bytes).
    Removing stm32f10x_spi.o(i.SPI_I2S_ClearFlag), (6 bytes).
    Removing stm32f10x_spi.o(i.SPI_I2S_ClearITPendingBit), (20 bytes).
    Removing stm32f10x_spi.o(i.SPI_I2S_DMACmd), (18 bytes).
    Removing stm32f10x_spi.o(i.SPI_I2S_DeInit), (88 bytes).
    Removing stm32f10x_spi.o(i.SPI_I2S_GetFlagStatus), (18 bytes).
    Removing stm32f10x_spi.o(i.SPI_I2S_GetITStatus), (52 bytes).
    Removing stm32f10x_spi.o(i.SPI_I2S_ITConfig), (32 bytes).
    Removing stm32f10x_spi.o(i.SPI_I2S_ReceiveData), (6 bytes).
    Removing stm32f10x_spi.o(i.SPI_I2S_SendData), (4 bytes).
    Removing stm32f10x_spi.o(i.SPI_Init), (60 bytes).
    Removing stm32f10x_spi.o(i.SPI_NSSInternalSoftwareConfig), (30 bytes).
    Removing stm32f10x_spi.o(i.SPI_SSOutputCmd), (24 bytes).
    Removing stm32f10x_spi.o(i.SPI_StructInit), (24 bytes).
    Removing stm32f10x_spi.o(i.SPI_TransmitCRC), (10 bytes).
    Removing stm32f10x_tim.o(.rev16_text), (4 bytes).
    Removing stm32f10x_tim.o(.revsh_text), (4 bytes).
    Removing stm32f10x_tim.o(.rrx_text), (6 bytes).
    Removing stm32f10x_tim.o(i.TI1_Config), (128 bytes).
    Removing stm32f10x_tim.o(i.TI2_Config), (152 bytes).
    Removing stm32f10x_tim.o(i.TI3_Config), (144 bytes).
    Removing stm32f10x_tim.o(i.TI4_Config), (152 bytes).
    Removing stm32f10x_tim.o(i.TIM_ARRPreloadConfig), (24 bytes).
    Removing stm32f10x_tim.o(i.TIM_BDTRConfig), (32 bytes).
    Removing stm32f10x_tim.o(i.TIM_BDTRStructInit), (18 bytes).
    Removing stm32f10x_tim.o(i.TIM_CCPreloadControl), (24 bytes).
    Removing stm32f10x_tim.o(i.TIM_CCxCmd), (30 bytes).
    Removing stm32f10x_tim.o(i.TIM_CCxNCmd), (30 bytes).
    Removing stm32f10x_tim.o(i.TIM_ClearFlag), (6 bytes).
    Removing stm32f10x_tim.o(i.TIM_ClearITPendingBit), (6 bytes).
    Removing stm32f10x_tim.o(i.TIM_ClearOC1Ref), (18 bytes).
    Removing stm32f10x_tim.o(i.TIM_ClearOC2Ref), (24 bytes).
    Removing stm32f10x_tim.o(i.TIM_ClearOC3Ref), (18 bytes).
    Removing stm32f10x_tim.o(i.TIM_ClearOC4Ref), (24 bytes).
    Removing stm32f10x_tim.o(i.TIM_Cmd), (24 bytes).
    Removing stm32f10x_tim.o(i.TIM_CounterModeConfig), (18 bytes).
    Removing stm32f10x_tim.o(i.TIM_CtrlPWMOutputs), (30 bytes).
    Removing stm32f10x_tim.o(i.TIM_DMACmd), (18 bytes).
    Removing stm32f10x_tim.o(i.TIM_DMAConfig), (10 bytes).
    Removing stm32f10x_tim.o(i.TIM_DeInit), (488 bytes).
    Removing stm32f10x_tim.o(i.TIM_ETRClockMode1Config), (54 bytes).
    Removing stm32f10x_tim.o(i.TIM_ETRClockMode2Config), (32 bytes).
    Removing stm32f10x_tim.o(i.TIM_ETRConfig), (28 bytes).
    Removing stm32f10x_tim.o(i.TIM_EncoderInterfaceConfig), (66 bytes).
    Removing stm32f10x_tim.o(i.TIM_ForcedOC1Config), (18 bytes).
    Removing stm32f10x_tim.o(i.TIM_ForcedOC2Config), (26 bytes).
    Removing stm32f10x_tim.o(i.TIM_ForcedOC3Config), (18 bytes).
    Removing stm32f10x_tim.o(i.TIM_ForcedOC4Config), (26 bytes).
    Removing stm32f10x_tim.o(i.TIM_GenerateEvent), (4 bytes).
    Removing stm32f10x_tim.o(i.TIM_GetCapture1), (6 bytes).
    Removing stm32f10x_tim.o(i.TIM_GetCapture2), (6 bytes).
    Removing stm32f10x_tim.o(i.TIM_GetCapture3), (6 bytes).
    Removing stm32f10x_tim.o(i.TIM_GetCapture4), (8 bytes).
    Removing stm32f10x_tim.o(i.TIM_GetCounter), (6 bytes).
    Removing stm32f10x_tim.o(i.TIM_GetFlagStatus), (18 bytes).
    Removing stm32f10x_tim.o(i.TIM_GetITStatus), (34 bytes).
    Removing stm32f10x_tim.o(i.TIM_GetPrescaler), (6 bytes).
    Removing stm32f10x_tim.o(i.TIM_ICInit), (172 bytes).
    Removing stm32f10x_tim.o(i.TIM_ICStructInit), (18 bytes).
    Removing stm32f10x_tim.o(i.TIM_ITConfig), (18 bytes).
    Removing stm32f10x_tim.o(i.TIM_ITRxExternalClockConfig), (24 bytes).
    Removing stm32f10x_tim.o(i.TIM_InternalClockConfig), (12 bytes).
    Removing stm32f10x_tim.o(i.TIM_OC1FastConfig), (18 bytes).
    Removing stm32f10x_tim.o(i.TIM_OC1Init), (152 bytes).
    Removing stm32f10x_tim.o(i.TIM_OC1NPolarityConfig), (18 bytes).
    Removing stm32f10x_tim.o(i.TIM_OC1PolarityConfig), (18 bytes).
    Removing stm32f10x_tim.o(i.TIM_OC1PreloadConfig), (18 bytes).
    Removing stm32f10x_tim.o(i.TIM_OC2FastConfig), (26 bytes).
    Removing stm32f10x_tim.o(i.TIM_OC2Init), (164 bytes).
    Removing stm32f10x_tim.o(i.TIM_OC2NPolarityConfig), (26 bytes).
    Removing stm32f10x_tim.o(i.TIM_OC2PolarityConfig), (26 bytes).
    Removing stm32f10x_tim.o(i.TIM_OC2PreloadConfig), (26 bytes).
    Removing stm32f10x_tim.o(i.TIM_OC3FastConfig), (18 bytes).
    Removing stm32f10x_tim.o(i.TIM_OC3Init), (160 bytes).
    Removing stm32f10x_tim.o(i.TIM_OC3NPolarityConfig), (26 bytes).
    Removing stm32f10x_tim.o(i.TIM_OC3PolarityConfig), (26 bytes).
    Removing stm32f10x_tim.o(i.TIM_OC3PreloadConfig), (18 bytes).
    Removing stm32f10x_tim.o(i.TIM_OC4FastConfig), (26 bytes).
    Removing stm32f10x_tim.o(i.TIM_OC4Init), (124 bytes).
    Removing stm32f10x_tim.o(i.TIM_OC4PolarityConfig), (26 bytes).
    Removing stm32f10x_tim.o(i.TIM_OC4PreloadConfig), (26 bytes).
    Removing stm32f10x_tim.o(i.TIM_OCStructInit), (20 bytes).
    Removing stm32f10x_tim.o(i.TIM_PWMIConfig), (124 bytes).
    Removing stm32f10x_tim.o(i.TIM_PrescalerConfig), (6 bytes).
    Removing stm32f10x_tim.o(i.TIM_SelectCCDMA), (24 bytes).
    Removing stm32f10x_tim.o(i.TIM_SelectCOM), (24 bytes).
    Removing stm32f10x_tim.o(i.TIM_SelectHallSensor), (24 bytes).
    Removing stm32f10x_tim.o(i.TIM_SelectInputTrigger), (18 bytes).
    Removing stm32f10x_tim.o(i.TIM_SelectMasterSlaveMode), (18 bytes).
    Removing stm32f10x_tim.o(i.TIM_SelectOCxM), (82 bytes).
    Removing stm32f10x_tim.o(i.TIM_SelectOnePulseMode), (18 bytes).
    Removing stm32f10x_tim.o(i.TIM_SelectOutputTrigger), (18 bytes).
    Removing stm32f10x_tim.o(i.TIM_SelectSlaveMode), (18 bytes).
    Removing stm32f10x_tim.o(i.TIM_SetAutoreload), (4 bytes).
    Removing stm32f10x_tim.o(i.TIM_SetClockDivision), (18 bytes).
    Removing stm32f10x_tim.o(i.TIM_SetCompare1), (4 bytes).
    Removing stm32f10x_tim.o(i.TIM_SetCompare2), (4 bytes).
    Removing stm32f10x_tim.o(i.TIM_SetCompare3), (4 bytes).
    Removing stm32f10x_tim.o(i.TIM_SetCompare4), (6 bytes).
    Removing stm32f10x_tim.o(i.TIM_SetCounter), (4 bytes).
    Removing stm32f10x_tim.o(i.TIM_SetIC1Prescaler), (18 bytes).
    Removing stm32f10x_tim.o(i.TIM_SetIC2Prescaler), (26 bytes).
    Removing stm32f10x_tim.o(i.TIM_SetIC3Prescaler), (18 bytes).
    Removing stm32f10x_tim.o(i.TIM_SetIC4Prescaler), (26 bytes).
    Removing stm32f10x_tim.o(i.TIM_TIxExternalClockConfig), (62 bytes).
    Removing stm32f10x_tim.o(i.TIM_TimeBaseInit), (164 bytes).
    Removing stm32f10x_tim.o(i.TIM_TimeBaseStructInit), (18 bytes).
    Removing stm32f10x_tim.o(i.TIM_UpdateDisableConfig), (24 bytes).
    Removing stm32f10x_tim.o(i.TIM_UpdateRequestConfig), (24 bytes).
    Removing stm32f10x_usart.o(.rev16_text), (4 bytes).
    Removing stm32f10x_usart.o(.revsh_text), (4 bytes).
    Removing stm32f10x_usart.o(.rrx_text), (6 bytes).
    Removing stm32f10x_usart.o(i.USART_ClearFlag), (18 bytes).
    Removing stm32f10x_usart.o(i.USART_ClearITPendingBit), (30 bytes).
    Removing stm32f10x_usart.o(i.USART_ClockInit), (34 bytes).
    Removing stm32f10x_usart.o(i.USART_ClockStructInit), (12 bytes).
    Removing stm32f10x_usart.o(i.USART_Cmd), (24 bytes).
    Removing stm32f10x_usart.o(i.USART_DMACmd), (18 bytes).
    Removing stm32f10x_usart.o(i.USART_DeInit), (156 bytes).
    Removing stm32f10x_usart.o(i.USART_GetFlagStatus), (26 bytes).
    Removing stm32f10x_usart.o(i.USART_GetITStatus), (84 bytes).
    Removing stm32f10x_usart.o(i.USART_HalfDuplexCmd), (24 bytes).
    Removing stm32f10x_usart.o(i.USART_ITConfig), (74 bytes).
    Removing stm32f10x_usart.o(i.USART_Init), (216 bytes).
    Removing stm32f10x_usart.o(i.USART_IrDACmd), (24 bytes).
    Removing stm32f10x_usart.o(i.USART_IrDAConfig), (18 bytes).
    Removing stm32f10x_usart.o(i.USART_LINBreakDetectLengthConfig), (18 bytes).
    Removing stm32f10x_usart.o(i.USART_LINCmd), (24 bytes).
    Removing stm32f10x_usart.o(i.USART_OneBitMethodCmd), (24 bytes).
    Removing stm32f10x_usart.o(i.USART_OverSampling8Cmd), (22 bytes).
    Removing stm32f10x_usart.o(i.USART_ReceiveData), (10 bytes).
    Removing stm32f10x_usart.o(i.USART_ReceiverWakeUpCmd), (24 bytes).
    Removing stm32f10x_usart.o(i.USART_SendBreak), (10 bytes).
    Removing stm32f10x_usart.o(i.USART_SendData), (8 bytes).
    Removing stm32f10x_usart.o(i.USART_SetAddress), (18 bytes).
    Removing stm32f10x_usart.o(i.USART_SetGuardTime), (16 bytes).
    Removing stm32f10x_usart.o(i.USART_SetPrescaler), (16 bytes).
    Removing stm32f10x_usart.o(i.USART_SmartCardCmd), (24 bytes).
    Removing stm32f10x_usart.o(i.USART_SmartCardNACKCmd), (24 bytes).
    Removing stm32f10x_usart.o(i.USART_StructInit), (24 bytes).
    Removing stm32f10x_usart.o(i.USART_WakeUpConfig), (18 bytes).
    Removing gpio_stm32f10x.o(.rev16_text), (4 bytes).
    Removing gpio_stm32f10x.o(.revsh_text), (4 bytes).
    Removing gpio_stm32f10x.o(.rrx_text), (6 bytes).
    Removing gpio_stm32f10x.o(i.GPIO_GetPortClockState), (152 bytes).
    Removing gpio_stm32f10x.o(i.GPIO_PinConfigure), (120 bytes).
    Removing gpio_stm32f10x.o(i.GPIO_PortClock), (316 bytes).

330 unused section(s) (total 12844 bytes) removed from the image.

==============================================================================

Image Symbol Table

    Local Symbols

    Symbol Name                              Value     Ov Type        Size  Object(Section)

    ../clib/angel/boardlib.s                 0x00000000   Number         0  boardinit3.o ABSOLUTE
    ../clib/angel/boardlib.s                 0x00000000   Number         0  boardshut.o ABSOLUTE
    ../clib/angel/boardlib.s                 0x00000000   Number         0  boardinit1.o ABSOLUTE
    ../clib/angel/boardlib.s                 0x00000000   Number         0  boardinit2.o ABSOLUTE
    ../clib/angel/dczerorl2.s                0x00000000   Number         0  __dczerorl2.o ABSOLUTE
    ../clib/angel/handlers.s                 0x00000000   Number         0  __scatter_zi.o ABSOLUTE
    ../clib/angel/kernel.s                   0x00000000   Number         0  __rtentry.o ABSOLUTE
    ../clib/angel/kernel.s                   0x00000000   Number         0  rtexit.o ABSOLUTE
    ../clib/angel/kernel.s                   0x00000000   Number         0  __rtentry4.o ABSOLUTE
    ../clib/angel/kernel.s                   0x00000000   Number         0  __rtentry2.o ABSOLUTE
    ../clib/angel/kernel.s                   0x00000000   Number         0  rtexit2.o ABSOLUTE
    ../clib/angel/rt.s                       0x00000000   Number         0  rt_raise.o ABSOLUTE
    ../clib/angel/scatter.s                  0x00000000   Number         0  __scatter.o ABSOLUTE
    ../clib/angel/startup.s                  0x00000000   Number         0  __main.o ABSOLUTE
    ../clib/angel/sys.s                      0x00000000   Number         0  use_no_semi.o ABSOLUTE
    ../clib/angel/sys.s                      0x00000000   Number         0  indicate_semi.o ABSOLUTE
    ../clib/angel/sys.s                      0x00000000   Number         0  sys_stackheap_outer.o ABSOLUTE
    ../clib/angel/sys.s                      0x00000000   Number         0  libspace.o ABSOLUTE
    ../clib/angel/sysapp.c                   0x00000000   Number         0  sys_exit.o ABSOLUTE
    ../clib/angel/sysapp.c                   0x00000000   Number         0  sys_command.o ABSOLUTE
    ../clib/angel/sysapp.c                   0x00000000   Number         0  sys_wrch.o ABSOLUTE
    ../clib/armsys.c                         0x00000000   Number         0  argv_veneer.o ABSOLUTE
    ../clib/armsys.c                         0x00000000   Number         0  argv_veneer.o ABSOLUTE
    ../clib/armsys.c                         0x00000000   Number         0  _get_argv_nomalloc.o ABSOLUTE
    ../clib/armsys.c                         0x00000000   Number         0  no_argv.o ABSOLUTE
    ../clib/heapalloc.c                      0x00000000   Number         0  hrguard.o ABSOLUTE
    ../clib/heapaux.c                        0x00000000   Number         0  heapauxi.o ABSOLUTE
    ../clib/libinit.s                        0x00000000   Number         0  libshutdown2.o ABSOLUTE
    ../clib/libinit.s                        0x00000000   Number         0  libinit.o ABSOLUTE
    ../clib/libinit.s                        0x00000000   Number         0  libshutdown.o ABSOLUTE
    ../clib/libinit.s                        0x00000000   Number         0  libinit2.o ABSOLUTE
    ../clib/memcpset.s                       0x00000000   Number         0  aeabi_memset.o ABSOLUTE
    ../clib/memcpset.s                       0x00000000   Number         0  rt_memclr_w.o ABSOLUTE
    ../clib/memcpset.s                       0x00000000   Number         0  rt_memcpy_w.o ABSOLUTE
    ../clib/memcpset.s                       0x00000000   Number         0  rt_memcpy_v6.o ABSOLUTE
    ../clib/memcpset.s                       0x00000000   Number         0  rt_memclr.o ABSOLUTE
    ../clib/signal.c                         0x00000000   Number         0  __raise.o ABSOLUTE
    ../clib/signal.c                         0x00000000   Number         0  defsig_other.o ABSOLUTE
    ../clib/signal.c                         0x00000000   Number         0  defsig_segv_inner.o ABSOLUTE
    ../clib/signal.c                         0x00000000   Number         0  defsig_rtmem_formal.o ABSOLUTE
    ../clib/signal.c                         0x00000000   Number         0  defsig_rtmem_outer.o ABSOLUTE
    ../clib/signal.c                         0x00000000   Number         0  defsig_general.o ABSOLUTE
    ../clib/signal.c                         0x00000000   Number         0  defsig_fpe_inner.o ABSOLUTE
    ../clib/signal.c                         0x00000000   Number         0  defsig_stak_inner.o ABSOLUTE
    ../clib/signal.c                         0x00000000   Number         0  defsig_pvfn_inner.o ABSOLUTE
    ../clib/signal.c                         0x00000000   Number         0  defsig_cppl_inner.o ABSOLUTE
    ../clib/signal.c                         0x00000000   Number         0  defsig_abrt_inner.o ABSOLUTE
    ../clib/signal.c                         0x00000000   Number         0  defsig_rtmem_inner.o ABSOLUTE
    ../clib/signal.c                         0x00000000   Number         0  defsig_exit.o ABSOLUTE
    ../clib/signal.c                         0x00000000   Number         0  defsig_rtred_inner.o ABSOLUTE
    ../clib/signal.s                         0x00000000   Number         0  defsig.o ABSOLUTE
    ../clib/stdlib.c                         0x00000000   Number         0  exit.o ABSOLUTE
    ../fplib/fpinit.s                        0x00000000   Number         0  fpinit.o ABSOLUTE
    RTE\Device\STM32F103C8\startup_stm32f10x_md.s 0x00000000   Number         0  startup_stm32f10x_md.o ABSOLUTE
    RTE\Device\STM32F103C8\system_stm32f10x.c 0x00000000   Number         0  system_stm32f10x.o ABSOLUTE
    RTE\\Device\\STM32F103C8\\system_stm32f10x.c 0x00000000   Number         0  system_stm32f10x.o ABSOLUTE
    d:\Keil_v5\ARM\PACK\Keil\STM32F1xx_DFP\2.1.0\Device\StdPeriph_Driver\src\misc.c 0x00000000   Number         0  misc.o ABSOLUTE
    d:\Keil_v5\ARM\PACK\Keil\STM32F1xx_DFP\2.1.0\Device\StdPeriph_Driver\src\stm32f10x_dma.c 0x00000000   Number         0  stm32f10x_dma.o ABSOLUTE
    d:\Keil_v5\ARM\PACK\Keil\STM32F1xx_DFP\2.1.0\Device\StdPeriph_Driver\src\stm32f10x_gpio.c 0x00000000   Number         0  stm32f10x_gpio.o ABSOLUTE
    d:\Keil_v5\ARM\PACK\Keil\STM32F1xx_DFP\2.1.0\Device\StdPeriph_Driver\src\stm32f10x_rcc.c 0x00000000   Number         0  stm32f10x_rcc.o ABSOLUTE
    d:\Keil_v5\ARM\PACK\Keil\STM32F1xx_DFP\2.1.0\Device\StdPeriph_Driver\src\stm32f10x_spi.c 0x00000000   Number         0  stm32f10x_spi.o ABSOLUTE
    d:\Keil_v5\ARM\PACK\Keil\STM32F1xx_DFP\2.1.0\Device\StdPeriph_Driver\src\stm32f10x_tim.c 0x00000000   Number         0  stm32f10x_tim.o ABSOLUTE
    d:\Keil_v5\ARM\PACK\Keil\STM32F1xx_DFP\2.1.0\Device\StdPeriph_Driver\src\stm32f10x_usart.c 0x00000000   Number         0  stm32f10x_usart.o ABSOLUTE
    d:\Keil_v5\ARM\PACK\Keil\STM32F1xx_DFP\2.1.0\RTE_Driver\GPIO_STM32F10x.c 0x00000000   Number         0  gpio_stm32f10x.o ABSOLUTE
    d:\\Keil_v5\\ARM\\PACK\\Keil\\STM32F1xx_DFP\\2.1.0\\Device\\StdPeriph_Driver\\src\\misc.c 0x00000000   Number         0  misc.o ABSOLUTE
    d:\\Keil_v5\\ARM\\PACK\\Keil\\STM32F1xx_DFP\\2.1.0\\Device\\StdPeriph_Driver\\src\\stm32f10x_dma.c 0x00000000   Number         0  stm32f10x_dma.o ABSOLUTE
    d:\\Keil_v5\\ARM\\PACK\\Keil\\STM32F1xx_DFP\\2.1.0\\Device\\StdPeriph_Driver\\src\\stm32f10x_gpio.c 0x00000000   Number         0  stm32f10x_gpio.o ABSOLUTE
    d:\\Keil_v5\\ARM\\PACK\\Keil\\STM32F1xx_DFP\\2.1.0\\Device\\StdPeriph_Driver\\src\\stm32f10x_rcc.c 0x00000000   Number         0  stm32f10x_rcc.o ABSOLUTE
    d:\\Keil_v5\\ARM\\PACK\\Keil\\STM32F1xx_DFP\\2.1.0\\Device\\StdPeriph_Driver\\src\\stm32f10x_spi.c 0x00000000   Number         0  stm32f10x_spi.o ABSOLUTE
    d:\\Keil_v5\\ARM\\PACK\\Keil\\STM32F1xx_DFP\\2.1.0\\Device\\StdPeriph_Driver\\src\\stm32f10x_tim.c 0x00000000   Number         0  stm32f10x_tim.o ABSOLUTE
    d:\\Keil_v5\\ARM\\PACK\\Keil\\STM32F1xx_DFP\\2.1.0\\Device\\StdPeriph_Driver\\src\\stm32f10x_usart.c 0x00000000   Number         0  stm32f10x_usart.o ABSOLUTE
    d:\\Keil_v5\\ARM\\PACK\\Keil\\STM32F1xx_DFP\\2.1.0\\RTE_Driver\\GPIO_STM32F10x.c 0x00000000   Number         0  gpio_stm32f10x.o ABSOLUTE
    dc.s                                     0x00000000   Number         0  dc.o ABSOLUTE
    freeRTOS\\croutine.c                     0x00000000   Number         0  croutine.o ABSOLUTE
    freeRTOS\\event_groups.c                 0x00000000   Number         0  event_groups.o ABSOLUTE
    freeRTOS\\heap_2.c                       0x00000000   Number         0  heap_2.o ABSOLUTE
    freeRTOS\\list.c                         0x00000000   Number         0  list.o ABSOLUTE
    freeRTOS\\port.c                         0x00000000   Number         0  port.o ABSOLUTE
    freeRTOS\\queue.c                        0x00000000   Number         0  queue.o ABSOLUTE
    freeRTOS\\tasks.c                        0x00000000   Number         0  tasks.o ABSOLUTE
    freeRTOS\\timers.c                       0x00000000   Number         0  timers.o ABSOLUTE
    freeRTOS\croutine.c                      0x00000000   Number         0  croutine.o ABSOLUTE
    freeRTOS\event_groups.c                  0x00000000   Number         0  event_groups.o ABSOLUTE
    freeRTOS\heap_2.c                        0x00000000   Number         0  heap_2.o ABSOLUTE
    freeRTOS\list.c                          0x00000000   Number         0  list.o ABSOLUTE
    freeRTOS\port.c                          0x00000000   Number         0  port.o ABSOLUTE
    freeRTOS\queue.c                         0x00000000   Number         0  queue.o ABSOLUTE
    freeRTOS\tasks.c                         0x00000000   Number         0  tasks.o ABSOLUTE
    freeRTOS\timers.c                        0x00000000   Number         0  timers.o ABSOLUTE
    src\\main.c                              0x00000000   Number         0  main.o ABSOLUTE
    src\\timertest.c                         0x00000000   Number         0  timertest.o ABSOLUTE
    src\\ui.c                                0x00000000   Number         0  ui.o ABSOLUTE
    src\keys.c                               0x00000000   Number         0  keys.o ABSOLUTE
    src\main.c                               0x00000000   Number         0  main.o ABSOLUTE
    src\timertest.c                          0x00000000   Number         0  timertest.o ABSOLUTE
    src\ui.c                                 0x00000000   Number         0  ui.o ABSOLUTE
    RESET                                    0x08000000   Section      236  startup_stm32f10x_md.o(RESET)
    !!!main                                  0x080000ec   Section        8  __main.o(!!!main)
    !!!scatter                               0x080000f4   Section       52  __scatter.o(!!!scatter)
    !!dczerorl2                              0x08000128   Section       90  __dczerorl2.o(!!dczerorl2)
    !!handler_zi                             0x08000184   Section       28  __scatter_zi.o(!!handler_zi)
    .ARM.Collect$$libinit$$00000000          0x080001a0   Section        2  libinit.o(.ARM.Collect$$libinit$$00000000)
    .ARM.Collect$$libinit$$00000002          0x080001a2   Section        0  libinit2.o(.ARM.Collect$$libinit$$00000002)
    .ARM.Collect$$libinit$$00000004          0x080001a2   Section        0  libinit2.o(.ARM.Collect$$libinit$$00000004)
    .ARM.Collect$$libinit$$0000000A          0x080001a2   Section        0  libinit2.o(.ARM.Collect$$libinit$$0000000A)
    .ARM.Collect$$libinit$$0000000C          0x080001a2   Section        0  libinit2.o(.ARM.Collect$$libinit$$0000000C)
    .ARM.Collect$$libinit$$0000000E          0x080001a2   Section        0  libinit2.o(.ARM.Collect$$libinit$$0000000E)
    .ARM.Collect$$libinit$$00000011          0x080001a2   Section        0  libinit2.o(.ARM.Collect$$libinit$$00000011)
    .ARM.Collect$$libinit$$00000013          0x080001a2   Section        0  libinit2.o(.ARM.Collect$$libinit$$00000013)
    .ARM.Collect$$libinit$$00000015          0x080001a2   Section        0  libinit2.o(.ARM.Collect$$libinit$$00000015)
    .ARM.Collect$$libinit$$00000017          0x080001a2   Section        0  libinit2.o(.ARM.Collect$$libinit$$00000017)
    .ARM.Collect$$libinit$$00000019          0x080001a2   Section        0  libinit2.o(.ARM.Collect$$libinit$$00000019)
    .ARM.Collect$$libinit$$0000001B          0x080001a2   Section        0  libinit2.o(.ARM.Collect$$libinit$$0000001B)
    .ARM.Collect$$libinit$$0000001D          0x080001a2   Section        0  libinit2.o(.ARM.Collect$$libinit$$0000001D)
    .ARM.Collect$$libinit$$0000001F          0x080001a2   Section        0  libinit2.o(.ARM.Collect$$libinit$$0000001F)
    .ARM.Collect$$libinit$$00000021          0x080001a2   Section        0  libinit2.o(.ARM.Collect$$libinit$$00000021)
    .ARM.Collect$$libinit$$00000023          0x080001a2   Section        0  libinit2.o(.ARM.Collect$$libinit$$00000023)
    .ARM.Collect$$libinit$$00000025          0x080001a2   Section        0  libinit2.o(.ARM.Collect$$libinit$$00000025)
    .ARM.Collect$$libinit$$0000002C          0x080001a2   Section        0  libinit2.o(.ARM.Collect$$libinit$$0000002C)
    .ARM.Collect$$libinit$$0000002E          0x080001a2   Section        0  libinit2.o(.ARM.Collect$$libinit$$0000002E)
    .ARM.Collect$$libinit$$00000030          0x080001a2   Section        0  libinit2.o(.ARM.Collect$$libinit$$00000030)
    .ARM.Collect$$libinit$$00000032          0x080001a2   Section        0  libinit2.o(.ARM.Collect$$libinit$$00000032)
    .ARM.Collect$$libinit$$00000033          0x080001a2   Section        2  libinit2.o(.ARM.Collect$$libinit$$00000033)
    .ARM.Collect$$libshutdown$$00000000      0x080001a4   Section        2  libshutdown.o(.ARM.Collect$$libshutdown$$00000000)
    .ARM.Collect$$libshutdown$$00000002      0x080001a6   Section        0  libshutdown2.o(.ARM.Collect$$libshutdown$$00000002)
    .ARM.Collect$$libshutdown$$00000004      0x080001a6   Section        0  libshutdown2.o(.ARM.Collect$$libshutdown$$00000004)
    .ARM.Collect$$libshutdown$$00000007      0x080001a6   Section        0  libshutdown2.o(.ARM.Collect$$libshutdown$$00000007)
    .ARM.Collect$$libshutdown$$0000000A      0x080001a6   Section        0  libshutdown2.o(.ARM.Collect$$libshutdown$$0000000A)
    .ARM.Collect$$libshutdown$$0000000C      0x080001a6   Section        0  libshutdown2.o(.ARM.Collect$$libshutdown$$0000000C)
    .ARM.Collect$$libshutdown$$0000000F      0x080001a6   Section        0  libshutdown2.o(.ARM.Collect$$libshutdown$$0000000F)
    .ARM.Collect$$libshutdown$$00000010      0x080001a6   Section        2  libshutdown2.o(.ARM.Collect$$libshutdown$$00000010)
    .ARM.Collect$$rtentry$$00000000          0x080001a8   Section        0  __rtentry.o(.ARM.Collect$$rtentry$$00000000)
    .ARM.Collect$$rtentry$$00000002          0x080001a8   Section        0  __rtentry2.o(.ARM.Collect$$rtentry$$00000002)
    .ARM.Collect$$rtentry$$00000004          0x080001a8   Section        6  __rtentry4.o(.ARM.Collect$$rtentry$$00000004)
    .ARM.Collect$$rtentry$$00000009          0x080001ae   Section        0  __rtentry2.o(.ARM.Collect$$rtentry$$00000009)
    .ARM.Collect$$rtentry$$0000000A          0x080001ae   Section        4  __rtentry2.o(.ARM.Collect$$rtentry$$0000000A)
    .ARM.Collect$$rtentry$$0000000C          0x080001b2   Section        0  __rtentry2.o(.ARM.Collect$$rtentry$$0000000C)
    .ARM.Collect$$rtentry$$0000000D          0x080001b2   Section        8  __rtentry2.o(.ARM.Collect$$rtentry$$0000000D)
    .ARM.Collect$$rtexit$$00000000           0x080001ba   Section        2  rtexit.o(.ARM.Collect$$rtexit$$00000000)
    .ARM.Collect$$rtexit$$00000002           0x080001bc   Section        0  rtexit2.o(.ARM.Collect$$rtexit$$00000002)
    .ARM.Collect$$rtexit$$00000003           0x080001bc   Section        4  rtexit2.o(.ARM.Collect$$rtexit$$00000003)
    .ARM.Collect$$rtexit$$00000004           0x080001c0   Section        6  rtexit2.o(.ARM.Collect$$rtexit$$00000004)
    .emb_text                                0x080001c8   Section      150  port.o(.emb_text)
    .text                                    0x08000260   Section       64  startup_stm32f10x_md.o(.text)
    .text                                    0x080002a0   Section      138  rt_memcpy_v6.o(.text)
    .text                                    0x0800032a   Section       16  aeabi_memset.o(.text)
    .text                                    0x0800033a   Section        0  heapauxi.o(.text)
    .text                                    0x08000340   Section      100  rt_memcpy_w.o(.text)
    .text                                    0x080003a4   Section       68  rt_memclr.o(.text)
    .text                                    0x080003e8   Section       78  rt_memclr_w.o(.text)
    .text                                    0x08000436   Section       74  sys_stackheap_outer.o(.text)
    .text                                    0x08000480   Section        0  exit.o(.text)
    .text                                    0x08000494   Section        8  libspace.o(.text)
    .text                                    0x0800049c   Section        0  sys_exit.o(.text)
    .text                                    0x080004a8   Section        2  use_no_semi.o(.text)
    .text                                    0x080004aa   Section        0  indicate_semi.o(.text)
    i.GPIO_AFConfigure                       0x080004ac   Section        0  gpio_stm32f10x.o(i.GPIO_AFConfigure)
    i.GPIO_DeInit                            0x08000504   Section        0  stm32f10x_gpio.o(i.GPIO_DeInit)
    i.GPIO_Init                              0x080005cc   Section        0  stm32f10x_gpio.o(i.GPIO_Init)
    i.KeyScan                                0x080006e4   Section        0  ui.o(i.KeyScan)
    KeyScan                                  0x080006e5   Thumb Code   198  ui.o(i.KeyScan)
    i.LedOff                                 0x080007c0   Section        0  ui.o(i.LedOff)
    i.LedOn                                  0x080007cc   Section        0  ui.o(i.LedOn)
    i.LedToggle                              0x080007d8   Section        0  ui.o(i.LedToggle)
    i.RCC_APB2PeriphClockCmd                 0x080007ec   Section        0  stm32f10x_rcc.o(i.RCC_APB2PeriphClockCmd)
    i.RCC_APB2PeriphResetCmd                 0x0800080c   Section        0  stm32f10x_rcc.o(i.RCC_APB2PeriphResetCmd)
    i.RCC_DeInit                             0x0800082c   Section        0  stm32f10x_rcc.o(i.RCC_DeInit)
    i.RCC_GetFlagStatus                      0x08000878   Section        0  stm32f10x_rcc.o(i.RCC_GetFlagStatus)
    i.RCC_GetSYSCLKSource                    0x080008b4   Section        0  stm32f10x_rcc.o(i.RCC_GetSYSCLKSource)
    i.RCC_HCLKConfig                         0x080008c4   Section        0  stm32f10x_rcc.o(i.RCC_HCLKConfig)
    i.RCC_HSEConfig                          0x080008dc   Section        0  stm32f10x_rcc.o(i.RCC_HSEConfig)
    i.RCC_PCLK1Config                        0x08000928   Section        0  stm32f10x_rcc.o(i.RCC_PCLK1Config)
    i.RCC_PCLK2Config                        0x08000940   Section        0  stm32f10x_rcc.o(i.RCC_PCLK2Config)
    i.RCC_PLLCmd                             0x08000958   Section        0  stm32f10x_rcc.o(i.RCC_PLLCmd)
    i.RCC_PLLConfig                          0x08000964   Section        0  stm32f10x_rcc.o(i.RCC_PLLConfig)
    i.RCC_SYSCLKConfig                       0x08000980   Section        0  stm32f10x_rcc.o(i.RCC_SYSCLKConfig)
    i.SetSysClock                            0x08000998   Section        0  system_stm32f10x.o(i.SetSysClock)
    SetSysClock                              0x08000999   Thumb Code     8  system_stm32f10x.o(i.SetSysClock)
    i.SetSysClockTo72                        0x080009a0   Section        0  system_stm32f10x.o(i.SetSysClockTo72)
    SetSysClockTo72                          0x080009a1   Thumb Code   214  system_stm32f10x.o(i.SetSysClockTo72)
    i.SysTick_CLKSourceConfig                0x08000a80   Section        0  misc.o(i.SysTick_CLKSourceConfig)
    i.SysTick_Handler                        0x08000aa8   Section        0  port.o(i.SysTick_Handler)
    i.SystemInit                             0x08000adc   Section        0  system_stm32f10x.o(i.SystemInit)
    i.main                                   0x08000b3c   Section        0  main.o(i.main)
    i.prvAddCurrentTaskToDelayedList         0x08000b8c   Section        0  tasks.o(i.prvAddCurrentTaskToDelayedList)
    prvAddCurrentTaskToDelayedList           0x08000b8d   Thumb Code   124  tasks.o(i.prvAddCurrentTaskToDelayedList)
    i.prvAddNewTaskToReadyList               0x08000c24   Section        0  tasks.o(i.prvAddNewTaskToReadyList)
    prvAddNewTaskToReadyList                 0x08000c25   Thumb Code   156  tasks.o(i.prvAddNewTaskToReadyList)
    i.prvCheckForValidListAndQueue           0x08000cdc   Section        0  timers.o(i.prvCheckForValidListAndQueue)
    prvCheckForValidListAndQueue             0x08000cdd   Thumb Code    72  timers.o(i.prvCheckForValidListAndQueue)
    i.prvCheckTasksWaitingTermination        0x08000d40   Section        0  tasks.o(i.prvCheckTasksWaitingTermination)
    prvCheckTasksWaitingTermination          0x08000d41   Thumb Code    86  tasks.o(i.prvCheckTasksWaitingTermination)
    i.prvConfigKeyboard                      0x08000da4   Section        0  ui.o(i.prvConfigKeyboard)
    prvConfigKeyboard                        0x08000da5   Thumb Code    90  ui.o(i.prvConfigKeyboard)
    i.prvConfigLed                           0x08000e04   Section        0  ui.o(i.prvConfigLed)
    prvConfigLed                             0x08000e05   Thumb Code    44  ui.o(i.prvConfigLed)
    i.prvConfigureLCD                        0x08000e34   Section        0  ui.o(i.prvConfigureLCD)
    i.prvCopyDataFromQueue                   0x08000e36   Section        0  queue.o(i.prvCopyDataFromQueue)
    prvCopyDataFromQueue                     0x08000e37   Thumb Code    42  queue.o(i.prvCopyDataFromQueue)
    i.prvCopyDataToQueue                     0x08000e60   Section        0  queue.o(i.prvCopyDataToQueue)
    prvCopyDataToQueue                       0x08000e61   Thumb Code   106  queue.o(i.prvCopyDataToQueue)
    i.prvDeleteTCB                           0x08000eca   Section        0  tasks.o(i.prvDeleteTCB)
    prvDeleteTCB                             0x08000ecb   Thumb Code    18  tasks.o(i.prvDeleteTCB)
    i.prvGetNextExpireTime                   0x08000edc   Section        0  timers.o(i.prvGetNextExpireTime)
    prvGetNextExpireTime                     0x08000edd   Thumb Code    36  timers.o(i.prvGetNextExpireTime)
    i.prvHeapInit                            0x08000f04   Section        0  heap_2.o(i.prvHeapInit)
    prvHeapInit                              0x08000f05   Thumb Code    42  heap_2.o(i.prvHeapInit)
    i.prvIdleTask                            0x08000f3c   Section        0  tasks.o(i.prvIdleTask)
    prvIdleTask                              0x08000f3d   Thumb Code    32  tasks.o(i.prvIdleTask)
    i.prvInitialiseNewQueue                  0x08000f64   Section        0  queue.o(i.prvInitialiseNewQueue)
    prvInitialiseNewQueue                    0x08000f65   Thumb Code    42  queue.o(i.prvInitialiseNewQueue)
    i.prvInitialiseNewTask                   0x08000f8e   Section        0  tasks.o(i.prvInitialiseNewTask)
    prvInitialiseNewTask                     0x08000f8f   Thumb Code   162  tasks.o(i.prvInitialiseNewTask)
    i.prvInitialiseNewTimer                  0x08001030   Section        0  timers.o(i.prvInitialiseNewTimer)
    prvInitialiseNewTimer                    0x08001031   Thumb Code    46  timers.o(i.prvInitialiseNewTimer)
    i.prvInitialiseTaskLists                 0x08001060   Section        0  tasks.o(i.prvInitialiseTaskLists)
    prvInitialiseTaskLists                   0x08001061   Thumb Code    70  tasks.o(i.prvInitialiseTaskLists)
    i.prvInsertTimerInActiveList             0x080010c8   Section        0  timers.o(i.prvInsertTimerInActiveList)
    prvInsertTimerInActiveList               0x080010c9   Thumb Code    80  timers.o(i.prvInsertTimerInActiveList)
    i.prvIsQueueEmpty                        0x08001120   Section        0  queue.o(i.prvIsQueueEmpty)
    prvIsQueueEmpty                          0x08001121   Thumb Code    26  queue.o(i.prvIsQueueEmpty)
    i.prvIsQueueFull                         0x0800113a   Section        0  queue.o(i.prvIsQueueFull)
    prvIsQueueFull                           0x0800113b   Thumb Code    30  queue.o(i.prvIsQueueFull)
    i.prvProcessExpiredTimer                 0x08001158   Section        0  timers.o(i.prvProcessExpiredTimer)
    prvProcessExpiredTimer                   0x08001159   Thumb Code    70  timers.o(i.prvProcessExpiredTimer)
    i.prvProcessReceivedCommands             0x080011a4   Section        0  timers.o(i.prvProcessReceivedCommands)
    prvProcessReceivedCommands               0x080011a5   Thumb Code   184  timers.o(i.prvProcessReceivedCommands)
    i.prvProcessTimerOrBlockTask             0x08001260   Section        0  timers.o(i.prvProcessTimerOrBlockTask)
    prvProcessTimerOrBlockTask               0x08001261   Thumb Code   102  timers.o(i.prvProcessTimerOrBlockTask)
    i.prvResetNextTaskUnblockTime            0x080012d4   Section        0  tasks.o(i.prvResetNextTaskUnblockTime)
    prvResetNextTaskUnblockTime              0x080012d5   Thumb Code    42  tasks.o(i.prvResetNextTaskUnblockTime)
    i.prvSampleTimeNow                       0x08001308   Section        0  timers.o(i.prvSampleTimeNow)
    prvSampleTimeNow                         0x08001309   Thumb Code    40  timers.o(i.prvSampleTimeNow)
    i.prvSetupSysClock                       0x08001334   Section        0  main.o(i.prvSetupSysClock)
    prvSetupSysClock                         0x08001335   Thumb Code   114  main.o(i.prvSetupSysClock)
    i.prvSwitchTimerLists                    0x080013ac   Section        0  timers.o(i.prvSwitchTimerLists)
    prvSwitchTimerLists                      0x080013ad   Thumb Code   122  timers.o(i.prvSwitchTimerLists)
    i.prvTaskExitError                       0x08001430   Section        0  port.o(i.prvTaskExitError)
    prvTaskExitError                         0x08001431   Thumb Code    22  port.o(i.prvTaskExitError)
    i.prvTaskIsTaskSuspended                 0x08001448   Section        0  tasks.o(i.prvTaskIsTaskSuspended)
    prvTaskIsTaskSuspended                   0x08001449   Thumb Code    56  tasks.o(i.prvTaskIsTaskSuspended)
    i.prvTimerTask                           0x08001488   Section        0  timers.o(i.prvTimerTask)
    prvTimerTask                             0x08001489   Thumb Code    26  timers.o(i.prvTimerTask)
    i.prvUnlockQueue                         0x080014a2   Section        0  queue.o(i.prvUnlockQueue)
    prvUnlockQueue                           0x080014a3   Thumb Code   126  queue.o(i.prvUnlockQueue)
    i.pvPortMalloc                           0x08001520   Section        0  heap_2.o(i.pvPortMalloc)
    i.pxPortInitialiseStack                  0x080015d8   Section        0  port.o(i.pxPortInitialiseStack)
    i.uxListRemove                           0x080015fc   Section        0  list.o(i.uxListRemove)
    i.vKeysTask                              0x08001624   Section        0  ui.o(i.vKeysTask)
    i.vLCDTask                               0x080016f4   Section        0  ui.o(i.vLCDTask)
    i.vListInitialise                        0x08001700   Section        0  list.o(i.vListInitialise)
    i.vListInitialiseItem                    0x0800171a   Section        0  list.o(i.vListInitialiseItem)
    i.vListInsert                            0x08001720   Section        0  list.o(i.vListInsert)
    i.vListInsertEnd                         0x08001754   Section        0  list.o(i.vListInsertEnd)
    i.vPortEnterCritical                     0x0800176c   Section        0  port.o(i.vPortEnterCritical)
    i.vPortExitCritical                      0x08001790   Section        0  port.o(i.vPortExitCritical)
    i.vPortFree                              0x080017b0   Section        0  heap_2.o(i.vPortFree)
    i.vPortSetupTimerInterrupt               0x080017f0   Section        0  port.o(i.vPortSetupTimerInterrupt)
    i.vQueueAddToRegistry                    0x08001804   Section        0  queue.o(i.vQueueAddToRegistry)
    i.vQueueWaitForMessageRestricted         0x08001830   Section        0  queue.o(i.vQueueWaitForMessageRestricted)
    i.vTaskMissedYield                       0x0800187c   Section        0  tasks.o(i.vTaskMissedYield)
    i.vTaskPlaceOnEventList                  0x08001888   Section        0  tasks.o(i.vTaskPlaceOnEventList)
    i.vTaskPlaceOnEventListRestricted        0x080018a8   Section        0  tasks.o(i.vTaskPlaceOnEventListRestricted)
    i.vTaskResume                            0x080018d0   Section        0  tasks.o(i.vTaskResume)
    i.vTaskSetTimeOutState                   0x08001948   Section        0  tasks.o(i.vTaskSetTimeOutState)
    i.vTaskStartScheduler                    0x08001960   Section        0  tasks.o(i.vTaskStartScheduler)
    i.vTaskSuspend                           0x080019d0   Section        0  tasks.o(i.vTaskSuspend)
    i.vTaskSuspendAll                        0x08001a8c   Section        0  tasks.o(i.vTaskSuspendAll)
    i.vTaskSwitchContext                     0x08001a9c   Section        0  tasks.o(i.vTaskSwitchContext)
    i.xPortStartScheduler                    0x08001afc   Section        0  port.o(i.xPortStartScheduler)
    i.xQueueGenericCreate                    0x08001b30   Section        0  queue.o(i.xQueueGenericCreate)
    i.xQueueGenericReceive                   0x08001b68   Section        0  queue.o(i.xQueueGenericReceive)
    i.xQueueGenericReset                     0x08001ca4   Section        0  queue.o(i.xQueueGenericReset)
    i.xQueueGenericSend                      0x08001d24   Section        0  queue.o(i.xQueueGenericSend)
    i.xQueueGenericSendFromISR               0x08001e3c   Section        0  queue.o(i.xQueueGenericSendFromISR)
    i.xTaskCheckForTimeOut                   0x08001ec4   Section        0  tasks.o(i.xTaskCheckForTimeOut)
    i.xTaskCreate                            0x08001f20   Section        0  tasks.o(i.xTaskCreate)
    i.xTaskGetSchedulerState                 0x08001f80   Section        0  tasks.o(i.xTaskGetSchedulerState)
    i.xTaskGetTickCount                      0x08001fa0   Section        0  tasks.o(i.xTaskGetTickCount)
    i.xTaskIncrementTick                     0x08001fac   Section        0  tasks.o(i.xTaskIncrementTick)
    i.xTaskRemoveFromEventList               0x080020c8   Section        0  tasks.o(i.xTaskRemoveFromEventList)
    i.xTaskResumeAll                         0x08002148   Section        0  tasks.o(i.xTaskResumeAll)
    i.xTimerCreate                           0x08002230   Section        0  timers.o(i.xTimerCreate)
    i.xTimerCreateTimerTask                  0x08002260   Section        0  timers.o(i.xTimerCreateTimerTask)
    i.xTimerGenericCommand                   0x0800229c   Section        0  timers.o(i.xTimerGenericCommand)
    .data                                    0x20000000   Section        4  main.o(.data)
    .data                                    0x20000004   Section      208  ui.o(.data)
    .data                                    0x200000d4   Section        4  port.o(.data)
    uxCriticalNesting                        0x200000d4   Data           4  port.o(.data)
    .data                                    0x200000d8   Section       60  tasks.o(.data)
    pxDelayedTaskList                        0x200000dc   Data           4  tasks.o(.data)
    pxOverflowDelayedTaskList                0x200000e0   Data           4  tasks.o(.data)
    uxDeletedTasksWaitingCleanUp             0x200000e4   Data           4  tasks.o(.data)
    uxCurrentNumberOfTasks                   0x200000e8   Data           4  tasks.o(.data)
    xTickCount                               0x200000ec   Data           4  tasks.o(.data)
    uxTopReadyPriority                       0x200000f0   Data           4  tasks.o(.data)
    xSchedulerRunning                        0x200000f4   Data           4  tasks.o(.data)
    uxPendedTicks                            0x200000f8   Data           4  tasks.o(.data)
    xYieldPending                            0x200000fc   Data           4  tasks.o(.data)
    xNumOfOverflows                          0x20000100   Data           4  tasks.o(.data)
    uxTaskNumber                             0x20000104   Data           4  tasks.o(.data)
    xNextTaskUnblockTime                     0x20000108   Data           4  tasks.o(.data)
    xIdleTaskHandle                          0x2000010c   Data           4  tasks.o(.data)
    uxSchedulerSuspended                     0x20000110   Data           4  tasks.o(.data)
    .data                                    0x20000114   Section       20  timers.o(.data)
    pxCurrentTimerList                       0x20000114   Data           4  timers.o(.data)
    pxOverflowTimerList                      0x20000118   Data           4  timers.o(.data)
    xTimerQueue                              0x2000011c   Data           4  timers.o(.data)
    xTimerTaskHandle                         0x20000120   Data           4  timers.o(.data)
    xLastTime                                0x20000124   Data           4  timers.o(.data)
    .data                                    0x20000128   Section       24  heap_2.o(.data)
    xStart                                   0x20000128   Data           8  heap_2.o(.data)
    xEnd                                     0x20000130   Data           8  heap_2.o(.data)
    xFreeBytesRemaining                      0x20000138   Data           4  heap_2.o(.data)
    xHeapHasBeenInitialised                  0x2000013c   Data           4  heap_2.o(.data)
    .bss                                     0x20000140   Section       64  ui.o(.bss)
    .bss                                     0x20000180   Section       80  queue.o(.bss)
    .bss                                     0x200001d0   Section      200  tasks.o(.bss)
    pxReadyTasksLists                        0x200001d0   Data         100  tasks.o(.bss)
    xDelayedTaskList1                        0x20000234   Data          20  tasks.o(.bss)
    xDelayedTaskList2                        0x20000248   Data          20  tasks.o(.bss)
    xPendingReadyList                        0x2000025c   Data          20  tasks.o(.bss)
    xTasksWaitingTermination                 0x20000270   Data          20  tasks.o(.bss)
    xSuspendedTaskList                       0x20000284   Data          20  tasks.o(.bss)
    .bss                                     0x20000298   Section       40  timers.o(.bss)
    xActiveTimerList1                        0x20000298   Data          20  timers.o(.bss)
    xActiveTimerList2                        0x200002ac   Data          20  timers.o(.bss)
    .bss                                     0x200002c0   Section    10240  heap_2.o(.bss)
    ucHeap                                   0x200002c0   Data       10240  heap_2.o(.bss)
    .bss                                     0x20002ac0   Section       96  libspace.o(.bss)
    HEAP                                     0x20002b20   Section      512  startup_stm32f10x_md.o(HEAP)
    Heap_Mem                                 0x20002b20   Data         512  startup_stm32f10x_md.o(HEAP)
    STACK                                    0x20002d20   Section     1024  startup_stm32f10x_md.o(STACK)
    Stack_Mem                                0x20002d20   Data        1024  startup_stm32f10x_md.o(STACK)
    __initial_sp                             0x20003120   Data           0  startup_stm32f10x_md.o(STACK)

    Global Symbols

    Symbol Name                              Value     Ov Type        Size  Object(Section)

    BuildAttributes$$THM_ISAv4$P$D$K$B$S$PE$A:L22UL41UL21$X:L11$S22US41US21$IEEE1$IW$USESV6$~STKCKD$USESV7$~SHL$OSPACE$ROPI$EBA8$UX$STANDARDLIB$REQ8$PRES8$EABIv2 0x00000000   Number         0  anon$$obj.o ABSOLUTE
    __ARM_use_no_argv                        0x00000000   Number         0  main.o ABSOLUTE
    __ARM_exceptions_init                     - Undefined Weak Reference
    __alloca_initialize                       - Undefined Weak Reference
    __arm_preinit_                            - Undefined Weak Reference
    __cpp_initialize__aeabi_                  - Undefined Weak Reference
    __cxa_finalize                            - Undefined Weak Reference
    __rt_locale                               - Undefined Weak Reference
    __sigvec_lookup                           - Undefined Weak Reference
    _atexit_init                              - Undefined Weak Reference
    _call_atexit_fns                          - Undefined Weak Reference
    _clock_init                               - Undefined Weak Reference
    _fp_trap_init                             - Undefined Weak Reference
    _fp_trap_shutdown                         - Undefined Weak Reference
    _get_lc_collate                           - Undefined Weak Reference
    _get_lc_ctype                             - Undefined Weak Reference
    _get_lc_monetary                          - Undefined Weak Reference
    _get_lc_numeric                           - Undefined Weak Reference
    _get_lc_time                              - Undefined Weak Reference
    _getenv_init                              - Undefined Weak Reference
    _handle_redirection                       - Undefined Weak Reference
    _init_alloc                               - Undefined Weak Reference
    _init_user_alloc                          - Undefined Weak Reference
    _initio                                   - Undefined Weak Reference
    _rand_init                                - Undefined Weak Reference
    _signal_finish                            - Undefined Weak Reference
    _signal_init                              - Undefined Weak Reference
    _terminate_alloc                          - Undefined Weak Reference
    _terminate_user_alloc                     - Undefined Weak Reference
    _terminateio                              - Undefined Weak Reference
    __Vectors_Size                           0x000000ec   Number         0  startup_stm32f10x_md.o ABSOLUTE
    __Vectors                                0x08000000   Data           4  startup_stm32f10x_md.o(RESET)
    __Vectors_End                            0x080000ec   Data           0  startup_stm32f10x_md.o(RESET)
    __main                                   0x080000ed   Thumb Code     8  __main.o(!!!main)
    __scatterload                            0x080000f5   Thumb Code     0  __scatter.o(!!!scatter)
    __scatterload_rt2                        0x080000f5   Thumb Code    44  __scatter.o(!!!scatter)
    __scatterload_rt2_thumb_only             0x080000f5   Thumb Code     0  __scatter.o(!!!scatter)
    __scatterload_null                       0x08000103   Thumb Code     0  __scatter.o(!!!scatter)
    __decompress                             0x08000129   Thumb Code    90  __dczerorl2.o(!!dczerorl2)
    __decompress1                            0x08000129   Thumb Code     0  __dczerorl2.o(!!dczerorl2)
    __scatterload_zeroinit                   0x08000185   Thumb Code    28  __scatter_zi.o(!!handler_zi)
    __rt_lib_init                            0x080001a1   Thumb Code     0  libinit.o(.ARM.Collect$$libinit$$00000000)
    __rt_lib_init_alloca_1                   0x080001a3   Thumb Code     0  libinit2.o(.ARM.Collect$$libinit$$0000002E)
    __rt_lib_init_argv_1                     0x080001a3   Thumb Code     0  libinit2.o(.ARM.Collect$$libinit$$0000002C)
    __rt_lib_init_atexit_1                   0x080001a3   Thumb Code     0  libinit2.o(.ARM.Collect$$libinit$$0000001B)
    __rt_lib_init_clock_1                    0x080001a3   Thumb Code     0  libinit2.o(.ARM.Collect$$libinit$$00000021)
    __rt_lib_init_cpp_1                      0x080001a3   Thumb Code     0  libinit2.o(.ARM.Collect$$libinit$$00000032)
    __rt_lib_init_exceptions_1               0x080001a3   Thumb Code     0  libinit2.o(.ARM.Collect$$libinit$$00000030)
    __rt_lib_init_fp_1                       0x080001a3   Thumb Code     0  libinit2.o(.ARM.Collect$$libinit$$00000002)
    __rt_lib_init_fp_trap_1                  0x080001a3   Thumb Code     0  libinit2.o(.ARM.Collect$$libinit$$0000001F)
    __rt_lib_init_getenv_1                   0x080001a3   Thumb Code     0  libinit2.o(.ARM.Collect$$libinit$$00000023)
    __rt_lib_init_heap_1                     0x080001a3   Thumb Code     0  libinit2.o(.ARM.Collect$$libinit$$0000000A)
    __rt_lib_init_lc_collate_1               0x080001a3   Thumb Code     0  libinit2.o(.ARM.Collect$$libinit$$00000011)
    __rt_lib_init_lc_ctype_1                 0x080001a3   Thumb Code     0  libinit2.o(.ARM.Collect$$libinit$$00000013)
    __rt_lib_init_lc_monetary_1              0x080001a3   Thumb Code     0  libinit2.o(.ARM.Collect$$libinit$$00000015)
    __rt_lib_init_lc_numeric_1               0x080001a3   Thumb Code     0  libinit2.o(.ARM.Collect$$libinit$$00000017)
    __rt_lib_init_lc_time_1                  0x080001a3   Thumb Code     0  libinit2.o(.ARM.Collect$$libinit$$00000019)
    __rt_lib_init_preinit_1                  0x080001a3   Thumb Code     0  libinit2.o(.ARM.Collect$$libinit$$00000004)
    __rt_lib_init_rand_1                     0x080001a3   Thumb Code     0  libinit2.o(.ARM.Collect$$libinit$$0000000E)
    __rt_lib_init_return                     0x080001a3   Thumb Code     0  libinit2.o(.ARM.Collect$$libinit$$00000033)
    __rt_lib_init_signal_1                   0x080001a3   Thumb Code     0  libinit2.o(.ARM.Collect$$libinit$$0000001D)
    __rt_lib_init_stdio_1                    0x080001a3   Thumb Code     0  libinit2.o(.ARM.Collect$$libinit$$00000025)
    __rt_lib_init_user_alloc_1               0x080001a3   Thumb Code     0  libinit2.o(.ARM.Collect$$libinit$$0000000C)
    __rt_lib_shutdown                        0x080001a5   Thumb Code     0  libshutdown.o(.ARM.Collect$$libshutdown$$00000000)
    __rt_lib_shutdown_cpp_1                  0x080001a7   Thumb Code     0  libshutdown2.o(.ARM.Collect$$libshutdown$$00000002)
    __rt_lib_shutdown_fp_trap_1              0x080001a7   Thumb Code     0  libshutdown2.o(.ARM.Collect$$libshutdown$$00000007)
    __rt_lib_shutdown_heap_1                 0x080001a7   Thumb Code     0  libshutdown2.o(.ARM.Collect$$libshutdown$$0000000F)
    __rt_lib_shutdown_return                 0x080001a7   Thumb Code     0  libshutdown2.o(.ARM.Collect$$libshutdown$$00000010)
    __rt_lib_shutdown_signal_1               0x080001a7   Thumb Code     0  libshutdown2.o(.ARM.Collect$$libshutdown$$0000000A)
    __rt_lib_shutdown_stdio_1                0x080001a7   Thumb Code     0  libshutdown2.o(.ARM.Collect$$libshutdown$$00000004)
    __rt_lib_shutdown_user_alloc_1           0x080001a7   Thumb Code     0  libshutdown2.o(.ARM.Collect$$libshutdown$$0000000C)
    __rt_entry                               0x080001a9   Thumb Code     0  __rtentry.o(.ARM.Collect$$rtentry$$00000000)
    __rt_entry_presh_1                       0x080001a9   Thumb Code     0  __rtentry2.o(.ARM.Collect$$rtentry$$00000002)
    __rt_entry_sh                            0x080001a9   Thumb Code     0  __rtentry4.o(.ARM.Collect$$rtentry$$00000004)
    __rt_entry_li                            0x080001af   Thumb Code     0  __rtentry2.o(.ARM.Collect$$rtentry$$0000000A)
    __rt_entry_postsh_1                      0x080001af   Thumb Code     0  __rtentry2.o(.ARM.Collect$$rtentry$$00000009)
    __rt_entry_main                          0x080001b3   Thumb Code     0  __rtentry2.o(.ARM.Collect$$rtentry$$0000000D)
    __rt_entry_postli_1                      0x080001b3   Thumb Code     0  __rtentry2.o(.ARM.Collect$$rtentry$$0000000C)
    __rt_exit                                0x080001bb   Thumb Code     0  rtexit.o(.ARM.Collect$$rtexit$$00000000)
    __rt_exit_ls                             0x080001bd   Thumb Code     0  rtexit2.o(.ARM.Collect$$rtexit$$00000003)
    __rt_exit_prels_1                        0x080001bd   Thumb Code     0  rtexit2.o(.ARM.Collect$$rtexit$$00000002)
    __rt_exit_exit                           0x080001c1   Thumb Code     0  rtexit2.o(.ARM.Collect$$rtexit$$00000004)
    SVC_Handler                              0x080001c9   Thumb Code    32  port.o(.emb_text)
    __asm___6_port_c_39a90d8d__prvStartFirstTask 0x080001ed   Thumb Code    28  port.o(.emb_text)
    PendSV_Handler                           0x0800020d   Thumb Code    72  port.o(.emb_text)
    vPortGetIPSR                             0x08000259   Thumb Code     6  port.o(.emb_text)
    Reset_Handler                            0x08000261   Thumb Code     8  startup_stm32f10x_md.o(.text)
    NMI_Handler                              0x08000269   Thumb Code     2  startup_stm32f10x_md.o(.text)
    HardFault_Handler                        0x0800026b   Thumb Code     2  startup_stm32f10x_md.o(.text)
    MemManage_Handler                        0x0800026d   Thumb Code     2  startup_stm32f10x_md.o(.text)
    BusFault_Handler                         0x0800026f   Thumb Code     2  startup_stm32f10x_md.o(.text)
    UsageFault_Handler                       0x08000271   Thumb Code     2  startup_stm32f10x_md.o(.text)
    DebugMon_Handler                         0x08000275   Thumb Code     2  startup_stm32f10x_md.o(.text)
    ADC1_2_IRQHandler                        0x0800027b   Thumb Code     0  startup_stm32f10x_md.o(.text)
    CAN1_RX1_IRQHandler                      0x0800027b   Thumb Code     0  startup_stm32f10x_md.o(.text)
    CAN1_SCE_IRQHandler                      0x0800027b   Thumb Code     0  startup_stm32f10x_md.o(.text)
    DMA1_Channel1_IRQHandler                 0x0800027b   Thumb Code     0  startup_stm32f10x_md.o(.text)
    DMA1_Channel2_IRQHandler                 0x0800027b   Thumb Code     0  startup_stm32f10x_md.o(.text)
    DMA1_Channel3_IRQHandler                 0x0800027b   Thumb Code     0  startup_stm32f10x_md.o(.text)
    DMA1_Channel4_IRQHandler                 0x0800027b   Thumb Code     0  startup_stm32f10x_md.o(.text)
    DMA1_Channel5_IRQHandler                 0x0800027b   Thumb Code     0  startup_stm32f10x_md.o(.text)
    DMA1_Channel6_IRQHandler                 0x0800027b   Thumb Code     0  startup_stm32f10x_md.o(.text)
    DMA1_Channel7_IRQHandler                 0x0800027b   Thumb Code     0  startup_stm32f10x_md.o(.text)
    EXTI0_IRQHandler                         0x0800027b   Thumb Code     0  startup_stm32f10x_md.o(.text)
    EXTI15_10_IRQHandler                     0x0800027b   Thumb Code     0  startup_stm32f10x_md.o(.text)
    EXTI1_IRQHandler                         0x0800027b   Thumb Code     0  startup_stm32f10x_md.o(.text)
    EXTI2_IRQHandler                         0x0800027b   Thumb Code     0  startup_stm32f10x_md.o(.text)
    EXTI3_IRQHandler                         0x0800027b   Thumb Code     0  startup_stm32f10x_md.o(.text)
    EXTI4_IRQHandler                         0x0800027b   Thumb Code     0  startup_stm32f10x_md.o(.text)
    EXTI9_5_IRQHandler                       0x0800027b   Thumb Code     0  startup_stm32f10x_md.o(.text)
    FLASH_IRQHandler                         0x0800027b   Thumb Code     0  startup_stm32f10x_md.o(.text)
    I2C1_ER_IRQHandler                       0x0800027b   Thumb Code     0  startup_stm32f10x_md.o(.text)
    I2C1_EV_IRQHandler                       0x0800027b   Thumb Code     0  startup_stm32f10x_md.o(.text)
    I2C2_ER_IRQHandler                       0x0800027b   Thumb Code     0  startup_stm32f10x_md.o(.text)
    I2C2_EV_IRQHandler                       0x0800027b   Thumb Code     0  startup_stm32f10x_md.o(.text)
    PVD_IRQHandler                           0x0800027b   Thumb Code     0  startup_stm32f10x_md.o(.text)
    RCC_IRQHandler                           0x0800027b   Thumb Code     0  startup_stm32f10x_md.o(.text)
    RTCAlarm_IRQHandler                      0x0800027b   Thumb Code     0  startup_stm32f10x_md.o(.text)
    RTC_IRQHandler                           0x0800027b   Thumb Code     0  startup_stm32f10x_md.o(.text)
    SPI1_IRQHandler                          0x0800027b   Thumb Code     0  startup_stm32f10x_md.o(.text)
    SPI2_IRQHandler                          0x0800027b   Thumb Code     0  startup_stm32f10x_md.o(.text)
    TAMPER_IRQHandler                        0x0800027b   Thumb Code     0  startup_stm32f10x_md.o(.text)
    TIM1_BRK_IRQHandler                      0x0800027b   Thumb Code     0  startup_stm32f10x_md.o(.text)
    TIM1_CC_IRQHandler                       0x0800027b   Thumb Code     0  startup_stm32f10x_md.o(.text)
    TIM1_TRG_COM_IRQHandler                  0x0800027b   Thumb Code     0  startup_stm32f10x_md.o(.text)
    TIM1_UP_IRQHandler                       0x0800027b   Thumb Code     0  startup_stm32f10x_md.o(.text)
    TIM2_IRQHandler                          0x0800027b   Thumb Code     0  startup_stm32f10x_md.o(.text)
    TIM3_IRQHandler                          0x0800027b   Thumb Code     0  startup_stm32f10x_md.o(.text)
    TIM4_IRQHandler                          0x0800027b   Thumb Code     0  startup_stm32f10x_md.o(.text)
    USART1_IRQHandler                        0x0800027b   Thumb Code     0  startup_stm32f10x_md.o(.text)
    USART2_IRQHandler                        0x0800027b   Thumb Code     0  startup_stm32f10x_md.o(.text)
    USART3_IRQHandler                        0x0800027b   Thumb Code     0  startup_stm32f10x_md.o(.text)
    USBWakeUp_IRQHandler                     0x0800027b   Thumb Code     0  startup_stm32f10x_md.o(.text)
    USB_HP_CAN1_TX_IRQHandler                0x0800027b   Thumb Code     0  startup_stm32f10x_md.o(.text)
    USB_LP_CAN1_RX0_IRQHandler               0x0800027b   Thumb Code     0  startup_stm32f10x_md.o(.text)
    WWDG_IRQHandler                          0x0800027b   Thumb Code     0  startup_stm32f10x_md.o(.text)
    __user_initial_stackheap                 0x0800027d   Thumb Code     0  startup_stm32f10x_md.o(.text)
    __aeabi_memcpy                           0x080002a1   Thumb Code     0  rt_memcpy_v6.o(.text)
    __rt_memcpy                              0x080002a1   Thumb Code   138  rt_memcpy_v6.o(.text)
    _memcpy_lastbytes                        0x08000307   Thumb Code     0  rt_memcpy_v6.o(.text)
    __aeabi_memset                           0x0800032b   Thumb Code    16  aeabi_memset.o(.text)
    __use_two_region_memory                  0x0800033b   Thumb Code     2  heapauxi.o(.text)
    __rt_heap_escrow$2region                 0x0800033d   Thumb Code     2  heapauxi.o(.text)
    __rt_heap_expand$2region                 0x0800033f   Thumb Code     2  heapauxi.o(.text)
    __aeabi_memcpy4                          0x08000341   Thumb Code     0  rt_memcpy_w.o(.text)
    __aeabi_memcpy8                          0x08000341   Thumb Code     0  rt_memcpy_w.o(.text)
    __rt_memcpy_w                            0x08000341   Thumb Code   100  rt_memcpy_w.o(.text)
    _memcpy_lastbytes_aligned                0x08000389   Thumb Code     0  rt_memcpy_w.o(.text)
    __aeabi_memclr                           0x080003a5   Thumb Code     0  rt_memclr.o(.text)
    __rt_memclr                              0x080003a5   Thumb Code    68  rt_memclr.o(.text)
    _memset                                  0x080003a9   Thumb Code     0  rt_memclr.o(.text)
    __aeabi_memclr4                          0x080003e9   Thumb Code     0  rt_memclr_w.o(.text)
    __aeabi_memclr8                          0x080003e9   Thumb Code     0  rt_memclr_w.o(.text)
    __rt_memclr_w                            0x080003e9   Thumb Code    78  rt_memclr_w.o(.text)
    _memset_w                                0x080003ed   Thumb Code     0  rt_memclr_w.o(.text)
    __user_setup_stackheap                   0x08000437   Thumb Code    74  sys_stackheap_outer.o(.text)
    exit                                     0x08000481   Thumb Code    18  exit.o(.text)
    __user_libspace                          0x08000495   Thumb Code     8  libspace.o(.text)
    __user_perproc_libspace                  0x08000495   Thumb Code     0  libspace.o(.text)
    __user_perthread_libspace                0x08000495   Thumb Code     0  libspace.o(.text)
    _sys_exit                                0x0800049d   Thumb Code     8  sys_exit.o(.text)
    __I$use$semihosting                      0x080004a9   Thumb Code     0  use_no_semi.o(.text)
    __use_no_semihosting_swi                 0x080004a9   Thumb Code     2  use_no_semi.o(.text)
    __semihosting_library_function           0x080004ab   Thumb Code     0  indicate_semi.o(.text)
    GPIO_AFConfigure                         0x080004ad   Thumb Code    78  gpio_stm32f10x.o(i.GPIO_AFConfigure)
    GPIO_DeInit                              0x08000505   Thumb Code   172  stm32f10x_gpio.o(i.GPIO_DeInit)
    GPIO_Init                                0x080005cd   Thumb Code   278  stm32f10x_gpio.o(i.GPIO_Init)
    LedOff                                   0x080007c1   Thumb Code     8  ui.o(i.LedOff)
    LedOn                                    0x080007cd   Thumb Code     8  ui.o(i.LedOn)
    LedToggle                                0x080007d9   Thumb Code    14  ui.o(i.LedToggle)
    RCC_APB2PeriphClockCmd                   0x080007ed   Thumb Code    26  stm32f10x_rcc.o(i.RCC_APB2PeriphClockCmd)
    RCC_APB2PeriphResetCmd                   0x0800080d   Thumb Code    26  stm32f10x_rcc.o(i.RCC_APB2PeriphResetCmd)
    RCC_DeInit                               0x0800082d   Thumb Code    64  stm32f10x_rcc.o(i.RCC_DeInit)
    RCC_GetFlagStatus                        0x08000879   Thumb Code    56  stm32f10x_rcc.o(i.RCC_GetFlagStatus)
    RCC_GetSYSCLKSource                      0x080008b5   Thumb Code    10  stm32f10x_rcc.o(i.RCC_GetSYSCLKSource)
    RCC_HCLKConfig                           0x080008c5   Thumb Code    18  stm32f10x_rcc.o(i.RCC_HCLKConfig)
    RCC_HSEConfig                            0x080008dd   Thumb Code    70  stm32f10x_rcc.o(i.RCC_HSEConfig)
    RCC_PCLK1Config                          0x08000929   Thumb Code    18  stm32f10x_rcc.o(i.RCC_PCLK1Config)
    RCC_PCLK2Config                          0x08000941   Thumb Code    20  stm32f10x_rcc.o(i.RCC_PCLK2Config)
    RCC_PLLCmd                               0x08000959   Thumb Code     6  stm32f10x_rcc.o(i.RCC_PLLCmd)
    RCC_PLLConfig                            0x08000965   Thumb Code    24  stm32f10x_rcc.o(i.RCC_PLLConfig)
    RCC_SYSCLKConfig                         0x08000981   Thumb Code    18  stm32f10x_rcc.o(i.RCC_SYSCLKConfig)
    SysTick_CLKSourceConfig                  0x08000a81   Thumb Code    40  misc.o(i.SysTick_CLKSourceConfig)
    SysTick_Handler                          0x08000aa9   Thumb Code    46  port.o(i.SysTick_Handler)
    SystemInit                               0x08000add   Thumb Code    78  system_stm32f10x.o(i.SystemInit)
    main                                     0x08000b3d   Thumb Code    54  main.o(i.main)
    prvConfigureLCD                          0x08000e35   Thumb Code     2  ui.o(i.prvConfigureLCD)
    pvPortMalloc                             0x08001521   Thumb Code   166  heap_2.o(i.pvPortMalloc)
    pxPortInitialiseStack                    0x080015d9   Thumb Code    30  port.o(i.pxPortInitialiseStack)
    uxListRemove                             0x080015fd   Thumb Code    40  list.o(i.uxListRemove)
    vKeysTask                                0x08001625   Thumb Code   172  ui.o(i.vKeysTask)
    vLCDTask                                 0x080016f5   Thumb Code    12  ui.o(i.vLCDTask)
    vListInitialise                          0x08001701   Thumb Code    26  list.o(i.vListInitialise)
    vListInitialiseItem                      0x0800171b   Thumb Code     6  list.o(i.vListInitialiseItem)
    vListInsert                              0x08001721   Thumb Code    52  list.o(i.vListInsert)
    vListInsertEnd                           0x08001755   Thumb Code    24  list.o(i.vListInsertEnd)
    vPortEnterCritical                       0x0800176d   Thumb Code    30  port.o(i.vPortEnterCritical)
    vPortExitCritical                        0x08001791   Thumb Code    28  port.o(i.vPortExitCritical)
    vPortFree                                0x080017b1   Thumb Code    56  heap_2.o(i.vPortFree)
    vPortSetupTimerInterrupt                 0x080017f1   Thumb Code    14  port.o(i.vPortSetupTimerInterrupt)
    vQueueAddToRegistry                      0x08001805   Thumb Code    38  queue.o(i.vQueueAddToRegistry)
    vQueueWaitForMessageRestricted           0x08001831   Thumb Code    74  queue.o(i.vQueueWaitForMessageRestricted)
    vTaskMissedYield                         0x0800187d   Thumb Code     8  tasks.o(i.vTaskMissedYield)
    vTaskPlaceOnEventList                    0x08001889   Thumb Code    28  tasks.o(i.vTaskPlaceOnEventList)
    vTaskPlaceOnEventListRestricted          0x080018a9   Thumb Code    36  tasks.o(i.vTaskPlaceOnEventListRestricted)
    vTaskResume                              0x080018d1   Thumb Code   104  tasks.o(i.vTaskResume)
    vTaskSetTimeOutState                     0x08001949   Thumb Code    14  tasks.o(i.vTaskSetTimeOutState)
    vTaskStartScheduler                      0x08001961   Thumb Code    82  tasks.o(i.vTaskStartScheduler)
    vTaskSuspend                             0x080019d1   Thumb Code   160  tasks.o(i.vTaskSuspend)
    vTaskSuspendAll                          0x08001a8d   Thumb Code    12  tasks.o(i.vTaskSuspendAll)
    vTaskSwitchContext                       0x08001a9d   Thumb Code    76  tasks.o(i.vTaskSwitchContext)
    xPortStartScheduler                      0x08001afd   Thumb Code    42  port.o(i.xPortStartScheduler)
    xQueueGenericCreate                      0x08001b31   Thumb Code    56  queue.o(i.xQueueGenericCreate)
    xQueueGenericReceive                     0x08001b69   Thumb Code   312  queue.o(i.xQueueGenericReceive)
    xQueueGenericReset                       0x08001ca5   Thumb Code   122  queue.o(i.xQueueGenericReset)
    xQueueGenericSend                        0x08001d25   Thumb Code   276  queue.o(i.xQueueGenericSend)
    xQueueGenericSendFromISR                 0x08001e3d   Thumb Code   134  queue.o(i.xQueueGenericSendFromISR)
    xTaskCheckForTimeOut                     0x08001ec5   Thumb Code    84  tasks.o(i.xTaskCheckForTimeOut)
    xTaskCreate                              0x08001f21   Thumb Code    96  tasks.o(i.xTaskCreate)
    xTaskGetSchedulerState                   0x08001f81   Thumb Code    24  tasks.o(i.xTaskGetSchedulerState)
    xTaskGetTickCount                        0x08001fa1   Thumb Code     6  tasks.o(i.xTaskGetTickCount)
    xTaskIncrementTick                       0x08001fad   Thumb Code   238  tasks.o(i.xTaskIncrementTick)
    xTaskRemoveFromEventList                 0x080020c9   Thumb Code   104  tasks.o(i.xTaskRemoveFromEventList)
    xTaskResumeAll                           0x08002149   Thumb Code   196  tasks.o(i.xTaskResumeAll)
    xTimerCreate                             0x08002231   Thumb Code    48  timers.o(i.xTimerCreate)
    xTimerCreateTimerTask                    0x08002261   Thumb Code    40  timers.o(i.xTimerCreateTimerTask)
    xTimerGenericCommand                     0x0800229d   Thumb Code   102  timers.o(i.xTimerGenericCommand)
    Region$$Table$$Base                      0x08002308   Number         0  anon$$obj.o(Region$$Table)
    Region$$Table$$Limit                     0x08002328   Number         0  anon$$obj.o(Region$$Table)
    xKeyTaskHandle                           0x20000000   Data           4  main.o(.data)
    KeyOutPins                               0x20000004   Data           8  ui.o(.data)
    KeysPressed                              0x2000000c   Data           4  ui.o(.data)
    keyShortAction                           0x20000010   Data          64  ui.o(.data)
    keyLongAction                            0x20000050   Data          64  ui.o(.data)
    keyUpAction                              0x20000090   Data          64  ui.o(.data)
    xKeyQueue                                0x200000d0   Data           4  ui.o(.data)
    pxCurrentTCB                             0x200000d8   Data           4  tasks.o(.data)
    Key                                      0x20000140   Data          64  ui.o(.bss)
    xQueueRegistry                           0x20000180   Data          80  queue.o(.bss)
    __libspace_start                         0x20002ac0   Data          96  libspace.o(.bss)
    __temporary_stack_top$libspace           0x20002b20   Data           0  libspace.o(.bss)



==============================================================================

Memory Map of the image

  Image Entry point : 0x080000ed

  Load Region LR_IROM1 (Base: 0x08000000, Size: 0x00002468, Max: 0x00010000, ABSOLUTE, COMPRESSED[0x00002350])

    Execution Region ER_IROM1 (Base: 0x08000000, Size: 0x00002328, Max: 0x00010000, ABSOLUTE)

    Base Addr    Size         Type   Attr      Idx    E Section Name        Object

    0x08000000   0x000000ec   Data   RO         1251    RESET               startup_stm32f10x_md.o
    0x080000ec   0x00000008   Code   RO         2730  * !!!main             c_w.l(__main.o)
    0x080000f4   0x00000034   Code   RO         2895    !!!scatter          c_w.l(__scatter.o)
    0x08000128   0x0000005a   Code   RO         2893    !!dczerorl2         c_w.l(__dczerorl2.o)
    0x08000182   0x00000002   PAD
    0x08000184   0x0000001c   Code   RO         2897    !!handler_zi        c_w.l(__scatter_zi.o)
    0x080001a0   0x00000002   Code   RO         2763    .ARM.Collect$$libinit$$00000000  c_w.l(libinit.o)
    0x080001a2   0x00000000   Code   RO         2770    .ARM.Collect$$libinit$$00000002  c_w.l(libinit2.o)
    0x080001a2   0x00000000   Code   RO         2772    .ARM.Collect$$libinit$$00000004  c_w.l(libinit2.o)
    0x080001a2   0x00000000   Code   RO         2775    .ARM.Collect$$libinit$$0000000A  c_w.l(libinit2.o)
    0x080001a2   0x00000000   Code   RO         2777    .ARM.Collect$$libinit$$0000000C  c_w.l(libinit2.o)
    0x080001a2   0x00000000   Code   RO         2779    .ARM.Collect$$libinit$$0000000E  c_w.l(libinit2.o)
    0x080001a2   0x00000000   Code   RO         2782    .ARM.Collect$$libinit$$00000011  c_w.l(libinit2.o)
    0x080001a2   0x00000000   Code   RO         2784    .ARM.Collect$$libinit$$00000013  c_w.l(libinit2.o)
    0x080001a2   0x00000000   Code   RO         2786    .ARM.Collect$$libinit$$00000015  c_w.l(libinit2.o)
    0x080001a2   0x00000000   Code   RO         2788    .ARM.Collect$$libinit$$00000017  c_w.l(libinit2.o)
    0x080001a2   0x00000000   Code   RO         2790    .ARM.Collect$$libinit$$00000019  c_w.l(libinit2.o)
    0x080001a2   0x00000000   Code   RO         2792    .ARM.Collect$$libinit$$0000001B  c_w.l(libinit2.o)
    0x080001a2   0x00000000   Code   RO         2794    .ARM.Collect$$libinit$$0000001D  c_w.l(libinit2.o)
    0x080001a2   0x00000000   Code   RO         2796    .ARM.Collect$$libinit$$0000001F  c_w.l(libinit2.o)
    0x080001a2   0x00000000   Code   RO         2798    .ARM.Collect$$libinit$$00000021  c_w.l(libinit2.o)
    0x080001a2   0x00000000   Code   RO         2800    .ARM.Collect$$libinit$$00000023  c_w.l(libinit2.o)
    0x080001a2   0x00000000   Code   RO         2802    .ARM.Collect$$libinit$$00000025  c_w.l(libinit2.o)
    0x080001a2   0x00000000   Code   RO         2806    .ARM.Collect$$libinit$$0000002C  c_w.l(libinit2.o)
    0x080001a2   0x00000000   Code   RO         2808    .ARM.Collect$$libinit$$0000002E  c_w.l(libinit2.o)
    0x080001a2   0x00000000   Code   RO         2810    .ARM.Collect$$libinit$$00000030  c_w.l(libinit2.o)
    0x080001a2   0x00000000   Code   RO         2812    .ARM.Collect$$libinit$$00000032  c_w.l(libinit2.o)
    0x080001a2   0x00000002   Code   RO         2813    .ARM.Collect$$libinit$$00000033  c_w.l(libinit2.o)
    0x080001a4   0x00000002   Code   RO         2833    .ARM.Collect$$libshutdown$$00000000  c_w.l(libshutdown.o)
    0x080001a6   0x00000000   Code   RO         2846    .ARM.Collect$$libshutdown$$00000002  c_w.l(libshutdown2.o)
    0x080001a6   0x00000000   Code   RO         2848    .ARM.Collect$$libshutdown$$00000004  c_w.l(libshutdown2.o)
    0x080001a6   0x00000000   Code   RO         2851    .ARM.Collect$$libshutdown$$00000007  c_w.l(libshutdown2.o)
    0x080001a6   0x00000000   Code   RO         2854    .ARM.Collect$$libshutdown$$0000000A  c_w.l(libshutdown2.o)
    0x080001a6   0x00000000   Code   RO         2856    .ARM.Collect$$libshutdown$$0000000C  c_w.l(libshutdown2.o)
    0x080001a6   0x00000000   Code   RO         2859    .ARM.Collect$$libshutdown$$0000000F  c_w.l(libshutdown2.o)
    0x080001a6   0x00000002   Code   RO         2860    .ARM.Collect$$libshutdown$$00000010  c_w.l(libshutdown2.o)
    0x080001a8   0x00000000   Code   RO         2732    .ARM.Collect$$rtentry$$00000000  c_w.l(__rtentry.o)
    0x080001a8   0x00000000   Code   RO         2738    .ARM.Collect$$rtentry$$00000002  c_w.l(__rtentry2.o)
    0x080001a8   0x00000006   Code   RO         2750    .ARM.Collect$$rtentry$$00000004  c_w.l(__rtentry4.o)
    0x080001ae   0x00000000   Code   RO         2740    .ARM.Collect$$rtentry$$00000009  c_w.l(__rtentry2.o)
    0x080001ae   0x00000004   Code   RO         2741    .ARM.Collect$$rtentry$$0000000A  c_w.l(__rtentry2.o)
    0x080001b2   0x00000000   Code   RO         2743    .ARM.Collect$$rtentry$$0000000C  c_w.l(__rtentry2.o)
    0x080001b2   0x00000008   Code   RO         2744    .ARM.Collect$$rtentry$$0000000D  c_w.l(__rtentry2.o)
    0x080001ba   0x00000002   Code   RO         2767    .ARM.Collect$$rtexit$$00000000  c_w.l(rtexit.o)
    0x080001bc   0x00000000   Code   RO         2815    .ARM.Collect$$rtexit$$00000002  c_w.l(rtexit2.o)
    0x080001bc   0x00000004   Code   RO         2816    .ARM.Collect$$rtexit$$00000003  c_w.l(rtexit2.o)
    0x080001c0   0x00000006   Code   RO         2817    .ARM.Collect$$rtexit$$00000004  c_w.l(rtexit2.o)
    0x080001c6   0x00000002   PAD
    0x080001c8   0x00000096   Code   RO          443    .emb_text           port.o
    0x0800025e   0x00000002   PAD
    0x08000260   0x00000040   Code   RO         1252    .text               startup_stm32f10x_md.o
    0x080002a0   0x0000008a   Code   RO         2724    .text               c_w.l(rt_memcpy_v6.o)
    0x0800032a   0x00000010   Code   RO         2726    .text               c_w.l(aeabi_memset.o)
    0x0800033a   0x00000006   Code   RO         2728    .text               c_w.l(heapauxi.o)
    0x08000340   0x00000064   Code   RO         2733    .text               c_w.l(rt_memcpy_w.o)
    0x080003a4   0x00000044   Code   RO         2735    .text               c_w.l(rt_memclr.o)
    0x080003e8   0x0000004e   Code   RO         2752    .text               c_w.l(rt_memclr_w.o)
    0x08000436   0x0000004a   Code   RO         2754    .text               c_w.l(sys_stackheap_outer.o)
    0x08000480   0x00000012   Code   RO         2756    .text               c_w.l(exit.o)
    0x08000492   0x00000002   PAD
    0x08000494   0x00000008   Code   RO         2764    .text               c_w.l(libspace.o)
    0x0800049c   0x0000000c   Code   RO         2825    .text               c_w.l(sys_exit.o)
    0x080004a8   0x00000002   Code   RO         2836    .text               c_w.l(use_no_semi.o)
    0x080004aa   0x00000000   Code   RO         2838    .text               c_w.l(indicate_semi.o)
    0x080004aa   0x00000002   PAD
    0x080004ac   0x00000058   Code   RO         2683    i.GPIO_AFConfigure  gpio_stm32f10x.o
    0x08000504   0x000000c8   Code   RO         1438    i.GPIO_DeInit       stm32f10x_gpio.o
    0x080005cc   0x00000116   Code   RO         1443    i.GPIO_Init         stm32f10x_gpio.o
    0x080006e2   0x00000002   PAD
    0x080006e4   0x000000dc   Code   RO          184    i.KeyScan           ui.o
    0x080007c0   0x0000000c   Code   RO          185    i.LedOff            ui.o
    0x080007cc   0x0000000c   Code   RO          186    i.LedOn             ui.o
    0x080007d8   0x00000014   Code   RO          187    i.LedToggle         ui.o
    0x080007ec   0x00000020   Code   RO         1567    i.RCC_APB2PeriphClockCmd  stm32f10x_rcc.o
    0x0800080c   0x00000020   Code   RO         1568    i.RCC_APB2PeriphResetCmd  stm32f10x_rcc.o
    0x0800082c   0x0000004c   Code   RO         1574    i.RCC_DeInit        stm32f10x_rcc.o
    0x08000878   0x0000003c   Code   RO         1576    i.RCC_GetFlagStatus  stm32f10x_rcc.o
    0x080008b4   0x00000010   Code   RO         1578    i.RCC_GetSYSCLKSource  stm32f10x_rcc.o
    0x080008c4   0x00000018   Code   RO         1579    i.RCC_HCLKConfig    stm32f10x_rcc.o
    0x080008dc   0x0000004c   Code   RO         1580    i.RCC_HSEConfig     stm32f10x_rcc.o
    0x08000928   0x00000018   Code   RO         1586    i.RCC_PCLK1Config   stm32f10x_rcc.o
    0x08000940   0x00000018   Code   RO         1587    i.RCC_PCLK2Config   stm32f10x_rcc.o
    0x08000958   0x0000000c   Code   RO         1588    i.RCC_PLLCmd        stm32f10x_rcc.o
    0x08000964   0x0000001c   Code   RO         1589    i.RCC_PLLConfig     stm32f10x_rcc.o
    0x08000980   0x00000018   Code   RO         1592    i.RCC_SYSCLKConfig  stm32f10x_rcc.o
    0x08000998   0x00000008   Code   RO         1259    i.SetSysClock       system_stm32f10x.o
    0x080009a0   0x000000e0   Code   RO         1260    i.SetSysClockTo72   system_stm32f10x.o
    0x08000a80   0x00000028   Code   RO         1309    i.SysTick_CLKSourceConfig  misc.o
    0x08000aa8   0x00000034   Code   RO          444    i.SysTick_Handler   port.o
    0x08000adc   0x00000060   Code   RO         1262    i.SystemInit        system_stm32f10x.o
    0x08000b3c   0x00000050   Code   RO            5    i.main              main.o
    0x08000b8c   0x00000098   Code   RO          708    i.prvAddCurrentTaskToDelayedList  tasks.o
    0x08000c24   0x000000b8   Code   RO          709    i.prvAddNewTaskToReadyList  tasks.o
    0x08000cdc   0x00000064   Code   RO         1063    i.prvCheckForValidListAndQueue  timers.o
    0x08000d40   0x00000064   Code   RO          710    i.prvCheckTasksWaitingTermination  tasks.o
    0x08000da4   0x00000060   Code   RO          188    i.prvConfigKeyboard  ui.o
    0x08000e04   0x00000030   Code   RO          189    i.prvConfigLed      ui.o
    0x08000e34   0x00000002   Code   RO          190    i.prvConfigureLCD   ui.o
    0x08000e36   0x0000002a   Code   RO          527    i.prvCopyDataFromQueue  queue.o
    0x08000e60   0x0000006a   Code   RO          528    i.prvCopyDataToQueue  queue.o
    0x08000eca   0x00000012   Code   RO          711    i.prvDeleteTCB      tasks.o
    0x08000edc   0x00000028   Code   RO         1064    i.prvGetNextExpireTime  timers.o
    0x08000f04   0x00000038   Code   RO         1193    i.prvHeapInit       heap_2.o
    0x08000f3c   0x00000028   Code   RO          712    i.prvIdleTask       tasks.o
    0x08000f64   0x0000002a   Code   RO          529    i.prvInitialiseNewQueue  queue.o
    0x08000f8e   0x000000a2   Code   RO          713    i.prvInitialiseNewTask  tasks.o
    0x08001030   0x0000002e   Code   RO         1065    i.prvInitialiseNewTimer  timers.o
    0x0800105e   0x00000002   PAD
    0x08001060   0x00000068   Code   RO          714    i.prvInitialiseTaskLists  tasks.o
    0x080010c8   0x00000058   Code   RO         1066    i.prvInsertTimerInActiveList  timers.o
    0x08001120   0x0000001a   Code   RO          530    i.prvIsQueueEmpty   queue.o
    0x0800113a   0x0000001e   Code   RO          531    i.prvIsQueueFull    queue.o
    0x08001158   0x0000004c   Code   RO         1067    i.prvProcessExpiredTimer  timers.o
    0x080011a4   0x000000bc   Code   RO         1068    i.prvProcessReceivedCommands  timers.o
    0x08001260   0x00000074   Code   RO         1069    i.prvProcessTimerOrBlockTask  timers.o
    0x080012d4   0x00000034   Code   RO          716    i.prvResetNextTaskUnblockTime  tasks.o
    0x08001308   0x0000002c   Code   RO         1070    i.prvSampleTimeNow  timers.o
    0x08001334   0x00000078   Code   RO            6    i.prvSetupSysClock  main.o
    0x080013ac   0x00000084   Code   RO         1071    i.prvSwitchTimerLists  timers.o
    0x08001430   0x00000016   Code   RO          445    i.prvTaskExitError  port.o
    0x08001446   0x00000002   PAD
    0x08001448   0x00000040   Code   RO          718    i.prvTaskIsTaskSuspended  tasks.o
    0x08001488   0x0000001a   Code   RO         1072    i.prvTimerTask      timers.o
    0x080014a2   0x0000007e   Code   RO          532    i.prvUnlockQueue    queue.o
    0x08001520   0x000000b8   Code   RO         1194    i.pvPortMalloc      heap_2.o
    0x080015d8   0x00000024   Code   RO          446    i.pxPortInitialiseStack  port.o
    0x080015fc   0x00000028   Code   RO          395    i.uxListRemove      list.o
    0x08001624   0x000000d0   Code   RO          191    i.vKeysTask         ui.o
    0x080016f4   0x0000000c   Code   RO          192    i.vLCDTask          ui.o
    0x08001700   0x0000001a   Code   RO          396    i.vListInitialise   list.o
    0x0800171a   0x00000006   Code   RO          397    i.vListInitialiseItem  list.o
    0x08001720   0x00000034   Code   RO          398    i.vListInsert       list.o
    0x08001754   0x00000018   Code   RO          399    i.vListInsertEnd    list.o
    0x0800176c   0x00000024   Code   RO          448    i.vPortEnterCritical  port.o
    0x08001790   0x00000020   Code   RO          449    i.vPortExitCritical  port.o
    0x080017b0   0x00000040   Code   RO         1195    i.vPortFree         heap_2.o
    0x080017f0   0x00000014   Code   RO          450    i.vPortSetupTimerInterrupt  port.o
    0x08001804   0x0000002c   Code   RO          538    i.vQueueAddToRegistry  queue.o
    0x08001830   0x0000004a   Code   RO          542    i.vQueueWaitForMessageRestricted  queue.o
    0x0800187a   0x00000002   PAD
    0x0800187c   0x0000000c   Code   RO          732    i.vTaskMissedYield  tasks.o
    0x08001888   0x00000020   Code   RO          734    i.vTaskPlaceOnEventList  tasks.o
    0x080018a8   0x00000028   Code   RO          735    i.vTaskPlaceOnEventListRestricted  tasks.o
    0x080018d0   0x00000078   Code   RO          738    i.vTaskResume       tasks.o
    0x08001948   0x00000018   Code   RO          741    i.vTaskSetTimeOutState  tasks.o
    0x08001960   0x00000070   Code   RO          742    i.vTaskStartScheduler  tasks.o
    0x080019d0   0x000000bc   Code   RO          743    i.vTaskSuspend      tasks.o
    0x08001a8c   0x00000010   Code   RO          744    i.vTaskSuspendAll   tasks.o
    0x08001a9c   0x00000060   Code   RO          745    i.vTaskSwitchContext  tasks.o
    0x08001afc   0x00000034   Code   RO          451    i.xPortStartScheduler  port.o
    0x08001b30   0x00000038   Code   RO          543    i.xQueueGenericCreate  queue.o
    0x08001b68   0x0000013c   Code   RO          544    i.xQueueGenericReceive  queue.o
    0x08001ca4   0x00000080   Code   RO          545    i.xQueueGenericReset  queue.o
    0x08001d24   0x00000118   Code   RO          546    i.xQueueGenericSend  queue.o
    0x08001e3c   0x00000086   Code   RO          547    i.xQueueGenericSendFromISR  queue.o
    0x08001ec2   0x00000002   PAD
    0x08001ec4   0x0000005c   Code   RO          746    i.xTaskCheckForTimeOut  tasks.o
    0x08001f20   0x00000060   Code   RO          747    i.xTaskCreate       tasks.o
    0x08001f80   0x00000020   Code   RO          751    i.xTaskGetSchedulerState  tasks.o
    0x08001fa0   0x0000000c   Code   RO          752    i.xTaskGetTickCount  tasks.o
    0x08001fac   0x0000011c   Code   RO          754    i.xTaskIncrementTick  tasks.o
    0x080020c8   0x00000080   Code   RO          757    i.xTaskRemoveFromEventList  tasks.o
    0x08002148   0x000000e8   Code   RO          759    i.xTaskResumeAll    tasks.o
    0x08002230   0x00000030   Code   RO         1075    i.xTimerCreate      timers.o
    0x08002260   0x0000003c   Code   RO         1076    i.xTimerCreateTimerTask  timers.o
    0x0800229c   0x0000006c   Code   RO         1077    i.xTimerGenericCommand  timers.o
    0x08002308   0x00000020   Data   RO         2891    Region$$Table       anon$$obj.o


    Execution Region RW_IRAM1 (Base: 0x20000000, Size: 0x00003120, Max: 0x00005000, ABSOLUTE, COMPRESSED[0x00000028])

    Base Addr    Size         Type   Attr      Idx    E Section Name        Object

    0x20000000   0x00000004   Data   RW            8    .data               main.o
    0x20000004   0x000000d0   Data   RW          194    .data               ui.o
    0x200000d4   0x00000004   Data   RW          452    .data               port.o
    0x200000d8   0x0000003c   Data   RW          762    .data               tasks.o
    0x20000114   0x00000014   Data   RW         1083    .data               timers.o
    0x20000128   0x00000018   Data   RW         1199    .data               heap_2.o
    0x20000140   0x00000040   Zero   RW          193    .bss                ui.o
    0x20000180   0x00000050   Zero   RW          553    .bss                queue.o
    0x200001d0   0x000000c8   Zero   RW          761    .bss                tasks.o
    0x20000298   0x00000028   Zero   RW         1082    .bss                timers.o
    0x200002c0   0x00002800   Zero   RW         1198    .bss                heap_2.o
    0x20002ac0   0x00000060   Zero   RW         2765    .bss                c_w.l(libspace.o)
    0x20002b20   0x00000200   Zero   RW         1250    HEAP                startup_stm32f10x_md.o
    0x20002d20   0x00000400   Zero   RW         1249    STACK               startup_stm32f10x_md.o


==============================================================================

Image component sizes


      Code (inc. data)   RO Data    RW Data    ZI Data      Debug   Object Name

         0          0          0          0          0       9208   event_groups.o
        88         10          0          0          0       1111   gpio_stm32f10x.o
       304         40          0         24      10240       3139   heap_2.o
       148          0          0          0          0       2742   list.o
       200         32          0          4          0     228528   main.o
        40          0          0          0          0        554   misc.o
       400         50          0          4          0       8164   port.o
      1404         20          0          0         80      11137   queue.o
        64         26        236          0       1536        788   startup_stm32f10x_md.o
       478         28          0          0          0       2754   stm32f10x_gpio.o
       428         72          0          0          0       7014   stm32f10x_rcc.o
       328         28          0          0          0       1861   system_stm32f10x.o
      2392        378          0         60        200      25644   tasks.o
      1072        114          0         20         40       9130   timers.o
       630         82          0        208         64      10363   ui.o

    ----------------------------------------------------------------------
      7988        880        268        320      12160     322137   Object Totals
         0          0         32          0          0          0   (incl. Generated)
        12          0          0          0          0          0   (incl. Padding)

    ----------------------------------------------------------------------

      Code (inc. data)   RO Data    RW Data    ZI Data      Debug   Library Member Name

        90          0          0          0          0          0   __dczerorl2.o
         8          0          0          0          0         68   __main.o
         0          0          0          0          0          0   __rtentry.o
        12          0          0          0          0          0   __rtentry2.o
         6          0          0          0          0          0   __rtentry4.o
        52          8          0          0          0          0   __scatter.o
        28          0          0          0          0          0   __scatter_zi.o
        16          0          0          0          0         68   aeabi_memset.o
        18          0          0          0          0         80   exit.o
         6          0          0          0          0        152   heapauxi.o
         0          0          0          0          0          0   indicate_semi.o
         2          0          0          0          0          0   libinit.o
         2          0          0          0          0          0   libinit2.o
         2          0          0          0          0          0   libshutdown.o
         2          0          0          0          0          0   libshutdown2.o
         8          4          0          0         96         68   libspace.o
        68          0          0          0          0         68   rt_memclr.o
        78          0          0          0          0         80   rt_memclr_w.o
       138          0          0          0          0         68   rt_memcpy_v6.o
       100          0          0          0          0         80   rt_memcpy_w.o
         2          0          0          0          0          0   rtexit.o
        10          0          0          0          0          0   rtexit2.o
        12          4          0          0          0         68   sys_exit.o
        74          0          0          0          0         80   sys_stackheap_outer.o
         2          0          0          0          0         68   use_no_semi.o

    ----------------------------------------------------------------------
       744         16          0          0         96        948   Library Totals
         8          0          0          0          0          0   (incl. Padding)

    ----------------------------------------------------------------------

      Code (inc. data)   RO Data    RW Data    ZI Data      Debug   Library Name

       736         16          0          0         96        948   c_w.l

    ----------------------------------------------------------------------
       744         16          0          0         96        948   Library Totals

    ----------------------------------------------------------------------

==============================================================================


      Code (inc. data)   RO Data    RW Data    ZI Data      Debug   

      8732        896        268        320      12256     317881   Grand Totals
      8732        896        268         40      12256     317881   ELF Image Totals (compressed)
      8732        896        268         40          0          0   ROM Totals

==============================================================================

    Total RO  Size (Code + RO Data)                 9000 (   8.79kB)
    Total RW  Size (RW Data + ZI Data)             12576 (  12.28kB)
    Total ROM Size (Code + RO Data + RW Data)       9040 (   8.83kB)

==============================================================================

