Component: ARM Compiler 5.06 update 2 (build 183) Tool: armlink [4d35b7]

==============================================================================

Section Cross References

    main.o(i.main) refers to main.o(i.prvSetupSysClock) for prvSetupSysClock
    main.o(i.main) refers to tasks.o(i.xTaskCreate) for xTaskCreate
    main.o(i.main) refers to tasks.o(i.vTaskStartScheduler) for vTaskStartScheduler
    main.o(i.main) refers to main.o(.data) for xKeyTaskHandle
    main.o(i.main) refers to ui.o(i.vKeysTask) for vKeysTask
    main.o(i.main) refers to ui.o(i.vLCDTask) for vLCDTask
    main.o(i.prvSetupSysClock) refers to stm32f10x_rcc.o(i.RCC_DeInit) for RCC_DeInit
    main.o(i.prvSetupSysClock) refers to stm32f10x_rcc.o(i.RCC_HSEConfig) for RCC_HSEConfig
    main.o(i.prvSetupSysClock) refers to stm32f10x_rcc.o(i.RCC_GetFlagStatus) for RCC_GetFlagStatus
    main.o(i.prvSetupSysClock) refers to stm32f10x_rcc.o(i.RCC_HCLKConfig) for RCC_HCLKConfig
    main.o(i.prvSetupSysClock) refers to stm32f10x_rcc.o(i.RCC_PCLK2Config) for RCC_PCLK2Config
    main.o(i.prvSetupSysClock) refers to stm32f10x_rcc.o(i.RCC_PCLK1Config) for RCC_PCLK1Config
    main.o(i.prvSetupSysClock) refers to stm32f10x_rcc.o(i.RCC_PLLConfig) for RCC_PLLConfig
    main.o(i.prvSetupSysClock) refers to stm32f10x_rcc.o(i.RCC_PLLCmd) for RCC_PLLCmd
    main.o(i.prvSetupSysClock) refers to stm32f10x_rcc.o(i.RCC_SYSCLKConfig) for RCC_SYSCLKConfig
    main.o(i.prvSetupSysClock) refers to stm32f10x_rcc.o(i.RCC_GetSYSCLKSource) for RCC_GetSYSCLKSource
    main.o(i.prvSetupSysClock) refers to stm32f10x_rcc.o(i.RCC_APB2PeriphClockCmd) for RCC_APB2PeriphClockCmd
    main.o(i.prvSetupSysClock) refers to misc.o(i.SysTick_CLKSourceConfig) for SysTick_CLKSourceConfig
    timertest.o(i.vSetupTimerTest) refers to stm32f10x_rcc.o(i.RCC_APB1PeriphClockCmd) for RCC_APB1PeriphClockCmd
    timertest.o(i.vSetupTimerTest) refers to stm32f10x_tim.o(i.TIM_DeInit) for TIM_DeInit
    timertest.o(i.vSetupTimerTest) refers to stm32f10x_tim.o(i.TIM_TimeBaseStructInit) for TIM_TimeBaseStructInit
    timertest.o(i.vSetupTimerTest) refers to stm32f10x_tim.o(i.TIM_TimeBaseInit) for TIM_TimeBaseInit
    timertest.o(i.vSetupTimerTest) refers to stm32f10x_tim.o(i.TIM_ARRPreloadConfig) for TIM_ARRPreloadConfig
    timertest.o(i.vSetupTimerTest) refers to stm32f10x_tim.o(i.TIM_Cmd) for TIM_Cmd
    timertest.o(i.vTimer2IntHandler) refers to stm32f10x_tim.o(i.TIM_ClearITPendingBit) for TIM_ClearITPendingBit
    timertest.o(i.vTimer2IntHandler) refers to timertest.o(.data) for usSettleCount
    ui.o(i.KeyScan) refers to tasks.o(i.vTaskResume) for vTaskResume
    ui.o(i.KeyScan) refers to ui.o(.data) for KeyOutPins
    ui.o(i.KeyScan) refers to ui.o(.bss) for Key
    ui.o(i.KeyScan) refers to main.o(.data) for xKeyTaskHandle
    ui.o(i.prvConfigKeyboard) refers to stm32f10x_gpio.o(i.GPIO_DeInit) for GPIO_DeInit
    ui.o(i.prvConfigKeyboard) refers to stm32f10x_rcc.o(i.RCC_APB2PeriphClockCmd) for RCC_APB2PeriphClockCmd
    ui.o(i.prvConfigKeyboard) refers to stm32f10x_gpio.o(i.GPIO_Init) for GPIO_Init
    ui.o(i.prvConfigKeyboard) refers to gpio_stm32f10x.o(i.GPIO_AFConfigure) for GPIO_AFConfigure
    ui.o(i.prvConfigLed) refers to stm32f10x_rcc.o(i.RCC_APB2PeriphClockCmd) for RCC_APB2PeriphClockCmd
    ui.o(i.prvConfigLed) refers to stm32f10x_gpio.o(i.GPIO_Init) for GPIO_Init
    ui.o(i.prvConfigLed) refers to ui.o(i.LedOff) for LedOff
    ui.o(i.prvConfigureLCD) refers to tft_lcd.o(i.myTFT_init) for myTFT_init
    ui.o(i.vKeysTask) refers to ui.o(i.prvConfigKeyboard) for prvConfigKeyboard
    ui.o(i.vKeysTask) refers to timers.o(i.xTimerCreate) for xTimerCreate
    ui.o(i.vKeysTask) refers to tasks.o(i.xTaskGetTickCount) for xTaskGetTickCount
    ui.o(i.vKeysTask) refers to timers.o(i.xTimerGenericCommand) for xTimerGenericCommand
    ui.o(i.vKeysTask) refers to tasks.o(i.vTaskSuspend) for vTaskSuspend
    ui.o(i.vKeysTask) refers to ui.o(i.KeyScan) for KeyScan
    ui.o(i.vKeysTask) refers to ui.o(.bss) for Key
    ui.o(i.vKeysTask) refers to ui.o(.data) for keyShortAction
    ui.o(i.vLCDTask) refers to ui.o(i.prvConfigLed) for prvConfigLed
    ui.o(i.vLCDTask) refers to ui.o(i.prvConfigureLCD) for prvConfigureLCD
    ui.o(.data) refers to ui.o(i.LedOn) for LedOn
    ui.o(.data) refers to ui.o(i.LedOff) for LedOff
    ui.o(.data) refers to ui.o(i.NopFunc) for NopFunc
    ui.o(.data) refers to ui.o(i.LedToggle) for LedToggle
    event_groups.o(i.vEventGroupClearBitsCallback) refers to event_groups.o(i.xEventGroupClearBits) for xEventGroupClearBits
    event_groups.o(i.vEventGroupDelete) refers to tasks.o(i.vTaskSuspendAll) for vTaskSuspendAll
    event_groups.o(i.vEventGroupDelete) refers to tasks.o(i.xTaskRemoveFromUnorderedEventList) for xTaskRemoveFromUnorderedEventList
    event_groups.o(i.vEventGroupDelete) refers to heap_2.o(i.vPortFree) for vPortFree
    event_groups.o(i.vEventGroupDelete) refers to tasks.o(i.xTaskResumeAll) for xTaskResumeAll
[...]
    Removing stm32f10x_tim.o(i.TIM_OC2PreloadConfig), (26 bytes).
    Removing stm32f10x_tim.o(i.TIM_OC3FastConfig), (18 bytes).
    Removing stm32f10x_tim.o(i.TIM_OC3Init), (160 bytes).
    Removing stm32f10x_tim.o(i.TIM_OC3NPolarityConfig), (26 bytes).
    Removing stm32f10x_tim.o(i.TIM_OC3PolarityConfig), (26 bytes).
    Removing stm32f10x_tim.o(i.TIM_OC3PreloadConfig), (18 bytes).
    Removing stm32f10x_tim.o(i.TIM_OC4FastConfig), (26 bytes).
    Removing stm32f10x_tim.o(i.TIM_OC4Init), (124 bytes).
    Removing stm32f10x_tim.o(i.TIM_OC4PolarityConfig), (26 bytes).
    Removing stm32f10x_tim.o(i.TIM_OC4PreloadConfig), (26 bytes).
    Removing stm32f10x_tim.o(i.TIM_OCStructInit), (20 bytes).
    Removing stm32f10x_tim.o(i.TIM_PWMIConfig), (124 bytes).
    Removing stm32f10x_tim.o(i.TIM_PrescalerConfig), (6 bytes).
    Removing stm32f10x_tim.o(i.TIM_SelectCCDMA), (24 bytes).
    Removing stm32f10x_tim.o(i.TIM_SelectCOM), (24 bytes).
    Removing stm32f10x_tim.o(i.TIM_SelectHallSensor), (24 bytes).
    Removing stm32f10x_tim.o(i.TIM_SelectInputTrigger), (18 bytes).
    Removing stm32f10x_tim.o(i.TIM_SelectMasterSlaveMode), (18 bytes).
    Removing stm32f10x_tim.o(i.TIM_SelectOCxM), (82 bytes).
    Removing stm32f10x_tim.o(i.TIM_SelectOnePulseMode), (18 bytes).
    Removing stm32f10x_tim.o(i.TIM_SelectOutputTrigger), (18 bytes).
    Removing stm32f10x_tim.o(i.TIM_SelectSlaveMode), (18 bytes).
    Removing stm32f10x_tim.o(i.TIM_SetAutoreload), (4 bytes).
    Removing stm32f10x_tim.o(i.TIM_SetClockDivision), (18 bytes).
    Removing stm32f10x_tim.o(i.TIM_SetCompare1), (4 bytes).
    Removing stm32f10x_tim.o(i.TIM_SetCompare2), (4 bytes).
    Removing stm32f10x_tim.o(i.TIM_SetCompare3), (4 bytes).
    Removing stm32f10x_tim.o(i.TIM_SetCompare4), (6 bytes).
    Removing stm32f10x_tim.o(i.TIM_SetCounter), (4 bytes).
    Removing stm32f10x_tim.o(i.TIM_SetIC1Prescaler), (18 bytes).
    Removing stm32f10x_tim.o(i.TIM_SetIC2Prescaler), (26 bytes).
    Removing stm32f10x_tim.o(i.TIM_SetIC3Prescaler), (18 bytes).
    Removing stm32f10x_tim.o(i.TIM_SetIC4Prescaler), (26 bytes).
    Removing stm32f10x_tim.o(i.TIM_TIxExternalClockConfig), (62 bytes).
    Removing stm32f10x_tim.o(i.TIM_TimeBaseInit), (164 bytes).
    Removing stm32f10x_tim.o(i.TIM_TimeBaseStructInit), (18 bytes).
    Removing stm32f10x_tim.o(i.TIM_UpdateDisableConfig), (24 bytes).
    Removing stm32f10x_tim.o(i.TIM_UpdateRequestConfig), (24 bytes).
    Removing stm32f10x_usart.o(.rev16_text), (4 bytes).
    Removing stm32f10x_usart.o(.revsh_text), (4 bytes).
    Removing stm32f10x_usart.o(.rrx_text), (6 bytes).
    Removing stm32f10x_usart.o(i.USART_ClearFlag), (18 bytes).
    Removing stm32f10x_usart.o(i.USART_ClearITPendingBit), (30 bytes).
    Removing stm32f10x_usart.o(i.USART_ClockInit), (34 bytes).
    Removing stm32f10x_usart.o(i.USART_ClockStructInit), (12 bytes).
    Removing stm32f10x_usart.o(i.USART_Cmd), (24 bytes).
    Removing stm32f10x_usart.o(i.USART_DMACmd), (18 bytes).
    Removing stm32f10x_usart.o(i.USART_DeInit), (156 bytes).
    Removing stm32f10x_usart.o(i.USART_GetFlagStatus), (26 bytes).
    Removing stm32f10x_usart.o(i.USART_GetITStatus), (84 bytes).
    Removing stm32f10x_usart.o(i.USART_HalfDuplexCmd), (24 bytes).
    Removing stm32f10x_usart.o(i.USART_ITConfig), (74 bytes).
    Removing stm32f10x_usart.o(i.USART_Init), (216 bytes).
    Removing stm32f10x_usart.o(i.USART_IrDACmd), (24 bytes).
    Removing stm32f10x_usart.o(i.USART_IrDAConfig), (18 bytes).
    Removing stm32f10x_usart.o(i.USART_LINBreakDetectLengthConfig), (18 bytes).
    Removing stm32f10x_usart.o(i.USART_LINCmd), (24 bytes).
    Removing stm32f10x_usart.o(i.USART_OneBitMethodCmd), (24 bytes).
    Removing stm32f10x_usart.o(i.USART_OverSampling8Cmd), (22 bytes).
    Removing stm32f10x_usart.o(i.USART_ReceiveData), (10 bytes).
    Removing stm32f10x_usart.o(i.USART_ReceiverWakeUpCmd), (24 bytes).
    Removing stm32f10x_usart.o(i.USART_SendBreak), (10 bytes).
    Removing stm32f10x_usart.o(i.USART_SendData), (8 bytes).
    Removing stm32f10x_usart.o(i.USART_SetAddress), (18 bytes).
    Removing stm32f10x_usart.o(i.USART_SetGuardTime), (16 bytes).
    Removing stm32f10x_usart.o(i.USART_SetPrescaler), (16 bytes).
    Removing stm32f10x_usart.o(i.USART_SmartCardCmd), (24 bytes).
    Removing stm32f10x_usart.o(i.USART_SmartCardNACKCmd), (24 bytes).
    Removing stm32f10x_usart.o(i.USART_StructInit), (24 bytes).
    Removing stm32f10x_usart.o(i.USART_WakeUpConfig), (18 bytes).
    Removing gpio_stm32f10x.o(.rev16_text), (4 bytes).
    Removing gpio_stm32f10x.o(.revsh_text), (4 bytes).
    Removing gpio_stm32f10x.o(.rrx_text), (6 bytes).
    Removing gpio_stm32f10x.o(i.GPIO_GetPortClockState), (152 bytes).
    Removing gpio_stm32f10x.o(i.GPIO_PinConfigure), (120 bytes).
    Removing gpio_stm32f10x.o(i.GPIO_PortClock), (316 bytes).

375 unused section(s) (total 19791 bytes) removed from the image.

==============================================================================

Image Symbol Table

    Local Symbols

    Symbol Name                              Value     Ov Type        Size  Object(Section)

    ../clib/angel/boardlib.s                 0x00000000   Number         0  boardinit2.o ABSOLUTE
    ../clib/angel/boardlib.s                 0x00000000   Number         0  boardinit1.o ABSOLUTE
    ../clib/angel/boardlib.s                 0x00000000   Number         0  boardshut.o ABSOLUTE
    ../clib/angel/boardlib.s                 0x00000000   Number         0  boardinit3.o ABSOLUTE
    ../clib/angel/dczerorl2.s                0x00000000   Number         0  __dczerorl2.o ABSOLUTE
    ../clib/angel/handlers.s                 0x00000000   Number         0  __scatter_zi.o ABSOLUTE
    ../clib/angel/kernel.s                   0x00000000   Number         0  rtexit2.o ABSOLUTE
    ../clib/angel/kernel.s                   0x00000000   Number         0  __rtentry4.o ABSOLUTE
    ../clib/angel/kernel.s                   0x00000000   Number         0  __rtentry2.o ABSOLUTE
    ../clib/angel/kernel.s                   0x00000000   Number         0  rtexit.o ABSOLUTE
    ../clib/angel/kernel.s                   0x00000000   Number         0  __rtentry.o ABSOLUTE
    ../clib/angel/rt.s                       0x00000000   Number         0  rt_raise.o ABSOLUTE
    ../clib/angel/scatter.s                  0x00000000   Number         0  __scatter.o ABSOLUTE
    ../clib/angel/startup.s                  0x00000000   Number         0  __main.o ABSOLUTE
    ../clib/angel/sys.s                      0x00000000   Number         0  indicate_semi.o ABSOLUTE
    ../clib/angel/sys.s                      0x00000000   Number         0  use_no_semi.o ABSOLUTE
    ../clib/angel/sys.s                      0x00000000   Number         0  libspace.o ABSOLUTE
    ../clib/angel/sys.s                      0x00000000   Number         0  sys_stackheap_outer.o ABSOLUTE
    ../clib/angel/sysapp.c                   0x00000000   Number         0  sys_command.o ABSOLUTE
    ../clib/angel/sysapp.c                   0x00000000   Number         0  sys_exit.o ABSOLUTE
    ../clib/angel/sysapp.c                   0x00000000   Number         0  sys_wrch.o ABSOLUTE
    ../clib/armsys.c                         0x00000000   Number         0  argv_veneer.o ABSOLUTE
    ../clib/armsys.c                         0x00000000   Number         0  argv_veneer.o ABSOLUTE
    ../clib/armsys.c                         0x00000000   Number         0  no_argv.o ABSOLUTE
    ../clib/armsys.c                         0x00000000   Number         0  _get_argv_nomalloc.o ABSOLUTE
    ../clib/heapalloc.c                      0x00000000   Number         0  hrguard.o ABSOLUTE
    ../clib/heapaux.c                        0x00000000   Number         0  heapauxi.o ABSOLUTE
    ../clib/libinit.s                        0x00000000   Number         0  libshutdown2.o ABSOLUTE
    ../clib/libinit.s                        0x00000000   Number         0  libinit2.o ABSOLUTE
    ../clib/libinit.s                        0x00000000   Number         0  libinit.o ABSOLUTE
    ../clib/libinit.s                        0x00000000   Number         0  libshutdown.o ABSOLUTE
    ../clib/memcpset.s                       0x00000000   Number         0  rt_memcpy_v6.o ABSOLUTE
    ../clib/memcpset.s                       0x00000000   Number         0  rt_memclr_w.o ABSOLUTE
    ../clib/memcpset.s                       0x00000000   Number         0  rt_memcpy_w.o ABSOLUTE
    ../clib/memcpset.s                       0x00000000   Number         0  rt_memclr.o ABSOLUTE
    ../clib/memcpset.s                       0x00000000   Number         0  aeabi_memset.o ABSOLUTE
    ../clib/signal.c                         0x00000000   Number         0  defsig_general.o ABSOLUTE
    ../clib/signal.c                         0x00000000   Number         0  defsig_exit.o ABSOLUTE
    ../clib/signal.c                         0x00000000   Number         0  defsig_rtmem_inner.o ABSOLUTE
    ../clib/signal.c                         0x00000000   Number         0  __raise.o ABSOLUTE
    ../clib/signal.c                         0x00000000   Number         0  defsig_segv_inner.o ABSOLUTE
    ../clib/signal.c                         0x00000000   Number         0  defsig_cppl_inner.o ABSOLUTE
    ../clib/signal.c                         0x00000000   Number         0  defsig_stak_inner.o ABSOLUTE
    ../clib/signal.c                         0x00000000   Number         0  defsig_rtred_inner.o ABSOLUTE
    ../clib/signal.c                         0x00000000   Number         0  defsig_fpe_inner.o ABSOLUTE
    ../clib/signal.c                         0x00000000   Number         0  defsig_abrt_inner.o ABSOLUTE
    ../clib/signal.c                         0x00000000   Number         0  defsig_pvfn_inner.o ABSOLUTE
    ../clib/signal.c                         0x00000000   Number         0  defsig_other.o ABSOLUTE
    ../clib/signal.c                         0x00000000   Number         0  defsig_rtmem_formal.o ABSOLUTE
    ../clib/signal.c                         0x00000000   Number         0  defsig_rtmem_outer.o ABSOLUTE
    ../clib/signal.s                         0x00000000   Number         0  defsig.o ABSOLUTE
    ../clib/stdlib.c                         0x00000000   Number         0  exit.o ABSOLUTE
    ../fplib/fpinit.s                        0x00000000   Number         0  fpinit.o ABSOLUTE
    Adafruit_GFX_Library\Adafruit_GFX.c      0x00000000   Number         0  adafruit_gfx.o ABSOLUTE
    Adafruit_GFX_Library\\Adafruit_GFX.c     0x00000000   Number         0  adafruit_gfx.o ABSOLUTE
    Adafruit_GFX_Library\glcdfont.c          0x00000000   Number         0  glcdfont.o ABSOLUTE
    RTE\Device\STM32F103C8\startup_stm32f10x_md.s 0x00000000   Number         0  startup_stm32f10x_md.o ABSOLUTE
    RTE\Device\STM32F103C8\system_stm32f10x.c 0x00000000   Number         0  system_stm32f10x.o ABSOLUTE
    RTE\\Device\\STM32F103C8\\system_stm32f10x.c 0x00000000   Number         0  system_stm32f10x.o ABSOLUTE
    d:\Keil_v5\ARM\PACK\Keil\STM32F1xx_DFP\2.1.0\Device\StdPeriph_Driver\src\misc.c 0x00000000   Number         0  misc.o ABSOLUTE
    d:\Keil_v5\ARM\PACK\Keil\STM32F1xx_DFP\2.1.0\Device\StdPeriph_Driver\src\stm32f10x_dma.c 0x00000000   Number         0  stm32f10x_dma.o ABSOLUTE
    d:\Keil_v5\ARM\PACK\Keil\STM32F1xx_DFP\2.1.0\Device\StdPeriph_Driver\src\stm32f10x_gpio.c 0x00000000   Number         0  stm32f10x_gpio.o ABSOLUTE
    d:\Keil_v5\ARM\PACK\Keil\STM32F1xx_DFP\2.1.0\Device\StdPeriph_Driver\src\stm32f10x_rcc.c 0x00000000   Number         0  stm32f10x_rcc.o ABSOLUTE
    d:\Keil_v5\ARM\PACK\Keil\STM32F1xx_DFP\2.1.0\Device\StdPeriph_Driver\src\stm32f10x_spi.c 0x00000000   Number         0  stm32f10x_spi.o ABSOLUTE
    d:\Keil_v5\ARM\PACK\Keil\STM32F1xx_DFP\2.1.0\Device\StdPeriph_Driver\src\stm32f10x_tim.c 0x00000000   Number         0  stm32f10x_tim.o ABSOLUTE
    d:\Keil_v5\ARM\PACK\Keil\STM32F1xx_DFP\2.1.0\Device\StdPeriph_Driver\src\stm32f10x_usart.c 0x00000000   Number         0  stm32f10x_usart.o ABSOLUTE
    d:\Keil_v5\ARM\PACK\Keil\STM32F1xx_DFP\2.1.0\RTE_Driver\GPIO_STM32F10x.c 0x00000000   Number         0  gpio_stm32f10x.o ABSOLUTE
    d:\\Keil_v5\\ARM\\PACK\\Keil\\STM32F1xx_DFP\\2.1.0\\Device\\StdPeriph_Driver\\src\\misc.c 0x00000000   Number         0  misc.o ABSOLUTE
    d:\\Keil_v5\\ARM\\PACK\\Keil\\STM32F1xx_DFP\\2.1.0\\Device\\StdPeriph_Driver\\src\\stm32f10x_dma.c 0x00000000   Number         0  stm32f10x_dma.o ABSOLUTE
    d:\\Keil_v5\\ARM\\PACK\\Keil\\STM32F1xx_DFP\\2.1.0\\Device\\StdPeriph_Driver\\src\\stm32f10x_gpio.c 0x00000000   Number         0  stm32f10x_gpio.o ABSOLUTE
    d:\\Keil_v5\\ARM\\PACK\\Keil\\STM32F1xx_DFP\\2.1.0\\Device\\StdPeriph_Driver\\src\\stm32f10x_rcc.c 0x00000000   Number         0  stm32f10x_rcc.o ABSOLUTE
    d:\\Keil_v5\\ARM\\PACK\\Keil\\STM32F1xx_DFP\\2.1.0\\Device\\StdPeriph_Driver\\src\\stm32f10x_spi.c 0x00000000   Number         0  stm32f10x_spi.o ABSOLUTE
    d:\\Keil_v5\\ARM\\PACK\\Keil\\STM32F1xx_DFP\\2.1.0\\Device\\StdPeriph_Driver\\src\\stm32f10x_tim.c 0x00000000   Number         0  stm32f10x_tim.o ABSOLUTE
    d:\\Keil_v5\\ARM\\PACK\\Keil\\STM32F1xx_DFP\\2.1.0\\Device\\StdPeriph_Driver\\src\\stm32f10x_usart.c 0x00000000   Number         0  stm32f10x_usart.o ABSOLUTE
    d:\\Keil_v5\\ARM\\PACK\\Keil\\STM32F1xx_DFP\\2.1.0\\RTE_Driver\\GPIO_STM32F10x.c 0x00000000   Number         0  gpio_stm32f10x.o ABSOLUTE
    dc.s                                     0x00000000   Number         0  dc.o ABSOLUTE
    freeRTOS\\croutine.c                     0x00000000   Number         0  croutine.o ABSOLUTE
    freeRTOS\\event_groups.c                 0x00000000   Number         0  event_groups.o ABSOLUTE
    freeRTOS\\heap_2.c                       0x00000000   Number         0  heap_2.o ABSOLUTE
    freeRTOS\\list.c                         0x00000000   Number         0  list.o ABSOLUTE
    freeRTOS\\port.c                         0x00000000   Number         0  port.o ABSOLUTE
    freeRTOS\\queue.c                        0x00000000   Number         0  queue.o ABSOLUTE
    freeRTOS\\tasks.c                        0x00000000   Number         0  tasks.o ABSOLUTE
    freeRTOS\\timers.c                       0x00000000   Number         0  timers.o ABSOLUTE
    freeRTOS\croutine.c                      0x00000000   Number         0  croutine.o ABSOLUTE
    freeRTOS\event_groups.c                  0x00000000   Number         0  event_groups.o ABSOLUTE
    freeRTOS\heap_2.c                        0x00000000   Number         0  heap_2.o ABSOLUTE
    freeRTOS\list.c                          0x00000000   Number         0  list.o ABSOLUTE
    freeRTOS\port.c                          0x00000000   Number         0  port.o ABSOLUTE
    freeRTOS\queue.c                         0x00000000   Number         0  queue.o ABSOLUTE
    freeRTOS\tasks.c                         0x00000000   Number         0  tasks.o ABSOLUTE
    freeRTOS\timers.c                        0x00000000   Number         0  timers.o ABSOLUTE
    src\\main.c                              0x00000000   Number         0  main.o ABSOLUTE
    src\\tft_lcd.c                           0x00000000   Number         0  tft_lcd.o ABSOLUTE
    src\\timertest.c                         0x00000000   Number         0  timertest.o ABSOLUTE
    src\\ui.c                                0x00000000   Number         0  ui.o ABSOLUTE
    src\keys.c                               0x00000000   Number         0  keys.o ABSOLUTE
    src\main.c                               0x00000000   Number         0  main.o ABSOLUTE
    src\tft_lcd.c                            0x00000000   Number         0  tft_lcd.o ABSOLUTE
    src\timertest.c                          0x00000000   Number         0  timertest.o ABSOLUTE
    src\ui.c                                 0x00000000   Number         0  ui.o ABSOLUTE
    RESET                                    0x08000000   Section      236  startup_stm32f10x_md.o(RESET)
    !!!main                                  0x080000ec   Section        8  __main.o(!!!main)
    !!!scatter                               0x080000f4   Section       52  __scatter.o(!!!scatter)
    !!dczerorl2                              0x08000128   Section       90  __dczerorl2.o(!!dczerorl2)
    !!handler_zi                             0x08000184   Section       28  __scatter_zi.o(!!handler_zi)
    .ARM.Collect$$libinit$$00000000          0x080001a0   Section        2  libinit.o(.ARM.Collect$$libinit$$00000000)
    .ARM.Collect$$libinit$$00000002          0x080001a2   Section        0  libinit2.o(.ARM.Collect$$libinit$$00000002)
    .ARM.Collect$$libinit$$00000004          0x080001a2   Section        0  libinit2.o(.ARM.Collect$$libinit$$00000004)
    .ARM.Collect$$libinit$$0000000A          0x080001a2   Section        0  libinit2.o(.ARM.Collect$$libinit$$0000000A)
    .ARM.Collect$$libinit$$0000000C          0x080001a2   Section        0  libinit2.o(.ARM.Collect$$libinit$$0000000C)
    .ARM.Collect$$libinit$$0000000E          0x080001a2   Section        0  libinit2.o(.ARM.Collect$$libinit$$0000000E)
    .ARM.Collect$$libinit$$00000011          0x080001a2   Section        0  libinit2.o(.ARM.Collect$$libinit$$00000011)
    .ARM.Collect$$libinit$$00000013          0x080001a2   Section        0  libinit2.o(.ARM.Collect$$libinit$$00000013)
    .ARM.Collect$$libinit$$00000015          0x080001a2   Section        0  libinit2.o(.ARM.Collect$$libinit$$00000015)
    .ARM.Collect$$libinit$$00000017          0x080001a2   Section        0  libinit2.o(.ARM.Collect$$libinit$$00000017)
    .ARM.Collect$$libinit$$00000019          0x080001a2   Section        0  libinit2.o(.ARM.Collect$$libinit$$00000019)
    .ARM.Collect$$libinit$$0000001B          0x080001a2   Section        0  libinit2.o(.ARM.Collect$$libinit$$0000001B)
    .ARM.Collect$$libinit$$0000001D          0x080001a2   Section        0  libinit2.o(.ARM.Collect$$libinit$$0000001D)
    .ARM.Collect$$libinit$$0000001F          0x080001a2   Section        0  libinit2.o(.ARM.Collect$$libinit$$0000001F)
    .ARM.Collect$$libinit$$00000021          0x080001a2   Section        0  libinit2.o(.ARM.Collect$$libinit$$00000021)
    .ARM.Collect$$libinit$$00000023          0x080001a2   Section        0  libinit2.o(.ARM.Collect$$libinit$$00000023)
    .ARM.Collect$$libinit$$00000025          0x080001a2   Section        0  libinit2.o(.ARM.Collect$$libinit$$00000025)
    .ARM.Collect$$libinit$$0000002C          0x080001a2   Section        0  libinit2.o(.ARM.Collect$$libinit$$0000002C)
    .ARM.Collect$$libinit$$0000002E          0x080001a2   Section        0  libinit2.o(.ARM.Collect$$libinit$$0000002E)
    .ARM.Collect$$libinit$$00000030          0x080001a2   Section        0  libinit2.o(.ARM.Collect$$libinit$$00000030)
    .ARM.Collect$$libinit$$00000032          0x080001a2   Section        0  libinit2.o(.ARM.Collect$$libinit$$00000032)
    .ARM.Collect$$libinit$$00000033          0x080001a2   Section        2  libinit2.o(.ARM.Collect$$libinit$$00000033)
    .ARM.Collect$$libshutdown$$00000000      0x080001a4   Section        2  libshutdown.o(.ARM.Collect$$libshutdown$$00000000)
    .ARM.Collect$$libshutdown$$00000002      0x080001a6   Section        0  libshutdown2.o(.ARM.Collect$$libshutdown$$00000002)
    .ARM.Collect$$libshutdown$$00000004      0x080001a6   Section        0  libshutdown2.o(.ARM.Collect$$libshutdown$$00000004)
    .ARM.Collect$$libshutdown$$00000007      0x080001a6   Section        0  libshutdown2.o(.ARM.Collect$$libshutdown$$00000007)
    .ARM.Collect$$libshutdown$$0000000A      0x080001a6   Section        0  libshutdown2.o(.ARM.Collect$$libshutdown$$0000000A)
    .ARM.Collect$$libshutdown$$0000000C      0x080001a6   Section        0  libshutdown2.o(.ARM.Collect$$libshutdown$$0000000C)
    .ARM.Collect$$libshutdown$$0000000F      0x080001a6   Section        0  libshutdown2.o(.ARM.Collect$$libshutdown$$0000000F)
    .ARM.Collect$$libshutdown$$00000010      0x080001a6   Section        2  libshutdown2.o(.ARM.Collect$$libshutdown$$00000010)
    .ARM.Collect$$rtentry$$00000000          0x080001a8   Section        0  __rtentry.o(.ARM.Collect$$rtentry$$00000000)
    .ARM.Collect$$rtentry$$00000002          0x080001a8   Section        0  __rtentry2.o(.ARM.Collect$$rtentry$$00000002)
    .ARM.Collect$$rtentry$$00000004          0x080001a8   Section        6  __rtentry4.o(.ARM.Collect$$rtentry$$00000004)
    .ARM.Collect$$rtentry$$00000009          0x080001ae   Section        0  __rtentry2.o(.ARM.Collect$$rtentry$$00000009)
    .ARM.Collect$$rtentry$$0000000A          0x080001ae   Section        4  __rtentry2.o(.ARM.Collect$$rtentry$$0000000A)
    .ARM.Collect$$rtentry$$0000000C          0x080001b2   Section        0  __rtentry2.o(.ARM.Collect$$rtentry$$0000000C)
    .ARM.Collect$$rtentry$$0000000D          0x080001b2   Section        8  __rtentry2.o(.ARM.Collect$$rtentry$$0000000D)
    .ARM.Collect$$rtexit$$00000000           0x080001ba   Section        2  rtexit.o(.ARM.Collect$$rtexit$$00000000)
    .ARM.Collect$$rtexit$$00000002           0x080001bc   Section        0  rtexit2.o(.ARM.Collect$$rtexit$$00000002)
    .ARM.Collect$$rtexit$$00000003           0x080001bc   Section        4  rtexit2.o(.ARM.Collect$$rtexit$$00000003)
    .ARM.Collect$$rtexit$$00000004           0x080001c0   Section        6  rtexit2.o(.ARM.Collect$$rtexit$$00000004)
    .emb_text                                0x080001c8   Section      150  port.o(.emb_text)
    .text                                    0x08000260   Section       64  startup_stm32f10x_md.o(.text)
    .text                                    0x080002a0   Section      138  rt_memcpy_v6.o(.text)
    .text                                    0x0800032a   Section       16  aeabi_memset.o(.text)
    .text                                    0x0800033a   Section        0  heapauxi.o(.text)
    .text                                    0x08000340   Section      100  rt_memcpy_w.o(.text)
    .text                                    0x080003a4   Section       68  rt_memclr.o(.text)
    .text                                    0x080003e8   Section       78  rt_memclr_w.o(.text)
    .text                                    0x08000436   Section       74  sys_stackheap_outer.o(.text)
    .text                                    0x08000480   Section        0  exit.o(.text)
    .text                                    0x08000494   Section        8  libspace.o(.text)
    .text                                    0x0800049c   Section        0  sys_exit.o(.text)
    .text                                    0x080004a8   Section        2  use_no_semi.o(.text)
    .text                                    0x080004aa   Section        0  indicate_semi.o(.text)
    i.Adafruit_GFX_Init                      0x080004aa   Section        0  adafruit_gfx.o(i.Adafruit_GFX_Init)
    i.GPIO_AFConfigure                       0x080004cc   Section        0  gpio_stm32f10x.o(i.GPIO_AFConfigure)
    i.GPIO_DeInit                            0x08000524   Section        0  stm32f10x_gpio.o(i.GPIO_DeInit)
    i.GPIO_Init                              0x080005ec   Section        0  stm32f10x_gpio.o(i.GPIO_Init)
    i.KeyScan                                0x08000704   Section        0  ui.o(i.KeyScan)
    KeyScan                                  0x08000705   Thumb Code   198  ui.o(i.KeyScan)
    i.LedOff                                 0x080007e0   Section        0  ui.o(i.LedOff)
    i.LedOn                                  0x080007ec   Section        0  ui.o(i.LedOn)
    i.LedToggle                              0x080007f8   Section        0  ui.o(i.LedToggle)
    i.NopFunc                                0x0800080c   Section        0  ui.o(i.NopFunc)
    i.RCC_APB2PeriphClockCmd                 0x08000810   Section        0  stm32f10x_rcc.o(i.RCC_APB2PeriphClockCmd)
    i.RCC_APB2PeriphResetCmd                 0x08000830   Section        0  stm32f10x_rcc.o(i.RCC_APB2PeriphResetCmd)
    i.RCC_DeInit                             0x08000850   Section        0  stm32f10x_rcc.o(i.RCC_DeInit)
    i.RCC_GetFlagStatus                      0x0800089c   Section        0  stm32f10x_rcc.o(i.RCC_GetFlagStatus)
    i.RCC_GetSYSCLKSource                    0x080008d8   Section        0  stm32f10x_rcc.o(i.RCC_GetSYSCLKSource)
    i.RCC_HCLKConfig                         0x080008e8   Section        0  stm32f10x_rcc.o(i.RCC_HCLKConfig)
    i.RCC_HSEConfig                          0x08000900   Section        0  stm32f10x_rcc.o(i.RCC_HSEConfig)
    i.RCC_PCLK1Config                        0x0800094c   Section        0  stm32f10x_rcc.o(i.RCC_PCLK1Config)
    i.RCC_PCLK2Config                        0x08000964   Section        0  stm32f10x_rcc.o(i.RCC_PCLK2Config)
    i.RCC_PLLCmd                             0x0800097c   Section        0  stm32f10x_rcc.o(i.RCC_PLLCmd)
    i.RCC_PLLConfig                          0x08000988   Section        0  stm32f10x_rcc.o(i.RCC_PLLConfig)
    i.RCC_SYSCLKConfig                       0x080009a4   Section        0  stm32f10x_rcc.o(i.RCC_SYSCLKConfig)
    i.SetSysClock                            0x080009bc   Section        0  system_stm32f10x.o(i.SetSysClock)
    SetSysClock                              0x080009bd   Thumb Code     8  system_stm32f10x.o(i.SetSysClock)
    i.SetSysClockTo72                        0x080009c4   Section        0  system_stm32f10x.o(i.SetSysClockTo72)
    SetSysClockTo72                          0x080009c5   Thumb Code   214  system_stm32f10x.o(i.SetSysClockTo72)
    i.SysTick_CLKSourceConfig                0x08000aa4   Section        0  misc.o(i.SysTick_CLKSourceConfig)
    i.SysTick_Handler                        0x08000acc   Section        0  port.o(i.SysTick_Handler)
    i.SystemInit                             0x08000b00   Section        0  system_stm32f10x.o(i.SystemInit)
    i.init_table16                           0x08000b60   Section        0  tft_lcd.o(i.init_table16)
    init_table16                             0x08000b61   Thumb Code    62  tft_lcd.o(i.init_table16)
    i.main                                   0x08000ba0   Section        0  main.o(i.main)
    i.myTFT_WriteCmd                         0x08000bf0   Section        0  tft_lcd.o(i.myTFT_WriteCmd)
    i.myTFT_WriteCmdData                     0x08000c28   Section        0  tft_lcd.o(i.myTFT_WriteCmdData)
    i.myTFT_WriteData                        0x08000c3c   Section        0  tft_lcd.o(i.myTFT_WriteData)
    i.myTFT_delay                            0x08000c74   Section        0  tft_lcd.o(i.myTFT_delay)
    i.myTFT_drawPixel                        0x08000c86   Section        0  tft_lcd.o(i.myTFT_drawPixel)
    i.myTFT_getConfig                        0x08000cc6   Section        0  tft_lcd.o(i.myTFT_getConfig)
    i.myTFT_init                             0x08000ce4   Section        0  tft_lcd.o(i.myTFT_init)
    i.myTFT_readReg                          0x08000e20   Section        0  tft_lcd.o(i.myTFT_readReg)
    i.myTFT_reset                            0x08000e78   Section        0  tft_lcd.o(i.myTFT_reset)
    i.myTFT_setAddrWindow                    0x08000ee4   Section        0  tft_lcd.o(i.myTFT_setAddrWindow)
    i.myTFT_setRotation                      0x08000f20   Section        0  tft_lcd.o(i.myTFT_setRotation)
    i.myTFT_vertScroll                       0x08000f8c   Section        0  tft_lcd.o(i.myTFT_vertScroll)
    i.prvAddCurrentTaskToDelayedList         0x08000fd0   Section        0  tasks.o(i.prvAddCurrentTaskToDelayedList)
    prvAddCurrentTaskToDelayedList           0x08000fd1   Thumb Code   124  tasks.o(i.prvAddCurrentTaskToDelayedList)
    i.prvAddNewTaskToReadyList               0x08001068   Section        0  tasks.o(i.prvAddNewTaskToReadyList)
    prvAddNewTaskToReadyList                 0x08001069   Thumb Code   156  tasks.o(i.prvAddNewTaskToReadyList)
    i.prvCheckForValidListAndQueue           0x08001120   Section        0  timers.o(i.prvCheckForValidListAndQueue)
    prvCheckForValidListAndQueue             0x08001121   Thumb Code    72  timers.o(i.prvCheckForValidListAndQueue)
    i.prvCheckTasksWaitingTermination        0x08001184   Section        0  tasks.o(i.prvCheckTasksWaitingTermination)
    prvCheckTasksWaitingTermination          0x08001185   Thumb Code    86  tasks.o(i.prvCheckTasksWaitingTermination)
    i.prvConfigKeyboard                      0x080011e8   Section        0  ui.o(i.prvConfigKeyboard)
    prvConfigKeyboard                        0x080011e9   Thumb Code    90  ui.o(i.prvConfigKeyboard)
    i.prvConfigLed                           0x08001248   Section        0  ui.o(i.prvConfigLed)
    prvConfigLed                             0x08001249   Thumb Code    44  ui.o(i.prvConfigLed)
    i.prvConfigureLCD                        0x08001278   Section        0  ui.o(i.prvConfigureLCD)
    i.prvCopyDataFromQueue                   0x08001280   Section        0  queue.o(i.prvCopyDataFromQueue)
    prvCopyDataFromQueue                     0x08001281   Thumb Code    42  queue.o(i.prvCopyDataFromQueue)
    i.prvCopyDataToQueue                     0x080012aa   Section        0  queue.o(i.prvCopyDataToQueue)
    prvCopyDataToQueue                       0x080012ab   Thumb Code   106  queue.o(i.prvCopyDataToQueue)
    i.prvDeleteTCB                           0x08001314   Section        0  tasks.o(i.prvDeleteTCB)
    prvDeleteTCB                             0x08001315   Thumb Code    18  tasks.o(i.prvDeleteTCB)
    i.prvGetNextExpireTime                   0x08001328   Section        0  timers.o(i.prvGetNextExpireTime)
    prvGetNextExpireTime                     0x08001329   Thumb Code    36  timers.o(i.prvGetNextExpireTime)
    i.prvHeapInit                            0x08001350   Section        0  heap_2.o(i.prvHeapInit)
    prvHeapInit                              0x08001351   Thumb Code    42  heap_2.o(i.prvHeapInit)
    i.prvIdleTask                            0x08001388   Section        0  tasks.o(i.prvIdleTask)
    prvIdleTask                              0x08001389   Thumb Code    32  tasks.o(i.prvIdleTask)
    i.prvInitialiseNewQueue                  0x080013b0   Section        0  queue.o(i.prvInitialiseNewQueue)
    prvInitialiseNewQueue                    0x080013b1   Thumb Code    42  queue.o(i.prvInitialiseNewQueue)
    i.prvInitialiseNewTask                   0x080013da   Section        0  tasks.o(i.prvInitialiseNewTask)
    prvInitialiseNewTask                     0x080013db   Thumb Code   162  tasks.o(i.prvInitialiseNewTask)
    i.prvInitialiseNewTimer                  0x0800147c   Section        0  timers.o(i.prvInitialiseNewTimer)
    prvInitialiseNewTimer                    0x0800147d   Thumb Code    46  timers.o(i.prvInitialiseNewTimer)
    i.prvInitialiseTaskLists                 0x080014ac   Section        0  tasks.o(i.prvInitialiseTaskLists)
    prvInitialiseTaskLists                   0x080014ad   Thumb Code    70  tasks.o(i.prvInitialiseTaskLists)
    i.prvInsertTimerInActiveList             0x08001514   Section        0  timers.o(i.prvInsertTimerInActiveList)
    prvInsertTimerInActiveList               0x08001515   Thumb Code    80  timers.o(i.prvInsertTimerInActiveList)
    i.prvIsQueueEmpty                        0x0800156c   Section        0  queue.o(i.prvIsQueueEmpty)
    prvIsQueueEmpty                          0x0800156d   Thumb Code    26  queue.o(i.prvIsQueueEmpty)
    i.prvIsQueueFull                         0x08001586   Section        0  queue.o(i.prvIsQueueFull)
    prvIsQueueFull                           0x08001587   Thumb Code    30  queue.o(i.prvIsQueueFull)
    i.prvProcessExpiredTimer                 0x080015a4   Section        0  timers.o(i.prvProcessExpiredTimer)
    prvProcessExpiredTimer                   0x080015a5   Thumb Code    70  timers.o(i.prvProcessExpiredTimer)
    i.prvProcessReceivedCommands             0x080015f0   Section        0  timers.o(i.prvProcessReceivedCommands)
    prvProcessReceivedCommands               0x080015f1   Thumb Code   184  timers.o(i.prvProcessReceivedCommands)
    i.prvProcessTimerOrBlockTask             0x080016ac   Section        0  timers.o(i.prvProcessTimerOrBlockTask)
    prvProcessTimerOrBlockTask               0x080016ad   Thumb Code   102  timers.o(i.prvProcessTimerOrBlockTask)
    i.prvResetNextTaskUnblockTime            0x08001720   Section        0  tasks.o(i.prvResetNextTaskUnblockTime)
    prvResetNextTaskUnblockTime              0x08001721   Thumb Code    42  tasks.o(i.prvResetNextTaskUnblockTime)
    i.prvSampleTimeNow                       0x08001754   Section        0  timers.o(i.prvSampleTimeNow)
    prvSampleTimeNow                         0x08001755   Thumb Code    40  timers.o(i.prvSampleTimeNow)
    i.prvSetupSysClock                       0x08001780   Section        0  main.o(i.prvSetupSysClock)
    prvSetupSysClock                         0x08001781   Thumb Code   114  main.o(i.prvSetupSysClock)
    i.prvSwitchTimerLists                    0x080017f8   Section        0  timers.o(i.prvSwitchTimerLists)
    prvSwitchTimerLists                      0x080017f9   Thumb Code   122  timers.o(i.prvSwitchTimerLists)
    i.prvTaskExitError                       0x0800187c   Section        0  port.o(i.prvTaskExitError)
    prvTaskExitError                         0x0800187d   Thumb Code    22  port.o(i.prvTaskExitError)
    i.prvTaskIsTaskSuspended                 0x08001894   Section        0  tasks.o(i.prvTaskIsTaskSuspended)
    prvTaskIsTaskSuspended                   0x08001895   Thumb Code    56  tasks.o(i.prvTaskIsTaskSuspended)
    i.prvTimerTask                           0x080018d4   Section        0  timers.o(i.prvTimerTask)
    prvTimerTask                             0x080018d5   Thumb Code    26  timers.o(i.prvTimerTask)
    i.prvUnlockQueue                         0x080018ee   Section        0  queue.o(i.prvUnlockQueue)
    prvUnlockQueue                           0x080018ef   Thumb Code   126  queue.o(i.prvUnlockQueue)
    i.pvPortMalloc                           0x0800196c   Section        0  heap_2.o(i.pvPortMalloc)
    i.pxPortInitialiseStack                  0x08001a24   Section        0  port.o(i.pxPortInitialiseStack)
    i.read16                                 0x08001a48   Section        0  tft_lcd.o(i.read16)
    i.uxListRemove                           0x08001ac8   Section        0  list.o(i.uxListRemove)
    i.vKeysTask                              0x08001af0   Section        0  ui.o(i.vKeysTask)
    i.vLCDTask                               0x08001bc0   Section        0  ui.o(i.vLCDTask)
    i.vListInitialise                        0x08001bcc   Section        0  list.o(i.vListInitialise)
    i.vListInitialiseItem                    0x08001be6   Section        0  list.o(i.vListInitialiseItem)
    i.vListInsert                            0x08001bec   Section        0  list.o(i.vListInsert)
    i.vListInsertEnd                         0x08001c20   Section        0  list.o(i.vListInsertEnd)
    i.vPortEnterCritical                     0x08001c38   Section        0  port.o(i.vPortEnterCritical)
    i.vPortExitCritical                      0x08001c5c   Section        0  port.o(i.vPortExitCritical)
    i.vPortFree                              0x08001c7c   Section        0  heap_2.o(i.vPortFree)
    i.vPortSetupTimerInterrupt               0x08001cbc   Section        0  port.o(i.vPortSetupTimerInterrupt)
    i.vQueueAddToRegistry                    0x08001cd0   Section        0  queue.o(i.vQueueAddToRegistry)
    i.vQueueWaitForMessageRestricted         0x08001cfc   Section        0  queue.o(i.vQueueWaitForMessageRestricted)
    i.vTaskMissedYield                       0x08001d48   Section        0  tasks.o(i.vTaskMissedYield)
    i.vTaskPlaceOnEventList                  0x08001d54   Section        0  tasks.o(i.vTaskPlaceOnEventList)
    i.vTaskPlaceOnEventListRestricted        0x08001d74   Section        0  tasks.o(i.vTaskPlaceOnEventListRestricted)
    i.vTaskResume                            0x08001d9c   Section        0  tasks.o(i.vTaskResume)
    i.vTaskSetTimeOutState                   0x08001e14   Section        0  tasks.o(i.vTaskSetTimeOutState)
    i.vTaskStartScheduler                    0x08001e2c   Section        0  tasks.o(i.vTaskStartScheduler)
    i.vTaskSuspend                           0x08001e9c   Section        0  tasks.o(i.vTaskSuspend)
    i.vTaskSuspendAll                        0x08001f58   Section        0  tasks.o(i.vTaskSuspendAll)
    i.vTaskSwitchContext                     0x08001f68   Section        0  tasks.o(i.vTaskSwitchContext)
    i.write16                                0x08001fc8   Section        0  tft_lcd.o(i.write16)
    i.write8                                 0x08001fdc   Section        0  tft_lcd.o(i.write8)
    i.xPortStartScheduler                    0x08002038   Section        0  port.o(i.xPortStartScheduler)
    i.xQueueGenericCreate                    0x0800206c   Section        0  queue.o(i.xQueueGenericCreate)
    i.xQueueGenericReceive                   0x080020a4   Section        0  queue.o(i.xQueueGenericReceive)
    i.xQueueGenericReset                     0x080021e0   Section        0  queue.o(i.xQueueGenericReset)
    i.xQueueGenericSend                      0x08002260   Section        0  queue.o(i.xQueueGenericSend)
    i.xQueueGenericSendFromISR               0x08002378   Section        0  queue.o(i.xQueueGenericSendFromISR)
    i.xTaskCheckForTimeOut                   0x08002400   Section        0  tasks.o(i.xTaskCheckForTimeOut)
    i.xTaskCreate                            0x0800245c   Section        0  tasks.o(i.xTaskCreate)
    i.xTaskGetSchedulerState                 0x080024bc   Section        0  tasks.o(i.xTaskGetSchedulerState)
    i.xTaskGetTickCount                      0x080024dc   Section        0  tasks.o(i.xTaskGetTickCount)
    i.xTaskIncrementTick                     0x080024e8   Section        0  tasks.o(i.xTaskIncrementTick)
    i.xTaskRemoveFromEventList               0x08002604   Section        0  tasks.o(i.xTaskRemoveFromEventList)
    i.xTaskResumeAll                         0x08002684   Section        0  tasks.o(i.xTaskResumeAll)
    i.xTimerCreate                           0x0800276c   Section        0  timers.o(i.xTimerCreate)
    i.xTimerCreateTimerTask                  0x0800279c   Section        0  timers.o(i.xTimerCreateTimerTask)
    i.xTimerGenericCommand                   0x080027d8   Section        0  timers.o(i.xTimerGenericCommand)
    .constdata                               0x08002844   Section     1432  tft_lcd.o(.constdata)
    font                                     0x08002844   Data        1275  tft_lcd.o(.constdata)
    S6D0154_regValues                        0x08002d40   Data         156  tft_lcd.o(.constdata)
    .data                                    0x20000000   Section        4  main.o(.data)
    .data                                    0x20000004   Section      208  ui.o(.data)
    .data                                    0x200000d4   Section        4  port.o(.data)
    uxCriticalNesting                        0x200000d4   Data           4  port.o(.data)
    .data                                    0x200000d8   Section       60  tasks.o(.data)
    pxDelayedTaskList                        0x200000dc   Data           4  tasks.o(.data)
    pxOverflowDelayedTaskList                0x200000e0   Data           4  tasks.o(.data)
    uxDeletedTasksWaitingCleanUp             0x200000e4   Data           4  tasks.o(.data)
    uxCurrentNumberOfTasks                   0x200000e8   Data           4  tasks.o(.data)
    xTickCount                               0x200000ec   Data           4  tasks.o(.data)
    uxTopReadyPriority                       0x200000f0   Data           4  tasks.o(.data)
    xSchedulerRunning                        0x200000f4   Data           4  tasks.o(.data)
    uxPendedTicks                            0x200000f8   Data           4  tasks.o(.data)
    xYieldPending                            0x200000fc   Data           4  tasks.o(.data)
    xNumOfOverflows                          0x20000100   Data           4  tasks.o(.data)
    uxTaskNumber                             0x20000104   Data           4  tasks.o(.data)
    xNextTaskUnblockTime                     0x20000108   Data           4  tasks.o(.data)
    xIdleTaskHandle                          0x2000010c   Data           4  tasks.o(.data)
    uxSchedulerSuspended                     0x20000110   Data           4  tasks.o(.data)
    .data                                    0x20000114   Section       20  timers.o(.data)
    pxCurrentTimerList                       0x20000114   Data           4  timers.o(.data)
    pxOverflowTimerList                      0x20000118   Data           4  timers.o(.data)
    xTimerQueue                              0x2000011c   Data           4  timers.o(.data)
    xTimerTaskHandle                         0x20000120   Data           4  timers.o(.data)
    xLastTime                                0x20000124   Data           4  timers.o(.data)
    .data                                    0x20000128   Section       24  heap_2.o(.data)
    xStart                                   0x20000128   Data           8  heap_2.o(.data)
    xEnd                                     0x20000130   Data           8  heap_2.o(.data)
    xFreeBytesRemaining                      0x20000138   Data           4  heap_2.o(.data)
    xHeapHasBeenInitialised                  0x2000013c   Data           4  heap_2.o(.data)
    .data                                    0x20000140   Section       37  tft_lcd.o(.data)
    .bss                                     0x20000168   Section       64  ui.o(.bss)
    .bss                                     0x200001a8   Section       80  queue.o(.bss)
    .bss                                     0x200001f8   Section      200  tasks.o(.bss)
    pxReadyTasksLists                        0x200001f8   Data         100  tasks.o(.bss)
    xDelayedTaskList1                        0x2000025c   Data          20  tasks.o(.bss)
    xDelayedTaskList2                        0x20000270   Data          20  tasks.o(.bss)
    xPendingReadyList                        0x20000284   Data          20  tasks.o(.bss)
    xTasksWaitingTermination                 0x20000298   Data          20  tasks.o(.bss)
    xSuspendedTaskList                       0x200002ac   Data          20  tasks.o(.bss)
    .bss                                     0x200002c0   Section       40  timers.o(.bss)
    xActiveTimerList1                        0x200002c0   Data          20  timers.o(.bss)
    xActiveTimerList2                        0x200002d4   Data          20  timers.o(.bss)
    .bss                                     0x200002e8   Section    10240  heap_2.o(.bss)
    ucHeap                                   0x200002e8   Data       10240  heap_2.o(.bss)
    .bss                                     0x20002ae8   Section      262  tft_lcd.o(.bss)
    .bss                                     0x20002bf0   Section       96  libspace.o(.bss)
    HEAP                                     0x20002c50   Section      512  startup_stm32f10x_md.o(HEAP)
    Heap_Mem                                 0x20002c50   Data         512  startup_stm32f10x_md.o(HEAP)
    STACK                                    0x20002e50   Section     1024  startup_stm32f10x_md.o(STACK)
    Stack_Mem                                0x20002e50   Data        1024  startup_stm32f10x_md.o(STACK)
    __initial_sp                             0x20003250   Data           0  startup_stm32f10x_md.o(STACK)

    Global Symbols

    Symbol Name                              Value     Ov Type        Size  Object(Section)

    BuildAttributes$$THM_ISAv4$P$D$K$B$S$PE$A:L22UL41UL21$X:L11$S22US41US21$IEEE1$IW$USESV6$~STKCKD$USESV7$~SHL$OSPACE$ROPI$EBA8$UX$STANDARDLIB$REQ8$PRES8$EABIv2 0x00000000   Number         0  anon$$obj.o ABSOLUTE
    __ARM_use_no_argv                        0x00000000   Number         0  main.o ABSOLUTE
    __ARM_exceptions_init                     - Undefined Weak Reference
    __alloca_initialize                       - Undefined Weak Reference
    __arm_preinit_                            - Undefined Weak Reference
    __cpp_initialize__aeabi_                  - Undefined Weak Reference
    __cxa_finalize                            - Undefined Weak Reference
    __rt_locale                               - Undefined Weak Reference
    __sigvec_lookup                           - Undefined Weak Reference
    _atexit_init                              - Undefined Weak Reference
    _call_atexit_fns                          - Undefined Weak Reference
    _clock_init                               - Undefined Weak Reference
    _fp_trap_init                             - Undefined Weak Reference
    _fp_trap_shutdown                         - Undefined Weak Reference
    _get_lc_collate                           - Undefined Weak Reference
    _get_lc_ctype                             - Undefined Weak Reference
    _get_lc_monetary                          - Undefined Weak Reference
    _get_lc_numeric                           - Undefined Weak Reference
    _get_lc_time                              - Undefined Weak Reference
    _getenv_init                              - Undefined Weak Reference
    _handle_redirection                       - Undefined Weak Reference
    _init_alloc                               - Undefined Weak Reference
    _init_user_alloc                          - Undefined Weak Reference
    _initio                                   - Undefined Weak Reference
    _rand_init                                - Undefined Weak Reference
    _signal_finish                            - Undefined Weak Reference
    _signal_init                              - Undefined Weak Reference
    _terminate_alloc                          - Undefined Weak Reference
    _terminate_user_alloc                     - Undefined Weak Reference
    _terminateio                              - Undefined Weak Reference
    __Vectors_Size                           0x000000ec   Number         0  startup_stm32f10x_md.o ABSOLUTE
    __Vectors                                0x08000000   Data           4  startup_stm32f10x_md.o(RESET)
    __Vectors_End                            0x080000ec   Data           0  startup_stm32f10x_md.o(RESET)
    __main                                   0x080000ed   Thumb Code     8  __main.o(!!!main)
    __scatterload                            0x080000f5   Thumb Code     0  __scatter.o(!!!scatter)
    __scatterload_rt2                        0x080000f5   Thumb Code    44  __scatter.o(!!!scatter)
    __scatterload_rt2_thumb_only             0x080000f5   Thumb Code     0  __scatter.o(!!!scatter)
    __scatterload_null                       0x08000103   Thumb Code     0  __scatter.o(!!!scatter)
    __decompress                             0x08000129   Thumb Code    90  __dczerorl2.o(!!dczerorl2)
    __decompress1                            0x08000129   Thumb Code     0  __dczerorl2.o(!!dczerorl2)
    __scatterload_zeroinit                   0x08000185   Thumb Code    28  __scatter_zi.o(!!handler_zi)
    __rt_lib_init                            0x080001a1   Thumb Code     0  libinit.o(.ARM.Collect$$libinit$$00000000)
    __rt_lib_init_alloca_1                   0x080001a3   Thumb Code     0  libinit2.o(.ARM.Collect$$libinit$$0000002E)
    __rt_lib_init_argv_1                     0x080001a3   Thumb Code     0  libinit2.o(.ARM.Collect$$libinit$$0000002C)
    __rt_lib_init_atexit_1                   0x080001a3   Thumb Code     0  libinit2.o(.ARM.Collect$$libinit$$0000001B)
    __rt_lib_init_clock_1                    0x080001a3   Thumb Code     0  libinit2.o(.ARM.Collect$$libinit$$00000021)
    __rt_lib_init_cpp_1                      0x080001a3   Thumb Code     0  libinit2.o(.ARM.Collect$$libinit$$00000032)
    __rt_lib_init_exceptions_1               0x080001a3   Thumb Code     0  libinit2.o(.ARM.Collect$$libinit$$00000030)
    __rt_lib_init_fp_1                       0x080001a3   Thumb Code     0  libinit2.o(.ARM.Collect$$libinit$$00000002)
    __rt_lib_init_fp_trap_1                  0x080001a3   Thumb Code     0  libinit2.o(.ARM.Collect$$libinit$$0000001F)
    __rt_lib_init_getenv_1                   0x080001a3   Thumb Code     0  libinit2.o(.ARM.Collect$$libinit$$00000023)
    __rt_lib_init_heap_1                     0x080001a3   Thumb Code     0  libinit2.o(.ARM.Collect$$libinit$$0000000A)
    __rt_lib_init_lc_collate_1               0x080001a3   Thumb Code     0  libinit2.o(.ARM.Collect$$libinit$$00000011)
    __rt_lib_init_lc_ctype_1                 0x080001a3   Thumb Code     0  libinit2.o(.ARM.Collect$$libinit$$00000013)
    __rt_lib_init_lc_monetary_1              0x080001a3   Thumb Code     0  libinit2.o(.ARM.Collect$$libinit$$00000015)
    __rt_lib_init_lc_numeric_1               0x080001a3   Thumb Code     0  libinit2.o(.ARM.Collect$$libinit$$00000017)
    __rt_lib_init_lc_time_1                  0x080001a3   Thumb Code     0  libinit2.o(.ARM.Collect$$libinit$$00000019)
    __rt_lib_init_preinit_1                  0x080001a3   Thumb Code     0  libinit2.o(.ARM.Collect$$libinit$$00000004)
    __rt_lib_init_rand_1                     0x080001a3   Thumb Code     0  libinit2.o(.ARM.Collect$$libinit$$0000000E)
    __rt_lib_init_return                     0x080001a3   Thumb Code     0  libinit2.o(.ARM.Collect$$libinit$$00000033)
    __rt_lib_init_signal_1                   0x080001a3   Thumb Code     0  libinit2.o(.ARM.Collect$$libinit$$0000001D)
    __rt_lib_init_stdio_1                    0x080001a3   Thumb Code     0  libinit2.o(.ARM.Collect$$libinit$$00000025)
    __rt_lib_init_user_alloc_1               0x080001a3   Thumb Code     0  libinit2.o(.ARM.Collect$$libinit$$0000000C)
    __rt_lib_shutdown                        0x080001a5   Thumb Code     0  libshutdown.o(.ARM.Collect$$libshutdown$$00000000)
    __rt_lib_shutdown_cpp_1                  0x080001a7   Thumb Code     0  libshutdown2.o(.ARM.Collect$$libshutdown$$00000002)
    __rt_lib_shutdown_fp_trap_1              0x080001a7   Thumb Code     0  libshutdown2.o(.ARM.Collect$$libshutdown$$00000007)
    __rt_lib_shutdown_heap_1                 0x080001a7   Thumb Code     0  libshutdown2.o(.ARM.Collect$$libshutdown$$0000000F)
    __rt_lib_shutdown_return                 0x080001a7   Thumb Code     0  libshutdown2.o(.ARM.Collect$$libshutdown$$00000010)
    __rt_lib_shutdown_signal_1               0x080001a7   Thumb Code     0  libshutdown2.o(.ARM.Collect$$libshutdown$$0000000A)
    __rt_lib_shutdown_stdio_1                0x080001a7   Thumb Code     0  libshutdown2.o(.ARM.Collect$$libshutdown$$00000004)
    __rt_lib_shutdown_user_alloc_1           0x080001a7   Thumb Code     0  libshutdown2.o(.ARM.Collect$$libshutdown$$0000000C)
    __rt_entry                               0x080001a9   Thumb Code     0  __rtentry.o(.ARM.Collect$$rtentry$$00000000)
    __rt_entry_presh_1                       0x080001a9   Thumb Code     0  __rtentry2.o(.ARM.Collect$$rtentry$$00000002)
    __rt_entry_sh                            0x080001a9   Thumb Code     0  __rtentry4.o(.ARM.Collect$$rtentry$$00000004)
    __rt_entry_li                            0x080001af   Thumb Code     0  __rtentry2.o(.ARM.Collect$$rtentry$$0000000A)
    __rt_entry_postsh_1                      0x080001af   Thumb Code     0  __rtentry2.o(.ARM.Collect$$rtentry$$00000009)
    __rt_entry_main                          0x080001b3   Thumb Code     0  __rtentry2.o(.ARM.Collect$$rtentry$$0000000D)
    __rt_entry_postli_1                      0x080001b3   Thumb Code     0  __rtentry2.o(.ARM.Collect$$rtentry$$0000000C)
    __rt_exit                                0x080001bb   Thumb Code     0  rtexit.o(.ARM.Collect$$rtexit$$00000000)
    __rt_exit_ls                             0x080001bd   Thumb Code     0  rtexit2.o(.ARM.Collect$$rtexit$$00000003)
    __rt_exit_prels_1                        0x080001bd   Thumb Code     0  rtexit2.o(.ARM.Collect$$rtexit$$00000002)
    __rt_exit_exit                           0x080001c1   Thumb Code     0  rtexit2.o(.ARM.Collect$$rtexit$$00000004)
    SVC_Handler                              0x080001c9   Thumb Code    32  port.o(.emb_text)
    __asm___6_port_c_39a90d8d__prvStartFirstTask 0x080001ed   Thumb Code    28  port.o(.emb_text)
    PendSV_Handler                           0x0800020d   Thumb Code    72  port.o(.emb_text)
    vPortGetIPSR                             0x08000259   Thumb Code     6  port.o(.emb_text)
    Reset_Handler                            0x08000261   Thumb Code     8  startup_stm32f10x_md.o(.text)
    NMI_Handler                              0x08000269   Thumb Code     2  startup_stm32f10x_md.o(.text)
    HardFault_Handler                        0x0800026b   Thumb Code     2  startup_stm32f10x_md.o(.text)
    MemManage_Handler                        0x0800026d   Thumb Code     2  startup_stm32f10x_md.o(.text)
    BusFault_Handler                         0x0800026f   Thumb Code     2  startup_stm32f10x_md.o(.text)
    UsageFault_Handler                       0x08000271   Thumb Code     2  startup_stm32f10x_md.o(.text)
    DebugMon_Handler                         0x08000275   Thumb Code     2  startup_stm32f10x_md.o(.text)
    ADC1_2_IRQHandler                        0x0800027b   Thumb Code     0  startup_stm32f10x_md.o(.text)
    CAN1_RX1_IRQHandler                      0x0800027b   Thumb Code     0  startup_stm32f10x_md.o(.text)
    CAN1_SCE_IRQHandler                      0x0800027b   Thumb Code     0  startup_stm32f10x_md.o(.text)
    DMA1_Channel1_IRQHandler                 0x0800027b   Thumb Code     0  startup_stm32f10x_md.o(.text)
    DMA1_Channel2_IRQHandler                 0x0800027b   Thumb Code     0  startup_stm32f10x_md.o(.text)
    DMA1_Channel3_IRQHandler                 0x0800027b   Thumb Code     0  startup_stm32f10x_md.o(.text)
    DMA1_Channel4_IRQHandler                 0x0800027b   Thumb Code     0  startup_stm32f10x_md.o(.text)
    DMA1_Channel5_IRQHandler                 0x0800027b   Thumb Code     0  startup_stm32f10x_md.o(.text)
    DMA1_Channel6_IRQHandler                 0x0800027b   Thumb Code     0  startup_stm32f10x_md.o(.text)
    DMA1_Channel7_IRQHandler                 0x0800027b   Thumb Code     0  startup_stm32f10x_md.o(.text)
    EXTI0_IRQHandler                         0x0800027b   Thumb Code     0  startup_stm32f10x_md.o(.text)
    EXTI15_10_IRQHandler                     0x0800027b   Thumb Code     0  startup_stm32f10x_md.o(.text)
    EXTI1_IRQHandler                         0x0800027b   Thumb Code     0  startup_stm32f10x_md.o(.text)
    EXTI2_IRQHandler                         0x0800027b   Thumb Code     0  startup_stm32f10x_md.o(.text)
    EXTI3_IRQHandler                         0x0800027b   Thumb Code     0  startup_stm32f10x_md.o(.text)
    EXTI4_IRQHandler                         0x0800027b   Thumb Code     0  startup_stm32f10x_md.o(.text)
    EXTI9_5_IRQHandler                       0x0800027b   Thumb Code     0  startup_stm32f10x_md.o(.text)
    FLASH_IRQHandler                         0x0800027b   Thumb Code     0  startup_stm32f10x_md.o(.text)
    I2C1_ER_IRQHandler                       0x0800027b   Thumb Code     0  startup_stm32f10x_md.o(.text)
    I2C1_EV_IRQHandler                       0x0800027b   Thumb Code     0  startup_stm32f10x_md.o(.text)
    I2C2_ER_IRQHandler                       0x0800027b   Thumb Code     0  startup_stm32f10x_md.o(.text)
    I2C2_EV_IRQHandler                       0x0800027b   Thumb Code     0  startup_stm32f10x_md.o(.text)
    PVD_IRQHandler                           0x0800027b   Thumb Code     0  startup_stm32f10x_md.o(.text)
    RCC_IRQHandler                           0x0800027b   Thumb Code     0  startup_stm32f10x_md.o(.text)
    RTCAlarm_IRQHandler                      0x0800027b   Thumb Code     0  startup_stm32f10x_md.o(.text)
    RTC_IRQHandler                           0x0800027b   Thumb Code     0  startup_stm32f10x_md.o(.text)
    SPI1_IRQHandler                          0x0800027b   Thumb Code     0  startup_stm32f10x_md.o(.text)
    SPI2_IRQHandler                          0x0800027b   Thumb Code     0  startup_stm32f10x_md.o(.text)
    TAMPER_IRQHandler                        0x0800027b   Thumb Code     0  startup_stm32f10x_md.o(.text)
    TIM1_BRK_IRQHandler                      0x0800027b   Thumb Code     0  startup_stm32f10x_md.o(.text)
    TIM1_CC_IRQHandler                       0x0800027b   Thumb Code     0  startup_stm32f10x_md.o(.text)
    TIM1_TRG_COM_IRQHandler                  0x0800027b   Thumb Code     0  startup_stm32f10x_md.o(.text)
    TIM1_UP_IRQHandler                       0x0800027b   Thumb Code     0  startup_stm32f10x_md.o(.text)
    TIM2_IRQHandler                          0x0800027b   Thumb Code     0  startup_stm32f10x_md.o(.text)
    TIM3_IRQHandler                          0x0800027b   Thumb Code     0  startup_stm32f10x_md.o(.text)
    TIM4_IRQHandler                          0x0800027b   Thumb Code     0  startup_stm32f10x_md.o(.text)
    USART1_IRQHandler                        0x0800027b   Thumb Code     0  startup_stm32f10x_md.o(.text)
    USART2_IRQHandler                        0x0800027b   Thumb Code     0  startup_stm32f10x_md.o(.text)
    USART3_IRQHandler                        0x0800027b   Thumb Code     0  startup_stm32f10x_md.o(.text)
    USBWakeUp_IRQHandler                     0x0800027b   Thumb Code     0  startup_stm32f10x_md.o(.text)
    USB_HP_CAN1_TX_IRQHandler                0x0800027b   Thumb Code     0  startup_stm32f10x_md.o(.text)
    USB_LP_CAN1_RX0_IRQHandler               0x0800027b   Thumb Code     0  startup_stm32f10x_md.o(.text)
    WWDG_IRQHandler                          0x0800027b   Thumb Code     0  startup_stm32f10x_md.o(.text)
    __user_initial_stackheap                 0x0800027d   Thumb Code     0  startup_stm32f10x_md.o(.text)
    __aeabi_memcpy                           0x080002a1   Thumb Code     0  rt_memcpy_v6.o(.text)
    __rt_memcpy                              0x080002a1   Thumb Code   138  rt_memcpy_v6.o(.text)
    _memcpy_lastbytes                        0x08000307   Thumb Code     0  rt_memcpy_v6.o(.text)
    __aeabi_memset                           0x0800032b   Thumb Code    16  aeabi_memset.o(.text)
    __use_two_region_memory                  0x0800033b   Thumb Code     2  heapauxi.o(.text)
    __rt_heap_escrow$2region                 0x0800033d   Thumb Code     2  heapauxi.o(.text)
    __rt_heap_expand$2region                 0x0800033f   Thumb Code     2  heapauxi.o(.text)
    __aeabi_memcpy4                          0x08000341   Thumb Code     0  rt_memcpy_w.o(.text)
    __aeabi_memcpy8                          0x08000341   Thumb Code     0  rt_memcpy_w.o(.text)
    __rt_memcpy_w                            0x08000341   Thumb Code   100  rt_memcpy_w.o(.text)
    _memcpy_lastbytes_aligned                0x08000389   Thumb Code     0  rt_memcpy_w.o(.text)
    __aeabi_memclr                           0x080003a5   Thumb Code     0  rt_memclr.o(.text)
    __rt_memclr                              0x080003a5   Thumb Code    68  rt_memclr.o(.text)
    _memset                                  0x080003a9   Thumb Code     0  rt_memclr.o(.text)
    __aeabi_memclr4                          0x080003e9   Thumb Code     0  rt_memclr_w.o(.text)
    __aeabi_memclr8                          0x080003e9   Thumb Code     0  rt_memclr_w.o(.text)
    __rt_memclr_w                            0x080003e9   Thumb Code    78  rt_memclr_w.o(.text)
    _memset_w                                0x080003ed   Thumb Code     0  rt_memclr_w.o(.text)
    __user_setup_stackheap                   0x08000437   Thumb Code    74  sys_stackheap_outer.o(.text)
    exit                                     0x08000481   Thumb Code    18  exit.o(.text)
    __user_libspace                          0x08000495   Thumb Code     8  libspace.o(.text)
    __user_perproc_libspace                  0x08000495   Thumb Code     0  libspace.o(.text)
    __user_perthread_libspace                0x08000495   Thumb Code     0  libspace.o(.text)
    _sys_exit                                0x0800049d   Thumb Code     8  sys_exit.o(.text)
    __I$use$semihosting                      0x080004a9   Thumb Code     0  use_no_semi.o(.text)
    __use_no_semihosting_swi                 0x080004a9   Thumb Code     2  use_no_semi.o(.text)
    Adafruit_GFX_Init                        0x080004ab   Thumb Code    34  adafruit_gfx.o(i.Adafruit_GFX_Init)
    __semihosting_library_function           0x080004ab   Thumb Code     0  indicate_semi.o(.text)
    GPIO_AFConfigure                         0x080004cd   Thumb Code    78  gpio_stm32f10x.o(i.GPIO_AFConfigure)
    GPIO_DeInit                              0x08000525   Thumb Code   172  stm32f10x_gpio.o(i.GPIO_DeInit)
    GPIO_Init                                0x080005ed   Thumb Code   278  stm32f10x_gpio.o(i.GPIO_Init)
    LedOff                                   0x080007e1   Thumb Code     8  ui.o(i.LedOff)
    LedOn                                    0x080007ed   Thumb Code     8  ui.o(i.LedOn)
    LedToggle                                0x080007f9   Thumb Code    14  ui.o(i.LedToggle)
    NopFunc                                  0x0800080d   Thumb Code     2  ui.o(i.NopFunc)
    RCC_APB2PeriphClockCmd                   0x08000811   Thumb Code    26  stm32f10x_rcc.o(i.RCC_APB2PeriphClockCmd)
    RCC_APB2PeriphResetCmd                   0x08000831   Thumb Code    26  stm32f10x_rcc.o(i.RCC_APB2PeriphResetCmd)
    RCC_DeInit                               0x08000851   Thumb Code    64  stm32f10x_rcc.o(i.RCC_DeInit)
    RCC_GetFlagStatus                        0x0800089d   Thumb Code    56  stm32f10x_rcc.o(i.RCC_GetFlagStatus)
    RCC_GetSYSCLKSource                      0x080008d9   Thumb Code    10  stm32f10x_rcc.o(i.RCC_GetSYSCLKSource)
    RCC_HCLKConfig                           0x080008e9   Thumb Code    18  stm32f10x_rcc.o(i.RCC_HCLKConfig)
    RCC_HSEConfig                            0x08000901   Thumb Code    70  stm32f10x_rcc.o(i.RCC_HSEConfig)
    RCC_PCLK1Config                          0x0800094d   Thumb Code    18  stm32f10x_rcc.o(i.RCC_PCLK1Config)
    RCC_PCLK2Config                          0x08000965   Thumb Code    20  stm32f10x_rcc.o(i.RCC_PCLK2Config)
    RCC_PLLCmd                               0x0800097d   Thumb Code     6  stm32f10x_rcc.o(i.RCC_PLLCmd)
    RCC_PLLConfig                            0x08000989   Thumb Code    24  stm32f10x_rcc.o(i.RCC_PLLConfig)
    RCC_SYSCLKConfig                         0x080009a5   Thumb Code    18  stm32f10x_rcc.o(i.RCC_SYSCLKConfig)
    SysTick_CLKSourceConfig                  0x08000aa5   Thumb Code    40  misc.o(i.SysTick_CLKSourceConfig)
    SysTick_Handler                          0x08000acd   Thumb Code    46  port.o(i.SysTick_Handler)
    SystemInit                               0x08000b01   Thumb Code    78  system_stm32f10x.o(i.SystemInit)
    main                                     0x08000ba1   Thumb Code    54  main.o(i.main)
    myTFT_WriteCmd                           0x08000bf1   Thumb Code    50  tft_lcd.o(i.myTFT_WriteCmd)
    myTFT_WriteCmdData                       0x08000c29   Thumb Code    20  tft_lcd.o(i.myTFT_WriteCmdData)
    myTFT_WriteData                          0x08000c3d   Thumb Code    52  tft_lcd.o(i.myTFT_WriteData)
    myTFT_delay                              0x08000c75   Thumb Code    18  tft_lcd.o(i.myTFT_delay)
    myTFT_drawPixel                          0x08000c87   Thumb Code    64  tft_lcd.o(i.myTFT_drawPixel)
    myTFT_getConfig                          0x08000cc7   Thumb Code    30  tft_lcd.o(i.myTFT_getConfig)
    myTFT_init                               0x08000ce5   Thumb Code   288  tft_lcd.o(i.myTFT_init)
    myTFT_readReg                            0x08000e21   Thumb Code    78  tft_lcd.o(i.myTFT_readReg)
    myTFT_reset                              0x08000e79   Thumb Code    96  tft_lcd.o(i.myTFT_reset)
    myTFT_setAddrWindow                      0x08000ee5   Thumb Code    60  tft_lcd.o(i.myTFT_setAddrWindow)
    myTFT_setRotation                        0x08000f21   Thumb Code   102  tft_lcd.o(i.myTFT_setRotation)
    myTFT_vertScroll                         0x08000f8d   Thumb Code    68  tft_lcd.o(i.myTFT_vertScroll)
    prvConfigureLCD                          0x08001279   Thumb Code     8  ui.o(i.prvConfigureLCD)
    pvPortMalloc                             0x0800196d   Thumb Code   166  heap_2.o(i.pvPortMalloc)
    pxPortInitialiseStack                    0x08001a25   Thumb Code    30  port.o(i.pxPortInitialiseStack)
    read16                                   0x08001a49   Thumb Code   118  tft_lcd.o(i.read16)
    uxListRemove                             0x08001ac9   Thumb Code    40  list.o(i.uxListRemove)
    vKeysTask                                0x08001af1   Thumb Code   172  ui.o(i.vKeysTask)
    vLCDTask                                 0x08001bc1   Thumb Code    12  ui.o(i.vLCDTask)
    vListInitialise                          0x08001bcd   Thumb Code    26  list.o(i.vListInitialise)
    vListInitialiseItem                      0x08001be7   Thumb Code     6  list.o(i.vListInitialiseItem)
    vListInsert                              0x08001bed   Thumb Code    52  list.o(i.vListInsert)
    vListInsertEnd                           0x08001c21   Thumb Code    24  list.o(i.vListInsertEnd)
    vPortEnterCritical                       0x08001c39   Thumb Code    30  port.o(i.vPortEnterCritical)
    vPortExitCritical                        0x08001c5d   Thumb Code    28  port.o(i.vPortExitCritical)
    vPortFree                                0x08001c7d   Thumb Code    56  heap_2.o(i.vPortFree)
    vPortSetupTimerInterrupt                 0x08001cbd   Thumb Code    14  port.o(i.vPortSetupTimerInterrupt)
    vQueueAddToRegistry                      0x08001cd1   Thumb Code    38  queue.o(i.vQueueAddToRegistry)
    vQueueWaitForMessageRestricted           0x08001cfd   Thumb Code    74  queue.o(i.vQueueWaitForMessageRestricted)
    vTaskMissedYield                         0x08001d49   Thumb Code     8  tasks.o(i.vTaskMissedYield)
    vTaskPlaceOnEventList                    0x08001d55   Thumb Code    28  tasks.o(i.vTaskPlaceOnEventList)
    vTaskPlaceOnEventListRestricted          0x08001d75   Thumb Code    36  tasks.o(i.vTaskPlaceOnEventListRestricted)
    vTaskResume                              0x08001d9d   Thumb Code   104  tasks.o(i.vTaskResume)
    vTaskSetTimeOutState                     0x08001e15   Thumb Code    14  tasks.o(i.vTaskSetTimeOutState)
    vTaskStartScheduler                      0x08001e2d   Thumb Code    82  tasks.o(i.vTaskStartScheduler)
    vTaskSuspend                             0x08001e9d   Thumb Code   160  tasks.o(i.vTaskSuspend)
    vTaskSuspendAll                          0x08001f59   Thumb Code    12  tasks.o(i.vTaskSuspendAll)
    vTaskSwitchContext                       0x08001f69   Thumb Code    76  tasks.o(i.vTaskSwitchContext)
    write16                                  0x08001fc9   Thumb Code    20  tft_lcd.o(i.write16)
    write8                                   0x08001fdd   Thumb Code    84  tft_lcd.o(i.write8)
    xPortStartScheduler                      0x08002039   Thumb Code    42  port.o(i.xPortStartScheduler)
    xQueueGenericCreate                      0x0800206d   Thumb Code    56  queue.o(i.xQueueGenericCreate)
    xQueueGenericReceive                     0x080020a5   Thumb Code   312  queue.o(i.xQueueGenericReceive)
    xQueueGenericReset                       0x080021e1   Thumb Code   122  queue.o(i.xQueueGenericReset)
    xQueueGenericSend                        0x08002261   Thumb Code   276  queue.o(i.xQueueGenericSend)
    xQueueGenericSendFromISR                 0x08002379   Thumb Code   134  queue.o(i.xQueueGenericSendFromISR)
    xTaskCheckForTimeOut                     0x08002401   Thumb Code    84  tasks.o(i.xTaskCheckForTimeOut)
    xTaskCreate                              0x0800245d   Thumb Code    96  tasks.o(i.xTaskCreate)
    xTaskGetSchedulerState                   0x080024bd   Thumb Code    24  tasks.o(i.xTaskGetSchedulerState)
    xTaskGetTickCount                        0x080024dd   Thumb Code     6  tasks.o(i.xTaskGetTickCount)
    xTaskIncrementTick                       0x080024e9   Thumb Code   238  tasks.o(i.xTaskIncrementTick)
    xTaskRemoveFromEventList                 0x08002605   Thumb Code   104  tasks.o(i.xTaskRemoveFromEventList)
    xTaskResumeAll                           0x08002685   Thumb Code   196  tasks.o(i.xTaskResumeAll)
    xTimerCreate                             0x0800276d   Thumb Code    48  timers.o(i.xTimerCreate)
    xTimerCreateTimerTask                    0x0800279d   Thumb Code    40  timers.o(i.xTimerCreateTimerTask)
    xTimerGenericCommand                     0x080027d9   Thumb Code   102  timers.o(i.xTimerGenericCommand)
    Region$$Table$$Base                      0x08002ddc   Number         0  anon$$obj.o(Region$$Table)
    Region$$Table$$Limit                     0x08002dfc   Number         0  anon$$obj.o(Region$$Table)
    xKeyTaskHandle                           0x20000000   Data           4  main.o(.data)
    KeyOutPins                               0x20000004   Data           8  ui.o(.data)
    KeysPressed                              0x2000000c   Data           4  ui.o(.data)
    keyShortAction                           0x20000010   Data          64  ui.o(.data)
    keyLongAction                            0x20000050   Data          64  ui.o(.data)
    keyUpAction                              0x20000090   Data          64  ui.o(.data)
    xKeyQueue                                0x200000d0   Data           4  ui.o(.data)
    pxCurrentTCB                             0x200000d8   Data           4  tasks.o(.data)
    myTFT                                    0x20000140   Data          36  tft_lcd.o(.data)
    done_reset                               0x20000164   Data           1  tft_lcd.o(.data)
    Key                                      0x20000168   Data          64  ui.o(.bss)
    xQueueRegistry                           0x200001a8   Data          80  queue.o(.bss)
    tftConfig                                0x20002ae8   Data         262  tft_lcd.o(.bss)
    __libspace_start                         0x20002bf0   Data          96  libspace.o(.bss)
    __temporary_stack_top$libspace           0x20002c50   Data           0  libspace.o(.bss)



==============================================================================

Memory Map of the image

  Image Entry point : 0x080000ed

  Load Region LR_IROM1 (Base: 0x08000000, Size: 0x00002f64, Max: 0x00010000, ABSOLUTE, COMPRESSED[0x00002e34])

    Execution Region ER_IROM1 (Base: 0x08000000, Size: 0x00002dfc, Max: 0x00010000, ABSOLUTE)

    Base Addr    Size         Type   Attr      Idx    E Section Name        Object

    0x08000000   0x000000ec   Data   RO         1641    RESET               startup_stm32f10x_md.o
    0x080000ec   0x00000008   Code   RO         3120  * !!!main             c_w.l(__main.o)
    0x080000f4   0x00000034   Code   RO         3285    !!!scatter          c_w.l(__scatter.o)
    0x08000128   0x0000005a   Code   RO         3283    !!dczerorl2         c_w.l(__dczerorl2.o)
    0x08000182   0x00000002   PAD
    0x08000184   0x0000001c   Code   RO         3287    !!handler_zi        c_w.l(__scatter_zi.o)
    0x080001a0   0x00000002   Code   RO         3153    .ARM.Collect$$libinit$$00000000  c_w.l(libinit.o)
    0x080001a2   0x00000000   Code   RO         3160    .ARM.Collect$$libinit$$00000002  c_w.l(libinit2.o)
    0x080001a2   0x00000000   Code   RO         3162    .ARM.Collect$$libinit$$00000004  c_w.l(libinit2.o)
    0x080001a2   0x00000000   Code   RO         3165    .ARM.Collect$$libinit$$0000000A  c_w.l(libinit2.o)
    0x080001a2   0x00000000   Code   RO         3167    .ARM.Collect$$libinit$$0000000C  c_w.l(libinit2.o)
    0x080001a2   0x00000000   Code   RO         3169    .ARM.Collect$$libinit$$0000000E  c_w.l(libinit2.o)
    0x080001a2   0x00000000   Code   RO         3172    .ARM.Collect$$libinit$$00000011  c_w.l(libinit2.o)
    0x080001a2   0x00000000   Code   RO         3174    .ARM.Collect$$libinit$$00000013  c_w.l(libinit2.o)
    0x080001a2   0x00000000   Code   RO         3176    .ARM.Collect$$libinit$$00000015  c_w.l(libinit2.o)
    0x080001a2   0x00000000   Code   RO         3178    .ARM.Collect$$libinit$$00000017  c_w.l(libinit2.o)
    0x080001a2   0x00000000   Code   RO         3180    .ARM.Collect$$libinit$$00000019  c_w.l(libinit2.o)
    0x080001a2   0x00000000   Code   RO         3182    .ARM.Collect$$libinit$$0000001B  c_w.l(libinit2.o)
    0x080001a2   0x00000000   Code   RO         3184    .ARM.Collect$$libinit$$0000001D  c_w.l(libinit2.o)
    0x080001a2   0x00000000   Code   RO         3186    .ARM.Collect$$libinit$$0000001F  c_w.l(libinit2.o)
    0x080001a2   0x00000000   Code   RO         3188    .ARM.Collect$$libinit$$00000021  c_w.l(libinit2.o)
    0x080001a2   0x00000000   Code   RO         3190    .ARM.Collect$$libinit$$00000023  c_w.l(libinit2.o)
    0x080001a2   0x00000000   Code   RO         3192    .ARM.Collect$$libinit$$00000025  c_w.l(libinit2.o)
    0x080001a2   0x00000000   Code   RO         3196    .ARM.Collect$$libinit$$0000002C  c_w.l(libinit2.o)
    0x080001a2   0x00000000   Code   RO         3198    .ARM.Collect$$libinit$$0000002E  c_w.l(libinit2.o)
    0x080001a2   0x00000000   Code   RO         3200    .ARM.Collect$$libinit$$00000030  c_w.l(libinit2.o)
    0x080001a2   0x00000000   Code   RO         3202    .ARM.Collect$$libinit$$00000032  c_w.l(libinit2.o)
    0x080001a2   0x00000002   Code   RO         3203    .ARM.Collect$$libinit$$00000033  c_w.l(libinit2.o)
    0x080001a4   0x00000002   Code   RO         3223    .ARM.Collect$$libshutdown$$00000000  c_w.l(libshutdown.o)
    0x080001a6   0x00000000   Code   RO         3236    .ARM.Collect$$libshutdown$$00000002  c_w.l(libshutdown2.o)
    0x080001a6   0x00000000   Code   RO         3238    .ARM.Collect$$libshutdown$$00000004  c_w.l(libshutdown2.o)
    0x080001a6   0x00000000   Code   RO         3241    .ARM.Collect$$libshutdown$$00000007  c_w.l(libshutdown2.o)
    0x080001a6   0x00000000   Code   RO         3244    .ARM.Collect$$libshutdown$$0000000A  c_w.l(libshutdown2.o)
    0x080001a6   0x00000000   Code   RO         3246    .ARM.Collect$$libshutdown$$0000000C  c_w.l(libshutdown2.o)
    0x080001a6   0x00000000   Code   RO         3249    .ARM.Collect$$libshutdown$$0000000F  c_w.l(libshutdown2.o)
    0x080001a6   0x00000002   Code   RO         3250    .ARM.Collect$$libshutdown$$00000010  c_w.l(libshutdown2.o)
    0x080001a8   0x00000000   Code   RO         3122    .ARM.Collect$$rtentry$$00000000  c_w.l(__rtentry.o)
    0x080001a8   0x00000000   Code   RO         3128    .ARM.Collect$$rtentry$$00000002  c_w.l(__rtentry2.o)
    0x080001a8   0x00000006   Code   RO         3140    .ARM.Collect$$rtentry$$00000004  c_w.l(__rtentry4.o)
    0x080001ae   0x00000000   Code   RO         3130    .ARM.Collect$$rtentry$$00000009  c_w.l(__rtentry2.o)
    0x080001ae   0x00000004   Code   RO         3131    .ARM.Collect$$rtentry$$0000000A  c_w.l(__rtentry2.o)
    0x080001b2   0x00000000   Code   RO         3133    .ARM.Collect$$rtentry$$0000000C  c_w.l(__rtentry2.o)
    0x080001b2   0x00000008   Code   RO         3134    .ARM.Collect$$rtentry$$0000000D  c_w.l(__rtentry2.o)
    0x080001ba   0x00000002   Code   RO         3157    .ARM.Collect$$rtexit$$00000000  c_w.l(rtexit.o)
    0x080001bc   0x00000000   Code   RO         3205    .ARM.Collect$$rtexit$$00000002  c_w.l(rtexit2.o)
    0x080001bc   0x00000004   Code   RO         3206    .ARM.Collect$$rtexit$$00000003  c_w.l(rtexit2.o)
    0x080001c0   0x00000006   Code   RO         3207    .ARM.Collect$$rtexit$$00000004  c_w.l(rtexit2.o)
    0x080001c6   0x00000002   PAD
    0x080001c8   0x00000096   Code   RO          459    .emb_text           port.o
    0x0800025e   0x00000002   PAD
    0x08000260   0x00000040   Code   RO         1642    .text               startup_stm32f10x_md.o
    0x080002a0   0x0000008a   Code   RO         3114    .text               c_w.l(rt_memcpy_v6.o)
    0x0800032a   0x00000010   Code   RO         3116    .text               c_w.l(aeabi_memset.o)
    0x0800033a   0x00000006   Code   RO         3118    .text               c_w.l(heapauxi.o)
    0x08000340   0x00000064   Code   RO         3123    .text               c_w.l(rt_memcpy_w.o)
    0x080003a4   0x00000044   Code   RO         3125    .text               c_w.l(rt_memclr.o)
    0x080003e8   0x0000004e   Code   RO         3142    .text               c_w.l(rt_memclr_w.o)
    0x08000436   0x0000004a   Code   RO         3144    .text               c_w.l(sys_stackheap_outer.o)
    0x08000480   0x00000012   Code   RO         3146    .text               c_w.l(exit.o)
    0x08000492   0x00000002   PAD
    0x08000494   0x00000008   Code   RO         3154    .text               c_w.l(libspace.o)
    0x0800049c   0x0000000c   Code   RO         3215    .text               c_w.l(sys_exit.o)
    0x080004a8   0x00000002   Code   RO         3226    .text               c_w.l(use_no_semi.o)
    0x080004aa   0x00000000   Code   RO         3228    .text               c_w.l(indicate_semi.o)
    0x080004aa   0x00000022   Code   RO         1268    i.Adafruit_GFX_Init  adafruit_gfx.o
    0x080004cc   0x00000058   Code   RO         3073    i.GPIO_AFConfigure  gpio_stm32f10x.o
    0x08000524   0x000000c8   Code   RO         1828    i.GPIO_DeInit       stm32f10x_gpio.o
    0x080005ec   0x00000116   Code   RO         1833    i.GPIO_Init         stm32f10x_gpio.o
    0x08000702   0x00000002   PAD
    0x08000704   0x000000dc   Code   RO          184    i.KeyScan           ui.o
    0x080007e0   0x0000000c   Code   RO          185    i.LedOff            ui.o
    0x080007ec   0x0000000c   Code   RO          186    i.LedOn             ui.o
    0x080007f8   0x00000014   Code   RO          187    i.LedToggle         ui.o
    0x0800080c   0x00000002   Code   RO          188    i.NopFunc           ui.o
    0x0800080e   0x00000002   PAD
    0x08000810   0x00000020   Code   RO         1957    i.RCC_APB2PeriphClockCmd  stm32f10x_rcc.o
    0x08000830   0x00000020   Code   RO         1958    i.RCC_APB2PeriphResetCmd  stm32f10x_rcc.o
    0x08000850   0x0000004c   Code   RO         1964    i.RCC_DeInit        stm32f10x_rcc.o
    0x0800089c   0x0000003c   Code   RO         1966    i.RCC_GetFlagStatus  stm32f10x_rcc.o
    0x080008d8   0x00000010   Code   RO         1968    i.RCC_GetSYSCLKSource  stm32f10x_rcc.o
    0x080008e8   0x00000018   Code   RO         1969    i.RCC_HCLKConfig    stm32f10x_rcc.o
    0x08000900   0x0000004c   Code   RO         1970    i.RCC_HSEConfig     stm32f10x_rcc.o
    0x0800094c   0x00000018   Code   RO         1976    i.RCC_PCLK1Config   stm32f10x_rcc.o
    0x08000964   0x00000018   Code   RO         1977    i.RCC_PCLK2Config   stm32f10x_rcc.o
    0x0800097c   0x0000000c   Code   RO         1978    i.RCC_PLLCmd        stm32f10x_rcc.o
    0x08000988   0x0000001c   Code   RO         1979    i.RCC_PLLConfig     stm32f10x_rcc.o
    0x080009a4   0x00000018   Code   RO         1982    i.RCC_SYSCLKConfig  stm32f10x_rcc.o
    0x080009bc   0x00000008   Code   RO         1649    i.SetSysClock       system_stm32f10x.o
    0x080009c4   0x000000e0   Code   RO         1650    i.SetSysClockTo72   system_stm32f10x.o
    0x08000aa4   0x00000028   Code   RO         1699    i.SysTick_CLKSourceConfig  misc.o
    0x08000acc   0x00000034   Code   RO          460    i.SysTick_Handler   port.o
    0x08000b00   0x00000060   Code   RO         1652    i.SystemInit        system_stm32f10x.o
    0x08000b60   0x0000003e   Code   RO         1512    i.init_table16      tft_lcd.o
    0x08000b9e   0x00000002   PAD
    0x08000ba0   0x00000050   Code   RO            5    i.main              main.o
    0x08000bf0   0x00000038   Code   RO         1513    i.myTFT_WriteCmd    tft_lcd.o
    0x08000c28   0x00000014   Code   RO         1514    i.myTFT_WriteCmdData  tft_lcd.o
    0x08000c3c   0x00000038   Code   RO         1515    i.myTFT_WriteData   tft_lcd.o
    0x08000c74   0x00000012   Code   RO         1516    i.myTFT_delay       tft_lcd.o
    0x08000c86   0x00000040   Code   RO         1517    i.myTFT_drawPixel   tft_lcd.o
    0x08000cc6   0x0000001e   Code   RO         1518    i.myTFT_getConfig   tft_lcd.o
    0x08000ce4   0x0000013c   Code   RO         1519    i.myTFT_init        tft_lcd.o
    0x08000e20   0x00000058   Code   RO         1520    i.myTFT_readReg     tft_lcd.o
    0x08000e78   0x0000006c   Code   RO         1523    i.myTFT_reset       tft_lcd.o
    0x08000ee4   0x0000003c   Code   RO         1524    i.myTFT_setAddrWindow  tft_lcd.o
    0x08000f20   0x0000006c   Code   RO         1525    i.myTFT_setRotation  tft_lcd.o
    0x08000f8c   0x00000044   Code   RO         1526    i.myTFT_vertScroll  tft_lcd.o
    0x08000fd0   0x00000098   Code   RO          724    i.prvAddCurrentTaskToDelayedList  tasks.o
    0x08001068   0x000000b8   Code   RO          725    i.prvAddNewTaskToReadyList  tasks.o
    0x08001120   0x00000064   Code   RO         1079    i.prvCheckForValidListAndQueue  timers.o
    0x08001184   0x00000064   Code   RO          726    i.prvCheckTasksWaitingTermination  tasks.o
    0x080011e8   0x00000060   Code   RO          189    i.prvConfigKeyboard  ui.o
    0x08001248   0x00000030   Code   RO          190    i.prvConfigLed      ui.o
    0x08001278   0x00000008   Code   RO          191    i.prvConfigureLCD   ui.o
    0x08001280   0x0000002a   Code   RO          543    i.prvCopyDataFromQueue  queue.o
    0x080012aa   0x0000006a   Code   RO          544    i.prvCopyDataToQueue  queue.o
    0x08001314   0x00000012   Code   RO          727    i.prvDeleteTCB      tasks.o
    0x08001326   0x00000002   PAD
    0x08001328   0x00000028   Code   RO         1080    i.prvGetNextExpireTime  timers.o
    0x08001350   0x00000038   Code   RO         1209    i.prvHeapInit       heap_2.o
    0x08001388   0x00000028   Code   RO          728    i.prvIdleTask       tasks.o
    0x080013b0   0x0000002a   Code   RO          545    i.prvInitialiseNewQueue  queue.o
    0x080013da   0x000000a2   Code   RO          729    i.prvInitialiseNewTask  tasks.o
    0x0800147c   0x0000002e   Code   RO         1081    i.prvInitialiseNewTimer  timers.o
    0x080014aa   0x00000002   PAD
    0x080014ac   0x00000068   Code   RO          730    i.prvInitialiseTaskLists  tasks.o
    0x08001514   0x00000058   Code   RO         1082    i.prvInsertTimerInActiveList  timers.o
    0x0800156c   0x0000001a   Code   RO          546    i.prvIsQueueEmpty   queue.o
    0x08001586   0x0000001e   Code   RO          547    i.prvIsQueueFull    queue.o
    0x080015a4   0x0000004c   Code   RO         1083    i.prvProcessExpiredTimer  timers.o
    0x080015f0   0x000000bc   Code   RO         1084    i.prvProcessReceivedCommands  timers.o
    0x080016ac   0x00000074   Code   RO         1085    i.prvProcessTimerOrBlockTask  timers.o
    0x08001720   0x00000034   Code   RO          732    i.prvResetNextTaskUnblockTime  tasks.o
    0x08001754   0x0000002c   Code   RO         1086    i.prvSampleTimeNow  timers.o
    0x08001780   0x00000078   Code   RO            6    i.prvSetupSysClock  main.o
    0x080017f8   0x00000084   Code   RO         1087    i.prvSwitchTimerLists  timers.o
    0x0800187c   0x00000016   Code   RO          461    i.prvTaskExitError  port.o
    0x08001892   0x00000002   PAD
    0x08001894   0x00000040   Code   RO          734    i.prvTaskIsTaskSuspended  tasks.o
    0x080018d4   0x0000001a   Code   RO         1088    i.prvTimerTask      timers.o
    0x080018ee   0x0000007e   Code   RO          548    i.prvUnlockQueue    queue.o
    0x0800196c   0x000000b8   Code   RO         1210    i.pvPortMalloc      heap_2.o
    0x08001a24   0x00000024   Code   RO          462    i.pxPortInitialiseStack  port.o
    0x08001a48   0x00000080   Code   RO         1527    i.read16            tft_lcd.o
    0x08001ac8   0x00000028   Code   RO          411    i.uxListRemove      list.o
    0x08001af0   0x000000d0   Code   RO          192    i.vKeysTask         ui.o
    0x08001bc0   0x0000000c   Code   RO          193    i.vLCDTask          ui.o
    0x08001bcc   0x0000001a   Code   RO          412    i.vListInitialise   list.o
    0x08001be6   0x00000006   Code   RO          413    i.vListInitialiseItem  list.o
    0x08001bec   0x00000034   Code   RO          414    i.vListInsert       list.o
    0x08001c20   0x00000018   Code   RO          415    i.vListInsertEnd    list.o
    0x08001c38   0x00000024   Code   RO          464    i.vPortEnterCritical  port.o
    0x08001c5c   0x00000020   Code   RO          465    i.vPortExitCritical  port.o
    0x08001c7c   0x00000040   Code   RO         1211    i.vPortFree         heap_2.o
    0x08001cbc   0x00000014   Code   RO          466    i.vPortSetupTimerInterrupt  port.o
    0x08001cd0   0x0000002c   Code   RO          554    i.vQueueAddToRegistry  queue.o
    0x08001cfc   0x0000004a   Code   RO          558    i.vQueueWaitForMessageRestricted  queue.o
    0x08001d46   0x00000002   PAD
    0x08001d48   0x0000000c   Code   RO          748    i.vTaskMissedYield  tasks.o
    0x08001d54   0x00000020   Code   RO          750    i.vTaskPlaceOnEventList  tasks.o
    0x08001d74   0x00000028   Code   RO          751    i.vTaskPlaceOnEventListRestricted  tasks.o
    0x08001d9c   0x00000078   Code   RO          754    i.vTaskResume       tasks.o
    0x08001e14   0x00000018   Code   RO          757    i.vTaskSetTimeOutState  tasks.o
    0x08001e2c   0x00000070   Code   RO          758    i.vTaskStartScheduler  tasks.o
    0x08001e9c   0x000000bc   Code   RO          759    i.vTaskSuspend      tasks.o
    0x08001f58   0x00000010   Code   RO          760    i.vTaskSuspendAll   tasks.o
    0x08001f68   0x00000060   Code   RO          761    i.vTaskSwitchContext  tasks.o
    0x08001fc8   0x00000014   Code   RO         1528    i.write16           tft_lcd.o
    0x08001fdc   0x0000005c   Code   RO         1529    i.write8            tft_lcd.o
    0x08002038   0x00000034   Code   RO          467    i.xPortStartScheduler  port.o
    0x0800206c   0x00000038   Code   RO          559    i.xQueueGenericCreate  queue.o
    0x080020a4   0x0000013c   Code   RO          560    i.xQueueGenericReceive  queue.o
    0x080021e0   0x00000080   Code   RO          561    i.xQueueGenericReset  queue.o
    0x08002260   0x00000118   Code   RO          562    i.xQueueGenericSend  queue.o
    0x08002378   0x00000086   Code   RO          563    i.xQueueGenericSendFromISR  queue.o
    0x080023fe   0x00000002   PAD
    0x08002400   0x0000005c   Code   RO          762    i.xTaskCheckForTimeOut  tasks.o
    0x0800245c   0x00000060   Code   RO          763    i.xTaskCreate       tasks.o
    0x080024bc   0x00000020   Code   RO          767    i.xTaskGetSchedulerState  tasks.o
    0x080024dc   0x0000000c   Code   RO          768    i.xTaskGetTickCount  tasks.o
    0x080024e8   0x0000011c   Code   RO          770    i.xTaskIncrementTick  tasks.o
    0x08002604   0x00000080   Code   RO          773    i.xTaskRemoveFromEventList  tasks.o
    0x08002684   0x000000e8   Code   RO          775    i.xTaskResumeAll    tasks.o
    0x0800276c   0x00000030   Code   RO         1091    i.xTimerCreate      timers.o
    0x0800279c   0x0000003c   Code   RO         1092    i.xTimerCreateTimerTask  timers.o
    0x080027d8   0x0000006c   Code   RO         1093    i.xTimerGenericCommand  timers.o
    0x08002844   0x00000598   Data   RO         1531    .constdata          tft_lcd.o
    0x08002ddc   0x00000020   Data   RO         3281    Region$$Table       anon$$obj.o


    Execution Region RW_IRAM1 (Base: 0x20000000, Size: 0x00003250, Max: 0x00005000, ABSOLUTE, COMPRESSED[0x00000038])

    Base Addr    Size         Type   Attr      Idx    E Section Name        Object

    0x20000000   0x00000004   Data   RW            8    .data               main.o
    0x20000004   0x000000d0   Data   RW          196    .data               ui.o
    0x200000d4   0x00000004   Data   RW          468    .data               port.o
    0x200000d8   0x0000003c   Data   RW          778    .data               tasks.o
    0x20000114   0x00000014   Data   RW         1099    .data               timers.o
    0x20000128   0x00000018   Data   RW         1215    .data               heap_2.o
    0x20000140   0x00000025   Data   RW         1532    .data               tft_lcd.o
    0x20000165   0x00000003   PAD
    0x20000168   0x00000040   Zero   RW          194    .bss                ui.o
    0x200001a8   0x00000050   Zero   RW          569    .bss                queue.o
    0x200001f8   0x000000c8   Zero   RW          777    .bss                tasks.o
    0x200002c0   0x00000028   Zero   RW         1098    .bss                timers.o
    0x200002e8   0x00002800   Zero   RW         1214    .bss                heap_2.o
    0x20002ae8   0x00000106   Zero   RW         1530    .bss                tft_lcd.o
    0x20002bee   0x00000002   PAD
    0x20002bf0   0x00000060   Zero   RW         3155    .bss                c_w.l(libspace.o)
    0x20002c50   0x00000200   Zero   RW         1640    HEAP                startup_stm32f10x_md.o
    0x20002e50   0x00000400   Zero   RW         1639    STACK               startup_stm32f10x_md.o


==============================================================================

Image component sizes


      Code (inc. data)   RO Data    RW Data    ZI Data      Debug   Object Name

        34          0          0          0          0       1536   adafruit_gfx.o
         0          0          0          0          0       9228   event_groups.o
        88         10          0          0          0       1111   gpio_stm32f10x.o
       304         40          0         24      10240       3139   heap_2.o
       148          0          0          0          0       2742   list.o
       200         32          0          4          0     228528   main.o
        40          0          0          0          0        554   misc.o
       400         50          0          4          0       8164   port.o
      1404         20          0          0         80      11137   queue.o
        64         26        236          0       1536        788   startup_stm32f10x_md.o
       478         28          0          0          0       2754   stm32f10x_gpio.o
       428         72          0          0          0       7014   stm32f10x_rcc.o
       328         28          0          0          0       1861   system_stm32f10x.o
      2392        378          0         60        200      25644   tasks.o
      1294         84       1432         37        262       9931   tft_lcd.o
      1072        114          0         20         40       9130   timers.o
       638         82          0        208         64      11749   ui.o

    ----------------------------------------------------------------------
      9330        964       1700        360      12424     335010   Object Totals
         0          0         32          0          0          0   (incl. Generated)
        18          0          0          3          2          0   (incl. Padding)

    ----------------------------------------------------------------------

      Code (inc. data)   RO Data    RW Data    ZI Data      Debug   Library Member Name

        90          0          0          0          0          0   __dczerorl2.o
         8          0          0          0          0         68   __main.o
         0          0          0          0          0          0   __rtentry.o
        12          0          0          0          0          0   __rtentry2.o
         6          0          0          0          0          0   __rtentry4.o
        52          8          0          0          0          0   __scatter.o
        28          0          0          0          0          0   __scatter_zi.o
        16          0          0          0          0         68   aeabi_memset.o
        18          0          0          0          0         80   exit.o
         6          0          0          0          0        152   heapauxi.o
         0          0          0          0          0          0   indicate_semi.o
         2          0          0          0          0          0   libinit.o
         2          0          0          0          0          0   libinit2.o
         2          0          0          0          0          0   libshutdown.o
         2          0          0          0          0          0   libshutdown2.o
         8          4          0          0         96         68   libspace.o
        68          0          0          0          0         68   rt_memclr.o
        78          0          0          0          0         80   rt_memclr_w.o
       138          0          0          0          0         68   rt_memcpy_v6.o
       100          0          0          0          0         80   rt_memcpy_w.o
         2          0          0          0          0          0   rtexit.o
        10          0          0          0          0          0   rtexit2.o
        12          4          0          0          0         68   sys_exit.o
        74          0          0          0          0         80   sys_stackheap_outer.o
         2          0          0          0          0         68   use_no_semi.o

    ----------------------------------------------------------------------
       742         16          0          0         96        948   Library Totals
         6          0          0          0          0          0   (incl. Padding)

    ----------------------------------------------------------------------

      Code (inc. data)   RO Data    RW Data    ZI Data      Debug   Library Name

       736         16          0          0         96        948   c_w.l

    ----------------------------------------------------------------------
       742         16          0          0         96        948   Library Totals

    ----------------------------------------------------------------------

==============================================================================


      Code (inc. data)   RO Data    RW Data    ZI Data      Debug   

     10072        980       1700        360      12520     329766   Grand Totals
     10072        980       1700         56      12520     329766   ELF Image Totals (compressed)
     10072        980       1700         56          0          0   ROM Totals

==============================================================================

    Total RO  Size (Code + RO Data)                11772 (  11.50kB)
    Total RW  Size (RW Data + ZI Data)             12880 (  12.58kB)
    Total ROM Size (Code + RO Data + RW Data)      11828 (  11.55kB)

==============================================================================

